10-19 17:06:06.981     0     0 D [    7.070421@2] LibBpfLoader:  
10-19 17:06:06.981     0     0 D [    7.070464@2] LibBpfLoader: applying relo to instruction at byte offset: 120, 	       insn offset 15 , insn 118
10-19 17:06:06.981     0     0 D [    7.070467@2] LibBpfLoader:  
10-19 17:06:06.981     0     0 D [    7.070510@2] LibBpfLoader: applying relo to instruction at byte offset: 200, 	       insn offset 25 , insn 118
10-19 17:06:06.981     0     0 D [    7.070513@2] LibBpfLoader:  
10-19 17:06:06.981     0     0 D [    7.070557@2] LibBpfLoader: applying relo to instruction at byte offset: 48, 	       insn offset 6 , insn 118
10-19 17:06:06.981     0     0 D [    7.070559@2] LibBpfLoader:  
10-19 17:06:06.981     0     0 D [    7.070602@2] LibBpfLoader: applying relo to instruction at byte offset: 200, 	       insn offset 25 , insn 118
10-19 17:06:06.981     0     0 D [    7.070605@2] LibBpfLoader:  
10-19 17:06:06.981     0     0 D [    7.070647@2] LibBpfLoader: applying relo to instruction at byte offset: 336, 	       insn offset 42 , insn 118
10-19 17:06:06.981     0     0 D [    7.070650@2] LibBpfLoader:  
10-19 17:06:06.981     0     0 D [    7.070693@2] LibBpfLoader: applying relo to instruction at byte offset: 472, 	       insn offset 59 , insn 118
10-19 17:06:06.981     0     0 D [    7.070697@2] LibBpfLoader:  
10-19 17:06:06.981     0     0 D [    7.070739@2] LibBpfLoader: applying relo to instruction at byte offset: 608, 	       insn offset 76 , insn 118
10-19 17:06:06.981     0     0 D [    7.070742@2] LibBpfLoader:  
10-19 17:06:06.981     0     0 D [    7.070785@2] LibBpfLoader: applying relo to instruction at byte offset: 744, 	       insn offset 93 , insn 118
10-19 17:06:06.981     0     0 D [    7.070788@2] LibBpfLoader:  
10-19 17:06:06.981     0     0 D [    7.070830@2] LibBpfLoader: applying relo to instruction at byte offset: 880, 	       insn offset 110 , insn 118
10-19 17:06:06.981     0     0 D [    7.070833@2] LibBpfLoader:  
10-19 17:06:06.981     0     0 D [    7.070875@2] LibBpfLoader: applying relo to instruction at byte offset: 1016, 	       insn offset 127 , insn 118
10-19 17:06:06.981     0     0 D [    7.070878@2] LibBpfLoader:  
10-19 17:06:06.981     0     0 D [    7.070921@2] LibBpfLoader: applying relo to instruction at byte offset: 1088, 	       insn offset 136 , insn 118
10-19 17:06:06.981     0     0 D [    7.070924@2] LibBpfLoader:  
10-19 17:06:06.981     0     0 D [    7.070966@2] LibBpfLoader: applying relo to instruction at byte offset: 1200, 	       insn offset 150 , insn 118
10-19 17:06:06.981     0     0 D [    7.070969@2] LibBpfLoader:  
10-19 17:06:06.981     0     0 D [    7.070992@2] LibBpfLoader: cs[0].name:tracepoint_sched_sched_switch min_kver:0 .max_kver:ffffffff (kvers:4090151)
10-19 17:06:06.981     0     0 D [    7.070998@2] LibBpfLoader: cs[0].name:tracepoint_sched_sched_switch requires bpfloader version [0x00000,0x10000)
10-19 17:06:06.981     0     0 D [    7.071626@2] LibBpfLoader: bpf_prog_load lib call for /system/etc/bpf/time_in_state.o (tracepoint_sched_sched_switch) returned fd: -1 (Invalid argument)
10-19 17:06:06.981     0     0 W [    7.071635@2] LibBpfLoader: bpf_prog_load - BEGIN log_buf contents:
10-19 17:06:06.981     0     0 W [    7.071639@2] LibBpfLoader:  
10-19 17:06:06.981     0     0 W [    7.071642@2] LibBpfLoader: bpf_prog_load - END log_buf contents.
10-19 17:06:06.981     0     0 E [    7.071645@2] LibBpfLoader: non-optional program failed to load.
10-19 17:06:06.981     0     0 E [    7.073668@2] LibBpfLoader: Failed to load programs, loadCodeSections ret=-1
10-19 17:06:06.997     0     0 E [    7.080663@2] bpfloader: Failed to load object: /system/etc/bpf/time_in_state.o, ret: Operation not permitted
10-19 17:06:06.998     0     0 D [    7.090992@2] LibBpfLoader: Loading optional ELF object /system/etc/bpf/gpu_mem.o with license Apache 2.0
10-19 17:06:06.998     0     0 I [    7.091033@2] LibBpfLoader: Section bpfloader_min_ver value is 0 [0x0]
10-19 17:06:06.998     0     0 I [    7.091072@2] LibBpfLoader: Section bpfloader_max_ver value is 65536 [0x10000]
10-19 17:06:06.998     0     0 I [    7.091109@2] LibBpfLoader: Section size_of_bpf_map_def value is 116 [0x74]
10-19 17:06:06.998     0     0 I [    7.091147@2] LibBpfLoader: Section size_of_bpf_prog_def value is 92 [0x5c]
10-19 17:06:06.998     0     0 I [    7.091152@2] LibBpfLoader: BpfLoader version 0x00013 processing ELF object /system/etc/bpf/gpu_mem.o with ver [0x00000,0x10000)
10-19 17:06:06.998     0     0 D [    7.091385@2] LibBpfLoader: Loaded code section 3 (tracepoint_gpu_mem_gpu_mem_total)
10-19 17:06:06.998     0     0 D [    7.091487@2] LibBpfLoader: Loaded relo section 3 (.reltracepoint/gpu_mem/gpu_mem_total)
10-19 17:06:06.998     0     0 D [    7.091496@2] LibBpfLoader: Adding section 3 to cs list
10-19 17:06:07.002     0     0 D [    7.091907@2] LibBpfLoader: Couldn't find section btf_min_bpfloader_ver (defaulting to 0 [0x0]).
10-19 17:06:07.002     0     0 D [    7.091942@2] LibBpfLoader: Couldn't find section btf_min_kernel_ver (defaulting to 0 [0x0]).
10-19 17:06:07.018     0     0 D [    7.104797@2] LibBpfLoader: bpf_create_map name gpu_mem_total_map, ret: 6
10-19 17:06:07.018     0     0 E [    7.104850@2] LibBpfLoader: bpf_obj_get_info_by_fd failed, ret: -1 [22]
10-19 17:06:07.018     0     0 D [    7.105842@2] LibBpfLoader: map_fd found at 0 is 6 in /system/etc/bpf/gpu_mem.o
10-19 17:06:07.018     0     0 D [    7.106009@2] LibBpfLoader: applying relo to instruction at byte offset: 80, 	       insn offset 10 , insn 118
10-19 17:06:07.018     0     0 D [    7.106012@2] LibBpfLoader:  
10-19 17:06:07.018     0     0 D [    7.106059@2] LibBpfLoader: applying relo to instruction at byte offset: 128, 	       insn offset 16 , insn 118
10-19 17:06:07.018     0     0 D [    7.106062@2] LibBpfLoader:  
10-19 17:06:07.018     0     0 D [    7.106107@2] LibBpfLoader: applying relo to instruction at byte offset: 208, 	       insn offset 26 , insn 118
10-19 17:06:07.018     0     0 D [    7.106110@2] LibBpfLoader:  
10-19 17:06:07.018     0     0 D [    7.106122@2] LibBpfLoader: cs[0].name:tracepoint_gpu_mem_gpu_mem_total min_kver:0 .max_kver:ffffffff (kvers:4090151)
10-19 17:06:07.018     0     0 D [    7.106128@2] LibBpfLoader: cs[0].name:tracepoint_gpu_mem_gpu_mem_total requires bpfloader version [0x00000,0x10000)
10-19 17:06:07.018     0     0 D [    7.106753@2] LibBpfLoader: bpf_prog_load lib call for /system/etc/bpf/gpu_mem.o (tracepoint_gpu_mem_gpu_mem_total) returned fd: -1 (Invalid argument)
10-19 17:06:07.018     0     0 W [    7.106763@2] LibBpfLoader: bpf_prog_load - BEGIN log_buf contents:
10-19 17:06:07.018     0     0 W [    7.106767@2] LibBpfLoader:  
10-19 17:06:07.018     0     0 W [    7.106770@2] LibBpfLoader: bpf_prog_load - END log_buf contents.
10-19 17:06:07.018     0     0 E [    7.106773@2] LibBpfLoader: non-optional program failed to load.
10-19 17:06:07.034     0     0 E [    7.111992@2] LibBpfLoader: Failed to load programs, loadCodeSections ret=-1
10-19 17:06:07.034     0     0 E [    7.118886@2] bpfloader: Failed to load object: /system/etc/bpf/gpu_mem.o, ret: Operation not permitted
10-19 17:06:07.038     0     0 D [    7.128748@2] LibBpfLoader: Loading optional ELF object /system/etc/bpf/fuse_media.o with license GPL
10-19 17:06:07.038     0     0 I [    7.128790@2] LibBpfLoader: Section bpfloader_min_ver value is 0 [0x0]
10-19 17:06:07.038     0     0 I [    7.128829@2] LibBpfLoader: Section bpfloader_max_ver value is 65536 [0x10000]
10-19 17:06:07.038     0     0 I [    7.128868@2] LibBpfLoader: Section size_of_bpf_map_def value is 116 [0x74]
10-19 17:06:07.038     0     0 I [    7.128906@2] LibBpfLoader: Section size_of_bpf_prog_def value is 92 [0x5c]
10-19 17:06:07.038     0     0 I [    7.128912@2] LibBpfLoader: BpfLoader version 0x00013 processing ELF object /system/etc/bpf/fuse_media.o with ver [0x00000,0x10000)
10-19 17:06:07.038     0     0 W [    7.129656@2] LibBpfLoader: No maps section could be found in elf object
10-19 17:06:07.038     0     0 I [    7.129694@2] bpfloader: Loaded object: /system/etc/bpf/fuse_media.o
10-19 17:06:07.216     0     0 I [    7.304322@5] unifykey: amlkey_init_gen() enter!
10-19 17:06:07.216     0     0 E [    7.304327@5] unifykey: store_key_read is NULL
10-19 17:06:07.216     0     0 E [    7.304350@5] unifykey: check whether emmc_key/nand_key driver is enabled
10-19 17:06:07.216     0     0 E [    7.309983@5] unifykey: key_unify_init:396,normal device ini fail
10-19 17:06:07.226     0     0 E [    7.318409@4] vfm_map_store.part.1: rm default
10-19 17:06:07.230     0     0 E [    7.320845@5] vfm_map_store.part.1: add default decoder ppmgr deinterlace amvideo
10-19 17:06:07.230     0     0 I [    7.321102@4] VID: VD1 off
10-19 17:06:07.230     0     0 I [    7.321721@4] hdmitx: system: set hdcp_pwr 1
10-19 17:06:07.245     0     0 I         : [    7.338091@1] file system registered
10-19 17:06:07.254     0     0 I         : [    7.343953@3] assign_ffs_buffer FFS_BUFFER_MAX=100!!!
10-19 17:06:07.258     0     0 W [    7.351682@2] healthd: No battery devices found
10-19 17:06:07.262     0     0 W [    7.354633@4] healthd: battery none chg=
10-19 17:06:07.262     0     0 I         : [    7.355542@3] assign_ffs_buffer FFS_BUFFER_MAX=100!!!
10-19 17:06:07.274     0     0 I [    7.363872@4] hdmitx: system: restore hdcp_pwr 0
10-19 17:06:07.274     0     0 I         : [    7.366079@3] assign_ffs_buffer FFS_BUFFER_MAX=100!!!
10-19 17:06:07.289     0     0 I [    7.380916@5] cpufreq_interactive: cpufreq_hmp_boost_start.part.8()
10-19 17:06:07.289     0     0 I [    7.380922@5] cpufreq_interactive: hmp boost cpu:0 cluster:1
10-19 17:06:07.289     0     0 I [    7.380924@5] cpufreq_interactive: hmp boost cpu:1 cluster:1
10-19 17:06:07.289     0     0 I [    7.380925@5] cpufreq_interactive: hmp boost cpu:2 cluster:0
10-19 17:06:07.289     0     0 I [    7.380927@5] cpufreq_interactive: hmp boost cpu:3 cluster:0
10-19 17:06:07.289     0     0 I [    7.380928@5] cpufreq_interactive: hmp boost cpu:4 cluster:0
10-19 17:06:07.289     0     0 I [    7.380930@5] cpufreq_interactive: hmp boost cpu:5 cluster:0
10-19 17:06:07.370     0     0 I [    7.462055@3] vout: vout_io_open
10-19 17:06:07.389  3253  3253 I gsid    : no DSU: No such file or directory
10-19 17:06:07.512     0     0 I         : [    7.604829@5] [DI] load 0x3e00 pq table len 424 later.
10-19 17:06:07.512     0     0 I [    7.605140@0] fb: malloc_osd_memory, cma:ffffff800a9c3fe0
10-19 17:06:07.512     0     0 I [    7.605154@0] fb: malloc_osd_memory, 1219, base:0x000000003d800000, size:8388608
10-19 17:06:07.512     0     0 I [    7.605251@0] fb: use ion buffer for fb memory, fb_index=0
10-19 17:06:07.512     0     0 I [    7.605260@0] fb: OSD0 as afbcd mode,afbc_type=2
10-19 17:06:07.558     0     0 F         : [    7.640739@0] meson-fb meson-fb: create ion_client ffffffc0b63a3a80, handle=ffffffc09eef8980
10-19 17:06:07.558     0     0 F         : [    7.643548@0] meson-fb meson-fb: ion memory(0): created fb at 0x00000000e5800000, size 75 MiB
10-19 17:06:07.558     0     0 I [    7.652074@0] fb: 0, phy: 0x00000000e5800000, vir:0xffffff800ba13000, size=77312K
10-19 17:06:07.558     0     0 I         : [    7.652074@0]
10-19 17:06:07.558     0     0 I [    7.652078@0] fb: Frame buffer memory assigned at
10-19 17:06:07.558     0     0 I [    7.652082@0] fb: 0, phy: 0x00000000e5800000, vir:0xffffff800ba13000, size=77312K
10-19 17:06:07.558     0     0 I         : [    7.652082@0]
10-19 17:06:07.558     0     0 I [    7.652087@0] fb: 0, phy: 0x00000000e5800000, vir:0xffffff800ba13000, size=77312K
10-19 17:06:07.558     0     0 I         : [    7.652087@0]
10-19 17:06:07.558     0     0 I [    7.652097@0] fb: logo_index=0,fb_index=0
10-19 17:06:07.558     0     0 I [    7.652104@0] fb: ---------------clear fb0 memory ffffff800ba13000
10-19 17:06:07.574     0     0 I [    7.666094@0] fb: osd[0] canvas.idx =0x40
10-19 17:06:07.574     0     0 I [    7.666102@0] fb: osd[0] canvas.addr=0xe5800000
10-19 17:06:07.574     0     0 I [    7.666105@0] fb: osd[0] canvas.width=7680
10-19 17:06:07.574     0     0 I [    7.666109@0] fb: osd[0] canvas.height=2160
10-19 17:06:07.574     0     0 I [    7.666112@0] fb: osd[0] frame.width=1920
10-19 17:06:07.574     0     0 I [    7.666115@0] fb: osd[0] frame.height=1080
10-19 17:06:07.574     0     0 I [    7.666119@0] fb: osd[0] out_addr_id =0x1
10-19 17:06:07.578     0     0 I [    7.671612@0] fb: malloc_osd_memory, cma:ffffff800a9c3fe0
10-19 17:06:07.578     0     0 I [    7.671625@0] fb: malloc_osd_memory, 1219, base:0x000000003d800000, size:8388608
10-19 17:06:07.578     0     0 I [    7.671629@0] fb: use ion buffer for fb memory, fb_index=1
10-19 17:06:07.578     0     0 I [    7.671633@0] fb: OSD1 as afbcd mode,afbc_type=2
10-19 17:06:07.590     0     0 F         : [    7.672392@0] meson-fb meson-fb: create ion_client ffffffc0b63a3a80, handle=ffffffc09eef8840
10-19 17:06:07.590     0     0 F         : [    7.675205@0] meson-fb meson-fb: ion memory(1): created fb at 0x00000000ea400000, size 1 MiB
10-19 17:06:07.590     0     0 I [    7.683632@0] fb: 1, phy: 0x00000000ea400000, vir:0xffffff8010594000, size=1024K
10-19 17:06:07.590     0     0 I         : [    7.683632@0]
10-19 17:06:07.590     0     0 I [    7.683636@0] fb: Frame buffer memory assigned at
10-19 17:06:07.590     0     0 I [    7.683641@0] fb: 1, phy: 0x00000000ea400000, vir:0xffffff8010594000, size=1024K
10-19 17:06:07.590     0     0 I         : [    7.683641@0]
10-19 17:06:07.590     0     0 I [    7.683645@0] fb: 1, phy: 0x00000000ea400000, vir:0xffffff8010594000, size=1024K
10-19 17:06:07.590     0     0 I         : [    7.683645@0]
10-19 17:06:07.590     0     0 I [    7.683649@0] fb: logo_index=0,fb_index=1
10-19 17:06:07.590     0     0 I [    7.683653@0] fb: ---------------clear fb1 memory ffffff8010594000
10-19 17:06:07.594     0     0 I [    7.683814@0] fb: osd[1] canvas.idx =0x43
10-19 17:06:07.594     0     0 I [    7.683828@0] fb: osd[1] canvas.addr=0xea400000
10-19 17:06:07.594     0     0 I [    7.683831@0] fb: osd[1] canvas.width=128
10-19 17:06:07.594     0     0 I [    7.683835@0] fb: osd[1] canvas.height=32
10-19 17:06:07.594     0     0 I [    7.683838@0] fb: osd[1] frame.width=32
10-19 17:06:07.594     0     0 I [    7.683841@0] fb: osd[1] frame.height=32
10-19 17:06:07.594     0     0 I [    7.683845@0] fb: osd[1] out_addr_id =0x2
10-19 17:06:07.598     0     0 I [    7.688302@0] fb: malloc_osd_memory, cma:ffffff800a9c3fe0
10-19 17:06:07.598     0     0 I [    7.688317@0] fb: malloc_osd_memory, 1219, base:0x000000003d800000, size:8388608
10-19 17:06:07.598     0     0 I [    7.688320@0] fb: use ion buffer for fb memory, fb_index=2
10-19 17:06:07.598     0     0 I [    7.688324@0] fb: OSD2 as afbcd mode,afbc_type=2
10-19 17:06:07.598     0     0 F         : [    7.688917@0] meson-fb meson-fb: create ion_client ffffffc0b63a3a80, handle=ffffffc09eef8c40
10-19 17:06:07.598     0     0 F         : [    7.692044@0] meson-fb meson-fb: ion memory(2): created fb at 0x00000000ea500000, size 1 MiB
10-19 17:06:07.611     0     0 I [    7.700420@0] fb: 2, phy: 0x00000000ea500000, vir:0xffffff8010695000, size=1024K
10-19 17:06:07.611     0     0 I         : [    7.700420@0]
10-19 17:06:07.611     0     0 I [    7.700424@0] fb: Frame buffer memory assigned at
10-19 17:06:07.611     0     0 I [    7.700428@0] fb: 2, phy: 0x00000000ea500000, vir:0xffffff8010695000, size=1024K
10-19 17:06:07.611     0     0 I         : [    7.700428@0]
10-19 17:06:07.611     0     0 I [    7.700432@0] fb: 2, phy: 0x00000000ea500000, vir:0xffffff8010695000, size=1024K
10-19 17:06:07.611     0     0 I         : [    7.700432@0]
10-19 17:06:07.611     0     0 I [    7.700443@0] fb: logo_index=0,fb_index=2
10-19 17:06:07.611     0     0 I [    7.700447@0] fb: ---------------clear fb2 memory ffffff8010695000
10-19 17:06:07.611     0     0 I [    7.700600@0] fb: osd[2] canvas.idx =0x41
10-19 17:06:07.611     0     0 I [    7.700604@0] fb: osd[2] canvas.addr=0xea500000
10-19 17:06:07.611     0     0 I [    7.700607@0] fb: osd[2] canvas.width=128
10-19 17:06:07.611     0     0 I [    7.700611@0] fb: osd[2] canvas.height=32
10-19 17:06:07.611     0     0 I [    7.700614@0] fb: osd[2] frame.width=32
10-19 17:06:07.611     0     0 I [    7.700618@0] fb: osd[2] frame.height=32
10-19 17:06:07.611     0     0 I [    7.700621@0] fb: osd[2] out_addr_id =0x3
10-19 17:06:07.614     0     0 I [    7.705071@0] fb: vpu clkc clock is 199 MHZ
10-19 17:06:07.614     0     0 I [    7.705105@0] fb: malloc_osd_memory, cma:ffffff800a9c3fe0
10-19 17:06:07.614     0     0 I [    7.705114@0] fb: malloc_osd_memory, 1219, base:0x000000003d800000, size:8388608
10-19 17:06:07.614     0     0 I [    7.705118@0] fb: use ion buffer for fb memory, fb_index=3
10-19 17:06:07.614     0     0 I [    7.705122@0] fb: OSD3 as afbcd mode,afbc_type=2
10-19 17:06:07.626     0     0 F         : [    7.708266@0] meson-fb meson-fb: create ion_client ffffffc0b63a3a80, handle=ffffffc09eef85c0
10-19 17:06:07.626     0     0 F         : [    7.711076@0] meson-fb meson-fb: ion memory(3): created fb at 0x00000000ea600000, size 8 MiB
10-19 17:06:07.626     0     0 I [    7.719563@0] fb: 3, phy: 0x00000000ea600000, vir:0xffffff8010796000, size=8192K
10-19 17:06:07.626     0     0 I         : [    7.719563@0]
10-19 17:06:07.626     0     0 I [    7.719567@0] fb: Frame buffer memory assigned at
10-19 17:06:07.626     0     0 I [    7.719572@0] fb: 3, phy: 0x00000000ea600000, vir:0xffffff8010796000, size=8192K
10-19 17:06:07.626     0     0 I         : [    7.719572@0]
10-19 17:06:07.626     0     0 I [    7.719576@0] fb: 3, phy: 0x00000000ea600000, vir:0xffffff8010796000, size=8192K
10-19 17:06:07.626     0     0 I         : [    7.719576@0]
10-19 17:06:07.626     0     0 I [    7.719580@0] fb: logo_index=0,fb_index=3
10-19 17:06:07.626     0     0 I [    7.719585@0] fb: ---------------clear fb3 memory ffffff8010796000
10-19 17:06:07.630     0     0 I [    7.720801@0] fb: osd[3] canvas.idx =0x42
10-19 17:06:07.630     0     0 I [    7.720807@0] fb: osd[3] canvas.addr=0xea600000
10-19 17:06:07.630     0     0 I [    7.720810@0] fb: osd[3] canvas.width=128
10-19 17:06:07.630     0     0 I [    7.720814@0] fb: osd[3] canvas.height=32
10-19 17:06:07.630     0     0 I [    7.720817@0] fb: osd[3] frame.width=32
10-19 17:06:07.630     0     0 I [    7.720820@0] fb: osd[3] frame.height=32
10-19 17:06:07.630     0     0 I [    7.720823@0] fb: osd[3] out_addr_id =0x4
10-19 17:06:07.634  3304  3304 I installd: installd firing up
10-19 17:06:07.658     0     0 I         : [    7.748672@0]
10-19 17:06:07.658     0     0 I         : [    7.748672@0] [amvideo..] saturation_post:0 hue_post:0 mab:1000000
10-19 17:06:07.678     0     0 I         : [    7.768377@2] read descriptors
10-19 17:06:07.678     0     0 I         : [    7.768388@2] read strings
10-19 17:06:07.771  3316  3316 I storaged: Unable to get AIDL health service, trying HIDL...
10-19 17:06:07.771  3227  3227 I android.hardware.wifi@1.0-service: Wifi Hal is booting up...
10-19 17:06:07.778  3316  3316 W storaged: health: invalid battery status
10-19 17:06:07.785  3227  3227 I HidlServiceManagement: Registered android.hardware.wifi@1.6::IWifi/default
10-19 17:06:07.815  3318  3318 I wificond: wificond is starting up...
10-19 17:06:07.821  3318  3318 I HidlServiceManagement: Registered android.system.wifi.keystore@1.0::IKeystore/default
10-19 17:06:08.054     0     0 I [    8.145149@1] vout: vout_io_open
10-19 17:06:08.054     0     0 I [    8.145169@1] vout: vout_ioctl: cmd_dir = 0x2, cmd_nr = 0x0
10-19 17:06:08.054     0     0 I [    8.145184@1] vout: vout_io_release
10-19 17:06:08.054     0     0 I [    8.146838@1] vout: vout_io_open
10-19 17:06:08.054     0     0 I [    8.146854@1] vout: vout_ioctl: cmd_dir = 0x2, cmd_nr = 0x0
10-19 17:06:08.054     0     0 I [    8.146868@1] vout: vout_io_release
10-19 17:06:08.426     0     0 W         : [    8.516676@4] avc open
10-19 17:06:08.426     0     0 W         : [    8.516681@4] amvenc_avc  check CMA pool success, max instance: 3.
10-19 17:06:08.426     0     0 W         : [    8.517600@4] allocating phys 0xcfc00000, size 20480k, wq:ffffffc0c39e4000.
10-19 17:06:08.426     0     0 W         : [    8.517605@4] amvenc_avc  memory config success, buff start:0xcfc00000, size is 0x1400000, wq:ffffffc0c39e4000.
10-19 17:06:08.426     0     0 W         : [    8.517691@4] avc release, wq:ffffffc0c39e4000
10-19 17:06:08.426     0     0 W         : [    8.517695@4] remove  encode_work_queue ffffffc0c39e4000 success, _destroy_encode_work_queue line 3786.
10-19 17:06:08.426     0     0 W         : [    8.517859@4] [+] vpu_open
10-19 17:06:08.426     0     0 W         : [    8.519760@4] allocating phys 0xcfc00000, virt addr 0x0, size 65536k
10-19 17:06:08.426     0     0 D         : [    8.520002@4] the vdec            clock on, ref cnt: 1
10-19 17:06:08.426     0     0 W         : [    8.520033@4] [-] vpu_open, ret: 0
10-19 17:06:08.426     0     0 W         : [    8.520064@4] vpu_release
10-19 17:06:08.426     0     0 W         : [    8.520065@4] vpu_free_buffers
10-19 17:06:08.426     0     0 W         : [    8.520067@4] vpu_free_instances
10-19 17:06:08.426     0     0 W         : [    8.520069@4] vpu_release, s_video_memory 0xcfc00000
10-19 17:06:08.430     0     0 D         : [    8.520662@4] the vdec            clock off, ref cnt: 0
10-19 17:06:08.538     0     0 I         : [    8.628245@5] aml_tdm_open
10-19 17:06:08.538     0     0 D [    8.628393@4] audio_ddr_mngr: toddrs[0] registered by device ff642000.audiobus:tdmb
10-19 17:06:08.538     0     0 E [    8.628405@4] ASoC: dummy <-> TDM-B No matching channels
10-19 17:06:08.538     0     0 D [    8.628491@4] audio_ddr_mngr: toddrs[0] released by device ff642000.audiobus:tdmb
10-19 17:06:08.538     0     0 I         : [    8.628611@4] aml_tdm_open
10-19 17:06:08.538     0     0 D [    8.628702@5] audio_ddr_mngr: toddrs[0] registered by device ff642000.audiobus:tdmc
10-19 17:06:08.538     0     0 D         : [    8.628853@5] tdm capture mute: 1
10-19 17:06:08.538     0     0 D [    8.628907@5] audio_ddr_mngr: toddrs[0] released by device ff642000.audiobus:tdmc
10-19 17:06:09.464  3411  3417 D BootAnimation: BootAnimationShownTiming start time: 9497ms
10-19 17:06:09.593  3199  3199 V Zygote32Timing: PostZygoteInitGC took to complete: 15ms
10-19 17:06:09.593  3199  3199 V Zygote32Timing: ZygoteInit took to complete: 36ms
10-19 17:06:09.691  3198  3198 V Zygote64Timing: BeginPreload took to complete: 111ms
10-19 17:06:10.976  3198  3198 V Zygote64Timing: PreloadClasses took to complete: 1285ms
10-19 17:06:10.985  3198  3198 V Zygote64Timing: CacheNonBootClasspathClassLoaders took to complete: 9ms
10-19 17:06:11.036  3198  3198 V Zygote64Timing: PreloadResources took to complete: 50ms
10-19 17:06:11.102  3198  3198 V Zygote64Timing: ZygotePreload took to complete: 1522ms
10-19 17:06:11.217  3198  3198 V Zygote64Timing: PostZygoteInitGC took to complete: 115ms
10-19 17:06:11.217  3198  3198 V Zygote64Timing: ZygoteInit took to complete: 1661ms
10-19 17:06:11.234     0     0 I [   11.323854@2] vout: aml_tvout_mode_work: monitor_timeout
10-19 17:06:12.157  3442  3442 D SystemServerTiming: InitBeforeStartServices
10-19 17:06:12.160  3442  3442 I SystemServer: Entered the Android system server!
10-19 17:06:12.440  3442  3442 I SystemServerInitThreadPool: Creating instance with 6 threads
10-19 17:06:12.804  3316  3316 E storaged: getService package_native failed
10-19 17:06:12.807  3316  3462 I storaged: storaged: Start
10-19 17:06:12.850  3442  3442 V SystemServerTiming: InitBeforeStartServices took to complete: 693ms
10-19 17:06:12.850  3442  3442 D SystemServerTiming: StartServices
10-19 17:06:12.850  3442  3442 D SystemServerTiming: startBootstrapServices
10-19 17:06:12.850  3442  3442 D SystemServerTiming: StartWatchdog
10-19 17:06:12.859  3442  3442 V SystemServerTiming: StartWatchdog took to complete: 8ms
10-19 17:06:12.859  3442  3442 I SystemServer: Reading configuration...
10-19 17:06:12.859  3442  3442 D SystemServerTiming: ReadingSystemConfig
10-19 17:06:12.860  3442  3442 V SystemServerTiming: ReadingSystemConfig took to complete: 0ms
10-19 17:06:12.860  3442  3442 D SystemServerTiming: PlatformCompat
10-19 17:06:12.860  3442  3471 D SystemServerTimingAsync: InitThreadPoolExec:ReadingSystemConfig
10-19 17:06:12.860  3442  3471 D SystemServerInitThreadPool: Started executing ReadingSystemConfig
10-19 17:06:12.862  3442  3442 D CompatConfig: Found a config file: /system/etc/compatconfig/services-platform-compat-config.xml
10-19 17:06:12.862  3442  3471 I SystemConfig: Reading permissions from /system/etc/sysconfig/preinstalled-packages-com.android.providers.media.module.xml
10-19 17:06:12.863  3442  3442 D CompatConfig: Adding: com.android.server.compat.config.Change@d010790
10-19 17:06:12.864  3442  3471 I SystemConfig: Reading permissions from /system/etc/sysconfig/hiddenapi-package-whitelist.xml
10-19 17:06:12.864  3442  3442 D CompatConfig: Adding: com.android.server.compat.config.Change@31e4889
10-19 17:06:12.864  3442  3442 D CompatConfig: Adding: com.android.server.compat.config.Change@f4d08e
10-19 17:06:12.864  3442  3442 D CompatConfig: Adding: com.android.server.compat.config.Change@b9c40af
10-19 17:06:12.864  3442  3442 D CompatConfig: Adding: com.android.server.compat.config.Change@3970cbc
10-19 17:06:12.864  3442  3442 D CompatConfig: Adding: com.android.server.compat.config.Change@299e445
10-19 17:06:12.864  3442  3442 D CompatConfig: Adding: com.android.server.compat.config.Change@171679a
10-19 17:06:12.864  3442  3442 D CompatConfig: Adding: com.android.server.compat.config.Change@5f638cb
10-19 17:06:12.864  3442  3442 D CompatConfig: Adding: com.android.server.compat.config.Change@72638a8
10-19 17:06:12.864  3442  3442 D CompatConfig: Adding: com.android.server.compat.config.Change@a797fc1
10-19 17:06:12.864  3442  3442 D CompatConfig: Adding: com.android.server.compat.config.Change@aee6366
10-19 17:06:12.864  3442  3442 D CompatConfig: Adding: com.android.server.compat.config.Change@ad96a7
10-19 17:06:12.864  3442  3442 D CompatConfig: Adding: com.android.server.compat.config.Change@9fa3754
10-19 17:06:12.864  3442  3442 D CompatConfig: Adding: com.android.server.compat.config.Change@b5d56fd
10-19 17:06:12.864  3442  3442 D CompatConfig: Adding: com.android.server.compat.config.Change@bed4ff2
10-19 17:06:12.864  3442  3442 D CompatConfig: Adding: com.android.server.compat.config.Change@992f643
10-19 17:06:12.864  3442  3442 D CompatConfig: Adding: com.android.server.compat.config.Change@56d74c0
10-19 17:06:12.864  3442  3442 D CompatConfig: Adding: com.android.server.compat.config.Change@5ad65f9
10-19 17:06:12.864  3442  3442 D CompatConfig: Adding: com.android.server.compat.config.Change@77c793e
10-19 17:06:12.864  3442  3442 D CompatConfig: Adding: com.android.server.compat.config.Change@e4b39f
10-19 17:06:12.864  3442  3442 D CompatConfig: Adding: com.android.server.compat.config.Change@c151cec
10-19 17:06:12.864  3442  3442 D CompatConfig: Adding: com.android.server.compat.config.Change@e5568b5
10-19 17:06:12.864  3442  3442 D CompatConfig: Adding: com.android.server.compat.config.Change@142eb4a
10-19 17:06:12.864  3442  3442 D CompatConfig: Adding: com.android.server.compat.config.Change@26aeabb
10-19 17:06:12.864  3442  3442 D CompatConfig: Adding: com.android.server.compat.config.Change@2ad1bd8
10-19 17:06:12.864  3442  3442 D CompatConfig: Adding: com.android.server.compat.config.Change@340db31
10-19 17:06:12.864  3442  3442 D CompatConfig: Adding: com.android.server.compat.config.Change@e4c7216
10-19 17:06:12.864  3442  3442 D CompatConfig: Adding: com.android.server.compat.config.Change@4537797
10-19 17:06:12.864  3442  3442 D CompatConfig: Adding: com.android.server.compat.config.Change@bc41d84
10-19 17:06:12.864  3442  3442 D CompatConfig: Adding: com.android.server.compat.config.Change@b96f96d
10-19 17:06:12.864  3442  3442 D CompatConfig: Adding: com.android.server.compat.config.Change@69599a2
10-19 17:06:12.864  3442  3442 D CompatConfig: Adding: com.android.server.compat.config.Change@7cdf633
10-19 17:06:12.864  3442  3442 D CompatConfig: Adding: com.android.server.compat.config.Change@2278df0
10-19 17:06:12.864  3442  3442 D CompatConfig: Adding: com.android.server.compat.config.Change@fb6bf69
10-19 17:06:12.864  3442  3442 D CompatConfig: Adding: com.android.server.compat.config.Change@357adee
10-19 17:06:12.864  3442  3442 D CompatConfig: Adding: com.android.server.compat.config.Change@767c28f
10-19 17:06:12.865  3442  3442 D CompatConfig: Adding: com.android.server.compat.config.Change@e0f991c
10-19 17:06:12.865  3442  3442 D CompatConfig: Adding: com.android.server.compat.config.Change@4f2e925
10-19 17:06:12.865  3442  3442 D CompatConfig: Adding: com.android.server.compat.config.Change@614bafa
10-19 17:06:12.865  3442  3442 D CompatConfig: Adding: com.android.server.compat.config.Change@f27f8ab
10-19 17:06:12.865  3442  3442 D CompatConfig: Adding: com.android.server.compat.config.Change@10b2b08
10-19 17:06:12.865  3442  3442 D CompatConfig: Adding: com.android.server.compat.config.Change@90df2a1
10-19 17:06:12.865  3442  3442 D CompatConfig: Adding: com.android.server.compat.config.Change@4638cc6
10-19 17:06:12.865  3442  3442 D CompatConfig: Adding: com.android.server.compat.config.Change@a6b7487
10-19 17:06:12.865  3442  3442 D CompatConfig: Adding: com.android.server.compat.config.Change@97617dd
10-19 17:06:12.865  3442  3442 D CompatConfig: Adding: com.android.server.compat.config.Change@47baf52
10-19 17:06:12.865  3442  3442 D CompatConfig: Adding: com.android.server.compat.config.Change@380d223
10-19 17:06:12.865  3442  3471 I SystemConfig: Reading permissions from /system/etc/sysconfig/framework-sysconfig.xml
10-19 17:06:12.865  3442  3442 D CompatConfig: Adding: com.android.server.compat.config.Change@7f25320
10-19 17:06:12.865  3442  3442 D CompatConfig: Adding: com.android.server.compat.config.Change@24154d9
10-19 17:06:12.865  3442  3442 D CompatConfig: Adding: com.android.server.compat.config.Change@6816e9e
10-19 17:06:12.865  3442  3442 D CompatConfig: Adding: com.android.server.compat.config.Change@1046d7f
10-19 17:06:12.865  3442  3442 D CompatConfig: Adding: com.android.server.compat.config.Change@779814c
10-19 17:06:12.865  3442  3442 D CompatConfig: Adding: com.android.server.compat.config.Change@e96595
10-19 17:06:12.865  3442  3442 D CompatConfig: Adding: com.android.server.compat.config.Change@691d6aa
10-19 17:06:12.865  3442  3442 D CompatConfig: Adding: com.android.server.compat.config.Change@cfc629b
10-19 17:06:12.865  3442  3442 D CompatConfig: Adding: com.android.server.compat.config.Change@c636638
10-19 17:06:12.865  3442  3442 D CompatConfig: Adding: com.android.server.compat.config.Change@6c7c611
10-19 17:06:12.865  3442  3442 D CompatConfig: Adding: com.android.server.compat.config.Change@38eb376
10-19 17:06:12.865  3442  3442 D CompatConfig: Adding: com.android.server.compat.config.Change@1b48d77
10-19 17:06:12.865  3442  3442 D CompatConfig: Adding: com.android.server.compat.config.Change@e04ade4
10-19 17:06:12.865  3442  3442 D CompatConfig: Adding: com.android.server.compat.config.Change@751b24d
10-19 17:06:12.865  3442  3442 D CompatConfig: Adding: com.android.server.compat.config.Change@6aa9102
10-19 17:06:12.865  3442  3442 D CompatConfig: Adding: com.android.server.compat.config.Change@85a8a13
10-19 17:06:12.865  3442  3442 D CompatConfig: Adding: com.android.server.compat.config.Change@250c450
10-19 17:06:12.865  3442  3442 D CompatConfig: Adding: com.android.server.compat.config.Change@e142649
10-19 17:06:12.866  3442  3471 I SystemConfig: Reading permissions from /system/etc/sysconfig/preinstalled-packages-platform-full-base.xml
10-19 17:06:12.866  3442  3442 D CompatConfig: Found a config file: /system/etc/compatconfig/calendar-provider-compat-config.xml
10-19 17:06:12.867  3442  3442 D CompatConfig: Adding: com.android.server.compat.config.Change@905d57c
10-19 17:06:12.867  3442  3442 D CompatConfig: Found a config file: /system/etc/compatconfig/contacts-provider-platform-compat-config.xml
10-19 17:06:12.868  3442  3471 I SystemConfig: Reading permissions from /system/etc/sysconfig/preinstalled-packages-platform.xml
10-19 17:06:12.868  3442  3442 D CompatConfig: Found a config file: /system/etc/compatconfig/icu4j-platform-compat-config.xml
10-19 17:06:12.869  3442  3442 D CompatConfig: Adding: com.android.server.compat.config.Change@f155581
10-19 17:06:12.869  3442  3471 I SystemConfig: Reading permissions from /system/etc/permissions/com.android.intentresolver.xml
10-19 17:06:12.870  3442  3442 D CompatConfig: Found a config file: /system/etc/compatconfig/TeleService-platform-compat-config.xml
10-19 17:06:12.870  3442  3471 I SystemConfig: Reading permissions from /system/etc/permissions/android.test.base.xml
10-19 17:06:12.871  3442  3442 D CompatConfig: Adding: com.android.server.compat.config.Change@be15814
10-19 17:06:12.871  3442  3442 D CompatConfig: Adding: com.android.server.compat.config.Change@b40c8bd
10-19 17:06:12.871  3442  3442 D CompatConfig: Adding: com.android.server.compat.config.Change@6ed3eb2
10-19 17:06:12.871  3442  3442 D CompatConfig: Adding: com.android.server.compat.config.Change@bca1e03
10-19 17:06:12.871  3442  3442 D CompatConfig: Adding: com.android.server.compat.config.Change@385e180
10-19 17:06:12.871  3442  3442 D CompatConfig: Adding: com.android.server.compat.config.Change@3b633b9
10-19 17:06:12.871  3442  3442 D CompatConfig: Found a config file: /system/etc/compatconfig/documents-ui-compat-config.xml
10-19 17:06:12.871  3442  3471 I SystemConfig: Reading permissions from /system/etc/permissions/com.android.future.usb.accessory.xml
10-19 17:06:12.872  3442  3442 D CompatConfig: Adding: com.android.server.compat.config.Change@62795ac
10-19 17:06:12.873  3442  3442 D CompatConfig: Found a config file: /system/etc/compatconfig/framework-platform-compat-config.xml
10-19 17:06:12.873  3442  3471 I SystemConfig: Reading permissions from /system/etc/permissions/org.apache.http.legacy.xml
10-19 17:06:12.874  3442  3471 I SystemConfig: Reading permissions from /system/etc/permissions/android.test.runner.xml
10-19 17:06:12.875  3442  3442 D CompatConfig: Adding: com.android.server.compat.config.Change@c5da0f1
10-19 17:06:12.875  3442  3471 I SystemConfig: Reading permissions from /system/etc/permissions/com.android.documentsui.xml
10-19 17:06:12.875  3442  3442 D CompatConfig: Adding: com.android.server.compat.config.Change@64d24d6
10-19 17:06:12.875  3442  3442 D CompatConfig: Adding: com.android.server.compat.config.Change@3961357
10-19 17:06:12.875  3442  3442 D CompatConfig: Adding: com.android.server.compat.config.Change@d14ee44
10-19 17:06:12.875  3442  3442 D CompatConfig: Adding: com.android.server.compat.config.Change@f1a5b2d
10-19 17:06:12.875  3442  3442 D CompatConfig: Adding: com.android.server.compat.config.Change@7ceb862
10-19 17:06:12.875  3442  3442 D CompatConfig: Adding: com.android.server.compat.config.Change@cfe8df3
10-19 17:06:12.875  3442  3442 D CompatConfig: Adding: com.android.server.compat.config.Change@494aab0
10-19 17:06:12.875  3442  3442 D CompatConfig: Adding: com.android.server.compat.config.Change@36e7d29
10-19 17:06:12.875  3442  3442 D CompatConfig: Adding: com.android.server.compat.config.Change@6e3f8ae
10-19 17:06:12.875  3442  3442 D CompatConfig: Adding: com.android.server.compat.config.Change@96a164f
10-19 17:06:12.875  3442  3442 D CompatConfig: Adding: com.android.server.compat.config.Change@511c1dc
10-19 17:06:12.875  3442  3442 D CompatConfig: Adding: com.android.server.compat.config.Change@dc8c2e5
10-19 17:06:12.875  3442  3442 D CompatConfig: Adding: com.android.server.compat.config.Change@bfaf1ba
10-19 17:06:12.875  3442  3442 D CompatConfig: Adding: com.android.server.compat.config.Change@f5bc86b
10-19 17:06:12.875  3442  3442 D CompatConfig: Adding: com.android.server.compat.config.Change@ee71fc8
10-19 17:06:12.875  3442  3442 D CompatConfig: Adding: com.android.server.compat.config.Change@c7a861
10-19 17:06:12.876  3442  3442 D CompatConfig: Adding: com.android.server.compat.config.Change@6566f86
10-19 17:06:12.876  3442  3442 D CompatConfig: Adding: com.android.server.compat.config.Change@6c8047
10-19 17:06:12.876  3442  3442 D CompatConfig: Adding: com.android.server.compat.config.Change@b327074
10-19 17:06:12.876  3442  3442 D CompatConfig: Adding: com.android.server.compat.config.Change@75699d
10-19 17:06:12.876  3442  3442 D CompatConfig: Adding: com.android.server.compat.config.Change@499fe12
10-19 17:06:12.876  3442  3442 D CompatConfig: Adding: com.android.server.compat.config.Change@4e6d9e3
10-19 17:06:12.876  3442  3442 D CompatConfig: Adding: com.android.server.compat.config.Change@5401fe0
10-19 17:06:12.876  3442  3442 D CompatConfig: Adding: com.android.server.compat.config.Change@d440299
10-19 17:06:12.876  3442  3442 D CompatConfig: Adding: com.android.server.compat.config.Change@a15e95e
10-19 17:06:12.876  3442  3442 D CompatConfig: Adding: com.android.server.compat.config.Change@523313f
10-19 17:06:12.876  3442  3442 D CompatConfig: Adding: com.android.server.compat.config.Change@eb75a0c
10-19 17:06:12.876  3442  3442 D CompatConfig: Adding: com.android.server.compat.config.Change@2c92f55
10-19 17:06:12.876  3442  3442 D CompatConfig: Adding: com.android.server.compat.config.Change@cd33d6a
10-19 17:06:12.876  3442  3442 D CompatConfig: Adding: com.android.server.compat.config.Change@ca3a25b
10-19 17:06:12.876  3442  3442 D CompatConfig: Adding: com.android.server.compat.config.Change@a860af8
10-19 17:06:12.876  3442  3442 D CompatConfig: Adding: com.android.server.compat.config.Change@63a6bd1
10-19 17:06:12.876  3442  3442 D CompatConfig: Adding: com.android.server.compat.config.Change@85fc636
10-19 17:06:12.876  3442  3442 D CompatConfig: Adding: com.android.server.compat.config.Change@2f00937
10-19 17:06:12.876  3442  3442 D CompatConfig: Adding: com.android.server.compat.config.Change@a8cdea4
10-19 17:06:12.876  3442  3442 D CompatConfig: Adding: com.android.server.compat.config.Change@a8f40d
10-19 17:06:12.876  3442  3442 D CompatConfig: Adding: com.android.server.compat.config.Change@15a0fc2
10-19 17:06:12.876  3442  3442 D CompatConfig: Adding: com.android.server.compat.config.Change@63201d3
10-19 17:06:12.876  3442  3442 D CompatConfig: Adding: com.android.server.compat.config.Change@c0b4110
10-19 17:06:12.876  3442  3442 D CompatConfig: Adding: com.android.server.compat.config.Change@fdc409
10-19 17:06:12.876  3442  3442 D CompatConfig: Adding: com.android.server.compat.config.Change@5bd660e
10-19 17:06:12.876  3442  3442 D CompatConfig: Adding: com.android.server.compat.config.Change@390e82f
10-19 17:06:12.876  3442  3442 D CompatConfig: Adding: com.android.server.compat.config.Change@ecb5e3c
10-19 17:06:12.876  3442  3442 D CompatConfig: Adding: com.android.server.compat.config.Change@1b597c5
10-19 17:06:12.876  3442  3442 D CompatConfig: Adding: com.android.server.compat.config.Change@5edd51a
10-19 17:06:12.876  3442  3442 D CompatConfig: Adding: com.android.server.compat.config.Change@94dd84b
10-19 17:06:12.876  3442  3442 D CompatConfig: Adding: com.android.server.compat.config.Change@e5ceb41
10-19 17:06:12.876  3442  3442 D CompatConfig: Adding: com.android.server.compat.config.Change@28428e6
10-19 17:06:12.876  3442  3442 D CompatConfig: Adding: com.android.server.compat.config.Change@e9fae27
10-19 17:06:12.876  3442  3471 I SystemConfig: Reading permissions from /system/etc/permissions/android.test.mock.xml
10-19 17:06:12.876  3442  3442 D CompatConfig: Adding: com.android.server.compat.config.Change@a3738d4
10-19 17:06:12.876  3442  3442 D CompatConfig: Adding: com.android.server.compat.config.Change@4cbfa7d
10-19 17:06:12.876  3442  3442 D CompatConfig: Adding: com.android.server.compat.config.Change@ad9ed72
10-19 17:06:12.876  3442  3442 D CompatConfig: Adding: com.android.server.compat.config.Change@d4f05c3
10-19 17:06:12.876  3442  3442 D CompatConfig: Adding: com.android.server.compat.config.Change@6390e40
10-19 17:06:12.876  3442  3442 D CompatConfig: Adding: com.android.server.compat.config.Change@e22c179
10-19 17:06:12.876  3442  3442 D CompatConfig: Adding: com.android.server.compat.config.Change@8556ebe
10-19 17:06:12.876  3442  3442 D CompatConfig: Adding: com.android.server.compat.config.Change@9123b1f
10-19 17:06:12.876  3442  3442 D CompatConfig: Adding: com.android.server.compat.config.Change@3c0ce6c
10-19 17:06:12.876  3442  3442 D CompatConfig: Adding: com.android.server.compat.config.Change@b84fc35
10-19 17:06:12.876  3442  3442 D CompatConfig: Adding: com.android.server.compat.config.Change@275b8ca
10-19 17:06:12.877  3442  3442 D CompatConfig: Adding: com.android.server.compat.config.Change@a96a3b
10-19 17:06:12.877  3442  3442 D CompatConfig: Adding: com.android.server.compat.config.Change@b226558
10-19 17:06:12.877  3442  3442 D CompatConfig: Adding: com.android.server.compat.config.Change@29626b1
10-19 17:06:12.877  3442  3442 D CompatConfig: Adding: com.android.server.compat.config.Change@79e9796
10-19 17:06:12.877  3442  3442 D CompatConfig: Adding: com.android.server.compat.config.Change@4ba6f17
10-19 17:06:12.877  3442  3442 D CompatConfig: Adding: com.android.server.compat.config.Change@4047f04
10-19 17:06:12.877  3442  3442 D CompatConfig: Adding: com.android.server.compat.config.Change@5b57ced
10-19 17:06:12.877  3442  3442 D CompatConfig: Adding: com.android.server.compat.config.Change@6a49722
10-19 17:06:12.877  3442  3442 D CompatConfig: Adding: com.android.server.compat.config.Change@6ce5b3
10-19 17:06:12.877  3442  3442 D CompatConfig: Adding: com.android.server.compat.config.Change@7cc8770
10-19 17:06:12.877  3442  3442 D CompatConfig: Adding: com.android.server.compat.config.Change@3f9fae9
10-19 17:06:12.877  3442  3442 D CompatConfig: Adding: com.android.server.compat.config.Change@519036e
10-19 17:06:12.877  3442  3442 D CompatConfig: Adding: com.android.server.compat.config.Change@fc62a0f
10-19 17:06:12.877  3442  3442 D CompatConfig: Adding: com.android.server.compat.config.Change@ecaaa9c
10-19 17:06:12.877  3442  3442 D CompatConfig: Adding: com.android.server.compat.config.Change@cee5ca5
10-19 17:06:12.877  3442  3442 D CompatConfig: Adding: com.android.server.compat.config.Change@e55e87a
10-19 17:06:12.877  3442  3442 D CompatConfig: Adding: com.android.server.compat.config.Change@fc5582b
10-19 17:06:12.877  3442  3442 D CompatConfig: Adding: com.android.server.compat.config.Change@425d488
10-19 17:06:12.877  3442  3442 D CompatConfig: Adding: com.android.server.compat.config.Change@40d1e21
10-19 17:06:12.877  3442  3442 D CompatConfig: Adding: com.android.server.compat.config.Change@74a1246
10-19 17:06:12.877  3442  3442 D CompatConfig: Adding: com.android.server.compat.config.Change@43f4c07
10-19 17:06:12.877  3442  3442 D CompatConfig: Adding: com.android.server.compat.config.Change@c87b134
10-19 17:06:12.877  3442  3442 D CompatConfig: Adding: com.android.server.compat.config.Change@ffc7b5d
10-19 17:06:12.877  3442  3442 D CompatConfig: Adding: com.android.server.compat.config.Change@3050cd2
10-19 17:06:12.877  3442  3442 D CompatConfig: Adding: com.android.server.compat.config.Change@f7aa1a3
10-19 17:06:12.877  3442  3442 D CompatConfig: Adding: com.android.server.compat.config.Change@b88aca0
10-19 17:06:12.877  3442  3442 D CompatConfig: Adding: com.android.server.compat.config.Change@18a7059
10-19 17:06:12.877  3442  3442 D CompatConfig: Adding: com.android.server.compat.config.Change@403241e
10-19 17:06:12.877  3442  3442 D CompatConfig: Adding: com.android.server.compat.config.Change@78bb4ff
10-19 17:06:12.877  3442  3442 D CompatConfig: Adding: com.android.server.compat.config.Change@3dbf2cc
10-19 17:06:12.877  3442  3442 D CompatConfig: Adding: com.android.server.compat.config.Change@e68b915
10-19 17:06:12.877  3442  3442 D CompatConfig: Adding: com.android.server.compat.config.Change@639642a
10-19 17:06:12.877  3442  3442 D CompatConfig: Adding: com.android.server.compat.config.Change@570a21b
10-19 17:06:12.877  3442  3442 D CompatConfig: Adding: com.android.server.compat.config.Change@ba8d191
10-19 17:06:12.877  3442  3442 D CompatConfig: Adding: com.android.server.compat.config.Change@de198f6
10-19 17:06:12.877  3442  3442 D CompatConfig: Adding: com.android.server.compat.config.Change@9ed44f7
10-19 17:06:12.877  3442  3471 I SystemConfig: Reading permissions from /system/etc/permissions/privapp-permissions-platform.xml
10-19 17:06:12.878  3442  3442 D CompatConfig: Adding: com.android.server.compat.config.Change@313cf64
10-19 17:06:12.878  3442  3442 D CompatConfig: Adding: com.android.server.compat.config.Change@3f7f5cd
10-19 17:06:12.878  3442  3442 D CompatConfig: Adding: com.android.server.compat.config.Change@7064e82
10-19 17:06:12.879  3442  3442 D CompatConfig: Found a config file: /system/system_ext/etc/compatconfig/settings-platform-compat-config.xml
10-19 17:06:12.880  3442  3442 D CompatConfig: Adding: com.android.server.compat.config.Change@2f07dd0
10-19 17:06:12.882  3442  3471 I SystemConfig: Reading permissions from /system/etc/permissions/privapp_allowlist_com.android.providers.media.module.xml
10-19 17:06:12.883  3442  3471 I SystemConfig: Reading permissions from /system/etc/permissions/android.software.live_wallpaper.xml
10-19 17:06:12.883  3442  3442 D CompatConfig: Found a config file: /apex/com.android.wifi/etc/compatconfig/wifi-compat-config.xml
10-19 17:06:12.884  3442  3442 D CompatConfig: Adding: com.android.server.compat.config.Change@9a7a6fc
10-19 17:06:12.884  3442  3442 D CompatConfig: Adding: com.android.server.compat.config.Change@78b2bda
10-19 17:06:12.884  3442  3471 I SystemConfig: Reading permissions from /system/etc/permissions/com.android.mediadrm.signer.xml
10-19 17:06:12.885  3442  3471 I SystemConfig: Reading permissions from /system/etc/permissions/javax.obex.xml
10-19 17:06:12.886  3442  3442 D CompatConfig: No directory /apex/com.android.vndk.v33/etc/compatconfig, skipping
10-19 17:06:12.886  3442  3442 D CompatConfig: No directory /apex/com.android.uwb/etc/compatconfig, skipping
10-19 17:06:12.886  3442  3442 D CompatConfig: No directory /apex/com.android.tzdata/etc/compatconfig, skipping
10-19 17:06:12.886  3442  3471 I SystemConfig: Reading permissions from /system/etc/permissions/com.android.location.provider.xml
10-19 17:06:12.887  3442  3442 D CompatConfig: Found a config file: /apex/com.android.tethering/etc/compatconfig/connectivity-platform-compat-config.xml
10-19 17:06:12.887  3442  3442 D CompatConfig: Adding: com.android.server.compat.config.Change@4802ba6
10-19 17:06:12.887  3442  3471 I SystemConfig: Reading permissions from /system/etc/permissions/com.google.android.things.xml
10-19 17:06:12.888  3442  3442 D CompatConfig: No directory /apex/com.android.sdkext/etc/compatconfig, skipping
10-19 17:06:12.888  3442  3442 D CompatConfig: No directory /apex/com.android.scheduling/etc/compatconfig, skipping
10-19 17:06:12.888  3442  3442 D CompatConfig: No directory /apex/com.android.runtime/etc/compatconfig, skipping
10-19 17:06:12.888  3442  3442 D CompatConfig: No directory /apex/com.android.resolv/etc/compatconfig, skipping
10-19 17:06:12.889  3442  3442 D CompatConfig: No directory /apex/com.android.permission/etc/compatconfig, skipping
10-19 17:06:12.889  3442  3471 I SystemConfig: Reading permissions from /system/etc/permissions/com.android.media.remotedisplay.xml
10-19 17:06:12.889  3442  3442 D CompatConfig: No directory /apex/com.android.os.statsd/etc/compatconfig, skipping
10-19 17:06:12.889  3442  3442 D CompatConfig: No directory /apex/com.android.ondevicepersonalization/etc/compatconfig, skipping
10-19 17:06:12.889  3442  3442 D CompatConfig: No directory /apex/com.android.neuralnetworks/etc/compatconfig, skipping
10-19 17:06:12.889  3442  3442 D CompatConfig: Found a config file: /apex/com.android.mediaprovider/etc/compatconfig/media-provider-platform-compat-config.xml
10-19 17:06:12.890  3442  3471 I SystemConfig: Reading permissions from /system/etc/permissions/android.software.webview.xml
10-19 17:06:12.890  3442  3442 D CompatConfig: Adding: com.android.server.compat.config.Change@1e1ad83
10-19 17:06:12.890  3442  3442 D CompatConfig: Adding: com.android.server.compat.config.Change@646fb00
10-19 17:06:12.890  3442  3442 D CompatConfig: Adding: com.android.server.compat.config.Change@eb30f39
10-19 17:06:12.890  3442  3442 D CompatConfig: Adding: com.android.server.compat.config.Change@ff7097e
10-19 17:06:12.890  3442  3442 D CompatConfig: Adding: com.android.server.compat.config.Change@6879edf
10-19 17:06:12.890  3442  3442 D CompatConfig: Adding: com.android.server.compat.config.Change@9a0c72c
10-19 17:06:12.890  3442  3442 D CompatConfig: Adding: com.android.server.compat.config.Change@e2c65f5
10-19 17:06:12.891  3442  3471 I SystemConfig: Reading permissions from /system/etc/permissions/privapp_allowlist_com.android.adservices.api.xml
10-19 17:06:12.891  3442  3442 D CompatConfig: No directory /apex/com.android.media.swcodec/etc/compatconfig, skipping
10-19 17:06:12.891  3442  3442 D CompatConfig: No directory /apex/com.android.media/etc/compatconfig, skipping
10-19 17:06:12.891  3442  3442 D CompatConfig: No directory /apex/com.android.ipsec/etc/compatconfig, skipping
10-19 17:06:12.891  3442  3442 D CompatConfig: No directory /apex/com.android.i18n/etc/compatconfig, skipping
10-19 17:06:12.891  3442  3442 D CompatConfig: No directory /apex/com.android.extservices/etc/compatconfig, skipping
10-19 17:06:12.891  3442  3442 D CompatConfig: No directory /apex/com.android.conscrypt/etc/compatconfig, skipping
