10-19 17:06:14.391  3442  3442 W PackageSettings: Missing permission state for package com.android.internal.systemui.navbar.gestural_narrow_back on user 0
10-19 17:06:14.391  3442  3442 W PackageSettings: Missing permission state for package com.android.theme.icon_pack.rounded.settings on user 0
10-19 17:06:14.391  3442  3442 W PackageSettings: Missing permission state for package com.android.theme.icon_pack.circular.android on user 0
10-19 17:06:14.392  3442  3442 W PackageSettings: Missing permission state for shared user: android.uid.log
10-19 17:06:14.392  3442  3442 W PackageSettings: Missing permission state for shared user: android.uid.uwb
10-19 17:06:14.412  3442  3442 V PackageManagerTiming: read user settings took to complete: 205ms
10-19 17:06:14.426  3442  3442 D PackageManager: Directories scanned as system partitions: [/system:0, /vendor:524288, /odm:4194304, /oem:262144, /system/product:1048576, /system/system_ext:2097152, /apex/com.android.wifi:8388608, /apex/com.android.vndk.v33:8388608, /apex/com.android.uwb:8388608, /apex/com.android.tzdata:8388608, /apex/com.android.tethering:8388608, /apex/com.android.sdkext:8388608, /apex/com.android.scheduling:8388608, /apex/com.android.runtime:8388608, /apex/com.android.resolv:8388608, /apex/com.android.permission:8388608, /apex/com.android.os.statsd:8388608, /apex/com.android.ondevicepersonalization:8388608, /apex/com.android.neuralnetworks:8388608, /apex/com.android.mediaprovider:8388608, /apex/com.android.media.swcodec:8388608, /apex/com.android.media:8388608, /apex/com.android.ipsec:8388608, /apex/com.android.i18n:8388608, /apex/com.android.extservices:8388608, /apex/com.android.conscrypt:8388608, /apex/com.android.btservices:8388608, /apex/com.android.art:8388608, /apex/com.android.appsearch:8388608, /apex/com.android.adservices:8388608, /apex/com.android.adbd:8388608]
10-19 17:06:14.427  3442  3442 D PackageManager: Keeping known cache eng.root.20230922.145238
10-19 17:06:14.434  3442  3442 D CompatibilityChangeReporter: Compat change id reported: 143539591; UID -1; state: DISABLED
10-19 17:06:14.434  3442  3442 D CompatibilityChangeReporter: Compat change id reported: 168782947; UID -1; state: ENABLED
10-19 17:06:14.482  3442  3442 W PackageManager: Failed to parse /system/framework/arm: Missing base APK in /system/framework/arm
10-19 17:06:14.482  3442  3442 W PackageManager: Failed to parse /system/framework/arm64: Missing base APK in /system/framework/arm64
10-19 17:06:14.483  3442  3442 W PackageManager: Failed to parse /system/framework/oat: Missing base APK in /system/framework/oat
10-19 17:06:14.513  3442  3442 I PackageManager: /system/priv-app/NetworkStack changed; collecting certs
10-19 17:06:14.524  3442  3442 W PackageManager: Failed to scan /system/priv-app/NetworkStack: Application package com.android.networkstack already installed.  Skipping duplicate.
10-19 17:06:14.535  3442  3442 D CompatibilityChangeReporter: Compat change id reported: 168782947; UID -1; state: DISABLED
10-19 17:06:14.558  3076  3087 I keystore2: keystore2::watchdog: Watchdog thread idle -> terminating. Have a great day.
10-19 17:06:14.610  3442  3442 W PackageManager: Failed to scan /system/product/priv-app/Phonesky: Package com.android.vending at /system/product/priv-app/Phonesky ignored: updated version 83521940 better than this 83041710
10-19 17:06:14.615  3442  3442 W PackageManager: Failed to scan /system/product/priv-app/GmsCore: Package com.google.android.gms at /system/product/priv-app/GmsCore ignored: updated version 234014044 better than this 222116048
10-19 17:06:14.694  3442  3503 W PackageCacher: Failed to find APEX file backing /apex/com.android.wifi/priv-app/ServiceWifiResources@TQ3A.230805.001
10-19 17:06:14.697  3442  3501 W PackageCacher: Failed to find APEX file backing /apex/com.android.wifi/app/WifiDialog@TQ3A.230805.001
10-19 17:06:14.697  3442  3504 W PackageCacher: Failed to find APEX file backing /apex/com.android.wifi/app/OsuLogin@TQ3A.230805.001
10-19 17:06:14.701  3442  3502 W PackageCacher: Failed to find APEX file backing /apex/com.android.uwb/priv-app/ServiceUwbResources@TQ3A.230805.001
10-19 17:06:14.705  3442  3503 W PackageCacher: Failed to find APEX file backing /apex/com.android.tethering/priv-app/TetheringNext@TQ3A.230805.001
10-19 17:06:14.705  3442  3501 W PackageCacher: Failed to find APEX file backing /apex/com.android.tethering/priv-app/ServiceConnectivityResources@TQ3A.230805.001
10-19 17:06:14.711  3442  3504 W PackageCacher: Failed to find APEX file backing /apex/com.android.tethering/app/HalfSheetUX@TQ3A.230805.001
10-19 17:06:14.715  3442  3503 W PackageCacher: Failed to find APEX file backing /apex/com.android.permission/priv-app/PermissionController@TQ3A.230805.001
10-19 17:06:14.715  3442  3502 W PackageCacher: Failed to find APEX file backing /apex/com.android.permission/priv-app/SafetyCenterResources@TQ3A.230805.001
10-19 17:06:14.721  3442  3501 W PackageCacher: Failed to find APEX file backing /apex/com.android.ondevicepersonalization/app/OnDevicePersonalization@TQ3A.230805.001
10-19 17:06:14.724  3442  3504 W PackageCacher: Failed to find APEX file backing /apex/com.android.mediaprovider/priv-app/MediaProvider@TQ3A.230805.001
10-19 17:06:14.729  3442  3502 W PackageCacher: Failed to find APEX file backing /apex/com.android.extservices/priv-app/ExtServices@TQ3A.230805.001
10-19 17:06:14.732  3442  3503 W PackageCacher: Failed to find APEX file backing /apex/com.android.btservices/app/Bluetooth@TQ3A.230805.001
10-19 17:06:14.737  3442  3501 W PackageCacher: Failed to find APEX file backing /apex/com.android.adservices/priv-app/AdServicesApk@TQ3A.230805.001
10-19 17:06:14.741  3442  3504 W PackageCacher: Failed to find APEX file backing /apex/com.android.adservices/app/SdkSandbox@TQ3A.230805.001
10-19 17:06:14.756  3442  3442 I PackageManager: Finished scanning system apps. Time: 330 ms, packageCount: 175 , timePerPackage: 1 , cached: 178
10-19 17:06:14.761  3442  3442 D CompatibilityChangeReporter: Compat change id reported: 133396946; UID -1; state: ENABLED
10-19 17:06:14.778  3442  3442 D CompatibilityChangeReporter: Compat change id reported: 133396946; UID -1; state: DISABLED
10-19 17:06:14.790  3442  3442 W PackageManager: Relax SCAN_REQUIRE_KNOWN requirement for package com.android.vending
10-19 17:06:14.795  3442  3442 W PackageManager: Relax SCAN_REQUIRE_KNOWN requirement for package com.google.android.gms
10-19 17:06:14.811  3442  3442 I PackageManager: Finished scanning non-system apps. Time: 55 ms, packageCount: 10 , timePerPackage: 5 , cached: 10
10-19 17:06:14.814  3442  3442 W PackageManager: Instruction set mismatch, PackageSetting{bb03f78 com.google.android.gms/10098} requires arm64 whereas PackageSetting{f444eb6 com.google.android.gsf/10098} requires arm
10-19 17:06:14.817  3442  3442 I PackageManager: Time to scan packages: 0.391 seconds
10-19 17:06:14.817  3442  3442 I PackageManager: Permission ownership changed. Updating all permissions.
10-19 17:06:14.851  3442  3442 V PackageManager: reconcileAppsData for null u0 0x3 migrateAppData=true
10-19 17:06:15.003  3442  3442 V PackageManager: reconcileAppsData finished 26 packages
10-19 17:06:15.003  3442  3442 V PackageManager: Changing enabled state of com.android.vending/com.google.android.finsky.systemupdate.SystemUpdateSettingsContentProvider to false
10-19 17:06:15.003  3442  3507 D SystemServerTimingAsync: InitThreadPoolExec:prepareAppData
10-19 17:06:15.003  3442  3507 D SystemServerInitThreadPool: Started executing prepareAppData
10-19 17:06:15.003  3442  3442 W PackageManager: Unable to change enabled state of com.android.vending/com.google.android.finsky.systemupdate.SystemUpdateSettingsContentProvider to false
10-19 17:06:15.004  3442  3442 V PackageManager: Changing enabled state of com.android.vending/com.google.android.finsky.systemupdateactivity.SettingsSecurityEntryPoint to false
10-19 17:06:15.004  3442  3442 V PackageManager: Changing enabled state of com.android.vending/com.google.android.finsky.systemupdateactivity.SystemUpdateActivity to false
10-19 17:06:15.004  3442  3442 V PackageManager: Changing enabled state of com.google.android.gms/com.google.android.gms.update.phone.PopupDialog to false
10-19 17:06:15.004  3442  3442 V PackageManager: Changing enabled state of com.google.android.gms/com.google.android.gms.update.OtaSuggestionSummaryProvider to false
10-19 17:06:15.004  3442  3442 V PackageManager: Changing enabled state of com.google.android.gms/com.google.android.gms.update.SystemUpdateActivity to false
10-19 17:06:15.004  3442  3442 V PackageManager: Changing enabled state of com.google.android.gms/com.google.android.gms.update.SystemUpdateGcmTaskService to false
10-19 17:06:15.004  3442  3442 V PackageManager: Changing enabled state of com.google.android.gms/com.google.android.gms.update.SystemUpdateService to false
10-19 17:06:15.004  3442  3442 D PackageManagerTiming: write settings
10-19 17:06:15.070  3442  3442 V PackageManagerTiming: write settings took to complete: 65ms
10-19 17:06:15.075  3442  3442 V PackageManager: Ephemeral resolver found; pkg: com.google.android.gms, info:ResolveInfo{39a575a com.google.android.gms/.chimera.PersistentBoundBrokerService m=0x108000}
10-19 17:06:15.075  3442  3442 D PackageManager: Set ephemeral resolver: ComponentInfo{com.google.android.gms/com.google.android.gms.chimera.PersistentBoundBrokerService}
10-19 17:06:15.078  3442  3442 D PackageManager: Set ephemeral installer activity: ComponentInfo{com.android.vending/com.google.android.finsky.instantapps.EphemeralInstallerActivity}
10-19 17:06:15.084  3442  3442 D PackageManagerTiming: GC
10-19 17:06:15.084  3442  3442 V PackageManagerTiming: GC took to complete: 0ms
10-19 17:06:15.084  3442  3442 I PackageManager: Fix for b/169414761 is applied
10-19 17:06:15.084  3442  3442 V PackageManagerTiming: create package manager took to complete: 914ms
10-19 17:06:15.084  3442  3442 V UserSystemPackageInstaller: Checking that all system packages are whitelisted.
10-19 17:06:15.091  3442  3442 W UserSystemPackageInstaller: checkWhitelistedSystemPackages(mode=ENFORCE|IMPLICIT_WHITELIST|IMPLICIT_WHITELIST_SYSTEM) has 21 warnings:
10-19 17:06:15.092  3442  3442 W UserSystemPackageInstaller: com.android.theme.color.amethyst is allowlisted but not present.
10-19 17:06:15.092  3442  3442 W UserSystemPackageInstaller: com.android.theme.color.sand is allowlisted but not present.
10-19 17:06:15.092  3442  3442 W UserSystemPackageInstaller: com.android.wallpapercropper is allowlisted but not present.
10-19 17:06:15.092  3442  3442 W UserSystemPackageInstaller: com.android.theme.color.cinnamon is allowlisted but not present.
10-19 17:06:15.092  3442  3442 W UserSystemPackageInstaller: com.android.internal.systemui.onehanded.gestural is allowlisted but not present.
10-19 17:06:15.092  3442  3442 W UserSystemPackageInstaller: com.android.theme.icon_pack.circular.themepicker is allowlisted but not present.
10-19 17:06:15.092  3442  3442 W UserSystemPackageInstaller: com.android.theme.color.tangerine is allowlisted but not present.
10-19 17:06:15.092  3442  3442 W UserSystemPackageInstaller: com.android.theme.color.aquamarine is allowlisted but not present.
10-19 17:06:15.092  3442  3442 W UserSystemPackageInstaller: com.android.theme.color.black is allowlisted but not present.
10-19 17:06:15.092  3442  3442 W UserSystemPackageInstaller: com.android.theme.color.green is allowlisted but not present.
10-19 17:06:15.092  3442  3442 W UserSystemPackageInstaller: com.android.theme.color.ocean is allowlisted but not present.
10-19 17:06:15.092  3442  3442 W UserSystemPackageInstaller: com.android.theme.color.space is allowlisted but not present.
10-19 17:06:15.092  3442  3442 W UserSystemPackageInstaller: com.android.theme.icon_pack.kai.themepicker is allowlisted but not present.
10-19 17:06:15.092  3442  3442 W UserSystemPackageInstaller: com.android.theme.icon_pack.rounded.themepicker is allowlisted but not present.
10-19 17:06:15.092  3442  3442 W UserSystemPackageInstaller: com.android.theme.color.palette is allowlisted but not present.
10-19 17:06:15.092  3442  3442 W UserSystemPackageInstaller: com.android.theme.color.carbon is allowlisted but not present.
10-19 17:06:15.092  3442  3442 W UserSystemPackageInstaller: com.android.theme.icon_pack.filled.themepicker is allowlisted but not present.
10-19 17:06:15.092  3442  3442 W UserSystemPackageInstaller: com.android.theme.icon_pack.victor.themepicker is allowlisted but not present.
10-19 17:06:15.092  3442  3442 W UserSystemPackageInstaller: com.android.theme.color.orchid is allowlisted but not present.
10-19 17:06:15.092  3442  3442 W UserSystemPackageInstaller: com.android.theme.color.purple is allowlisted but not present.
10-19 17:06:15.092  3442  3442 W UserSystemPackageInstaller: com.android.theme.icon_pack.sam.themepicker is allowlisted but not present.
10-19 17:06:15.094  3442  3442 I Watchdog: Resuming HandlerChecker: main thread for reason: packagemanagermain. Pause count: 0
10-19 17:06:15.094  3442  3442 I SystemServerDexLoadReporter: Configuring system server dex reporter
10-19 17:06:15.096  3442  3442 V SystemServerTiming: StartPackageManagerService took to complete: 930ms
10-19 17:06:15.097  3442  3442 D SystemServerTiming: StartOtaDexOptService
10-19 17:06:15.097  3442  3442 I Watchdog: Pausing HandlerChecker: main thread for reason: moveab. Pause count: 1
10-19 17:06:15.099  3442  3442 D OTADexopt: No upgrade, skipping A/B artifacts check.
10-19 17:06:15.099  3442  3442 I Watchdog: Resuming HandlerChecker: main thread for reason: moveab. Pause count: 0
10-19 17:06:15.099  3442  3442 V SystemServerTiming: StartOtaDexOptService took to complete: 3ms
10-19 17:06:15.099  3442  3442 D SystemServerTiming: StartUserManagerService
10-19 17:06:15.099  3442  3442 I SystemServiceManager: Starting com.android.server.pm.UserManagerService$LifeCycle
10-19 17:06:15.100  3442  3442 V SystemServerTiming: StartUserManagerService took to complete: 0ms
10-19 17:06:15.100  3442  3442 D SystemServerTiming: InitAttributerCache
10-19 17:06:15.100  3442  3442 V SystemServerTiming: InitAttributerCache took to complete: 1ms
10-19 17:06:15.100  3442  3442 D SystemServerTiming: SetSystemProcess
10-19 17:06:15.102  3442  3456 V HistoricalRegistry: Interaction before persistence initialized
10-19 17:06:15.103  3442  3457 V HistoricalRegistry: Interaction before persistence initialized
10-19 17:06:15.111  3442  3477 I ActivityManager: Connection with lmkd established
10-19 17:06:15.113  3442  3442 V SystemServerTiming: SetSystemProcess took to complete: 12ms
10-19 17:06:15.114  3442  3442 D CompatibilityChangeReporter: Compat change id reported: 161145287; UID 1000; state: DISABLED
10-19 17:06:15.114  3442  3442 D SystemServerTiming: InitWatchdog
10-19 17:06:15.115  3442  3442 V SystemServerTiming: InitWatchdog took to complete: 0ms
10-19 17:06:15.115  3442  3442 D SystemServerTiming: StartOverlayManagerService
10-19 17:06:15.264  3442  3507 V SystemServerTimingAsync: AppDataFixup took to complete: 261ms
10-19 17:06:15.265  3442  3507 W PackageManager: Skipping preparing app data for com.android.sdksandbox
10-19 17:06:15.266  3442  3507 W PackageManager: Failed to migrate com.android.sdksandbox: android.os.ServiceSpecificException: Failed to mark default storage /data/data/com.android.sdksandbox (code 2)
10-19 17:06:15.267  3442  3507 W PackageManager: Skipping preparing app data for com.android.sdksandbox
10-19 17:06:15.434  3442  3442 V SystemServerTiming: StartOverlayManagerService took to complete: 318ms
10-19 17:06:15.434  3442  3442 D SystemServerTiming: StartResourcesManagerService
10-19 17:06:15.435  3442  3442 V SystemServerTiming: StartResourcesManagerService took to complete: 1ms
10-19 17:06:15.435  3442  3442 D SystemServerTiming: StartSensorPrivacyService
10-19 17:06:15.436  3442  3464 W ActivityTaskManager: Skip updateConfiguration because mWindowManager isn't set
10-19 17:06:15.444  3442  3442 V SystemServerTiming: StartSensorPrivacyService took to complete: 8ms
10-19 17:06:15.444  3442  3442 D SystemServerTiming: StartSensorService
10-19 17:06:15.444  3442  3442 I SystemServiceManager: Starting com.android.server.sensors.SensorService
10-19 17:06:15.444  3442  3442 V SystemServerTiming: StartSensorService took to complete: 1ms
10-19 17:06:15.444  3442  3442 V SystemServerTiming: startBootstrapServices took to complete: 2594ms
10-19 17:06:15.444  3442  3442 D SystemServerTiming: startCoreServices
10-19 17:06:15.444  3442  3442 D SystemServerTiming: StartSystemConfigService
10-19 17:06:15.444  3442  3442 I SystemServiceManager: Starting com.android.server.SystemConfigService
10-19 17:06:15.445  3442  3512 D SystemServerTimingAsync: InitThreadPoolExec:StartNativeSensorService
10-19 17:06:15.445  3442  3512 D SystemServerInitThreadPool: Started executing StartNativeSensorService
10-19 17:06:15.445  3442  3512 D SystemServerTimingAsync: StartNativeSensorService
10-19 17:06:15.445  3442  3442 V SystemServerTiming: StartSystemConfigService took to complete: 1ms
10-19 17:06:15.445  3442  3442 D SystemServerTiming: StartBatteryService
10-19 17:06:15.445  3442  3442 I SystemServiceManager: Starting com.android.server.BatteryService
10-19 17:06:15.449  3442  3442 E BatteryService: mothealth: cannot get service. (no supported health HAL service)
10-19 17:06:15.450  3442  3512 V SystemServerTimingAsync: StartNativeSensorService took to complete: 5ms
10-19 17:06:15.450  3442  3512 D SystemServerInitThreadPool: Finished executing StartNativeSensorService
10-19 17:06:15.450  3442  3512 V SystemServerTimingAsync: InitThreadPoolExec:StartNativeSensorService took to complete: 5ms
10-19 17:06:15.454     0     0 W [   15.546979@4] healthd: battery none chg=
10-19 17:06:15.457  3442  3442 I HealthServiceWrapperHidl: health: HealthServiceWrapper listening to instance default
10-19 17:06:15.457  3442  3442 I BatteryService: health: Waited 0ms and received the update.
10-19 17:06:15.464  3442  3442 V SystemServerTiming: StartBatteryService took to complete: 19ms
10-19 17:06:15.464  3442  3442 D SystemServerTiming: StartUsageService
10-19 17:06:15.465  3442  3442 I SystemServiceManager: Starting com.android.server.usage.UsageStatsService
10-19 17:06:15.469  3442  3442 V SystemServerTiming: StartUsageService took to complete: 4ms
10-19 17:06:15.469  3442  3442 D SystemServerTiming: StartWebViewUpdateService
10-19 17:06:15.469  3442  3442 I SystemServiceManager: Starting com.android.server.webkit.WebViewUpdateService
10-19 17:06:15.475  3442  3442 V SystemServerTiming: StartWebViewUpdateService took to complete: 6ms
10-19 17:06:15.476  3442  3442 D SystemServerTiming: StartCachedDeviceStateService
10-19 17:06:15.476  3442  3442 I SystemServiceManager: Starting com.android.server.CachedDeviceStateService
10-19 17:06:15.476  3442  3442 V SystemServerTiming: StartCachedDeviceStateService took to complete: 1ms
10-19 17:06:15.476  3442  3442 D SystemServerTiming: StartBinderCallsStatsService
10-19 17:06:15.476  3442  3442 I SystemServiceManager: Starting com.android.server.BinderCallsStatsService$LifeCycle
10-19 17:06:15.478  3442  3442 V SystemServerTiming: StartBinderCallsStatsService took to complete: 1ms
10-19 17:06:15.478  3442  3442 D SystemServerTiming: StartLooperStatsService
10-19 17:06:15.478  3442  3442 I SystemServiceManager: Starting com.android.server.LooperStatsService$Lifecycle
10-19 17:06:15.479  3442  3442 V SystemServerTiming: StartLooperStatsService took to complete: 1ms
10-19 17:06:15.479  3442  3442 D SystemServerTiming: StartRollbackManagerService
10-19 17:06:15.479  3442  3442 I SystemServiceManager: Starting com.android.server.rollback.RollbackManagerService
10-19 17:06:15.486  3442  3442 I PackageWatchdog: Syncing state, reason: added new observer
10-19 17:06:15.486  3442  3442 I PackageWatchdog: Not pruning observers, elapsed time: 0ms
10-19 17:06:15.486  3442  3442 I PackageWatchdog: Cancelling state sync, nothing to sync
10-19 17:06:15.486  3442  3473 I PackageWatchdog: Saving observer state to file
10-19 17:06:15.491  3442  3442 V SystemServerTiming: StartRollbackManagerService took to complete: 12ms
10-19 17:06:15.491  3442  3442 D SystemServerTiming: StartNativeTombstoneManagerService
10-19 17:06:15.491  3442  3442 I SystemServiceManager: Starting com.android.server.os.NativeTombstoneManagerService
10-19 17:06:15.492  3442  3442 V SystemServerTiming: StartNativeTombstoneManagerService took to complete: 1ms
10-19 17:06:15.493  3442  3442 D SystemServerTiming: StartBugreportManagerService
10-19 17:06:15.493  3442  3442 I SystemServiceManager: Starting com.android.server.os.BugreportManagerService
10-19 17:06:15.494  3442  3442 V SystemServerTiming: StartBugreportManagerService took to complete: 2ms
10-19 17:06:15.494  3442  3442 D SystemServerTiming: GpuService
10-19 17:06:15.494  3442  3442 I SystemServiceManager: Starting com.android.server.gpu.GpuService
10-19 17:06:15.494  3442  3442 V SystemServerTiming: GpuService took to complete: 0ms
10-19 17:06:15.494  3442  3442 V SystemServerTiming: startCoreServices took to complete: 50ms
10-19 17:06:15.494  3442  3442 D SystemServerTiming: startOtherServices
10-19 17:06:15.495  3442  3442 D SystemServerTiming: StartKeyAttestationApplicationIdProviderService
10-19 17:06:15.496  3442  3520 D SystemServerTimingAsync: InitThreadPoolExec:SecondaryZygotePreload
10-19 17:06:15.496  3442  3520 D SystemServerInitThreadPool: Started executing SecondaryZygotePreload
10-19 17:06:15.496  3442  3442 V SystemServerTiming: StartKeyAttestationApplicationIdProviderService took to complete: 1ms
10-19 17:06:15.496  3442  3442 D SystemServerTiming: StartKeyChainSystemService
10-19 17:06:15.496  3442  3442 I SystemServiceManager: Starting com.android.server.security.KeyChainSystemService
10-19 17:06:15.496  3442  3520 I SystemServer: SecondaryZygotePreload
10-19 17:06:15.496  3442  3520 D SystemServerTimingAsync: SecondaryZygotePreload
10-19 17:06:15.496  3442  3442 V SystemServerTiming: StartKeyChainSystemService took to complete: 1ms
10-19 17:06:15.497  3442  3442 D SystemServerTiming: StartBinaryTransparencyService
10-19 17:06:15.497  3442  3442 I SystemServiceManager: Starting com.android.server.BinaryTransparencyService
10-19 17:06:15.499  3442  3442 I TransparencyService: Started BinaryTransparencyService
10-19 17:06:15.499  3442  3442 V SystemServerTiming: StartBinaryTransparencyService took to complete: 2ms
10-19 17:06:15.499  3442  3442 D SystemServerTiming: StartSchedulingPolicyService
10-19 17:06:15.500  3442  3521 D SystemServerTimingAsync: InitThreadPoolExec:SchedulingPolicyService.<init>
10-19 17:06:15.500  3442  3521 D SystemServerInitThreadPool: Started executing SchedulingPolicyService.<init>
10-19 17:06:15.501  3442  3442 V SystemServerTiming: StartSchedulingPolicyService took to complete: 2ms
10-19 17:06:15.501  3442  3442 D SystemServerTiming: StartTelecomLoaderService
10-19 17:06:15.501  3442  3442 I SystemServiceManager: Starting com.android.server.telecom.TelecomLoaderService
10-19 17:06:15.503  3442  3442 V SystemServerTiming: StartTelecomLoaderService took to complete: 1ms
10-19 17:06:15.503  3442  3442 D SystemServerTiming: StartTelephonyRegistry
10-19 17:06:15.507  3442  3442 V SystemServerTiming: StartTelephonyRegistry took to complete: 4ms
10-19 17:06:15.507  3442  3442 D SystemServerTiming: StartEntropyMixer
10-19 17:06:15.508  3442  3442 I EntropyMixer: Loaded existing seed file
10-19 17:06:15.515  3442  3521 D SystemServerInitThreadPool: Finished executing SchedulingPolicyService.<init>
10-19 17:06:15.515  3442  3521 V SystemServerTimingAsync: InitThreadPoolExec:SchedulingPolicyService.<init> took to complete: 14ms
10-19 17:06:15.519  3442  3442 I EntropyMixer: Updated seed file
10-19 17:06:15.519  3442  3442 V SystemServerTiming: StartEntropyMixer took to complete: 13ms
10-19 17:06:15.519  3442  3442 D SystemServerTiming: StartAccountManagerService
10-19 17:06:15.519  3442  3442 I SystemServiceManager: Starting com.android.server.accounts.AccountManagerService$Lifecycle
10-19 17:06:15.526  3442  3442 V SystemServerTiming: StartAccountManagerService took to complete: 7ms
10-19 17:06:15.526  3442  3442 D SystemServerTiming: StartContentService
10-19 17:06:15.527  3442  3442 I SystemServiceManager: Starting com.android.server.content.ContentService$Lifecycle
10-19 17:06:15.530  3442  3442 V SystemServerTiming: StartContentService took to complete: 4ms
10-19 17:06:15.530  3442  3442 D SystemServerTiming: InstallSystemProviders
10-19 17:06:15.561  3199  3199 V ZygoteInitTiming_lazy: BeginPreload took to complete: 59ms
10-19 17:06:15.625  3442  3442 W ActivityManager: cgroup.freeze not present
10-19 17:06:15.626  3442  3474 D ActivityManager: Freezer disabled
10-19 17:06:15.627  3442  3442 V SystemServerTiming: InstallSystemProviders took to complete: 96ms
10-19 17:06:15.627  3442  3442 D SystemServerTiming: UpdateWatchdogTimeout
10-19 17:06:15.627  3442  3442 I Watchdog: Watchdog timeout updated to 60000 millis
10-19 17:06:15.628  3442  3442 V SystemServerTiming: UpdateWatchdogTimeout took to complete: 0ms
10-19 17:06:15.628  3442  3442 D SystemServerTiming: StartDropBoxManager
10-19 17:06:15.628  3442  3442 I SystemServiceManager: Starting com.android.server.DropBoxManagerService
10-19 17:06:15.629  3442  3442 V SystemServerTiming: StartDropBoxManager took to complete: 1ms
10-19 17:06:15.629  3442  3442 D SystemServerTiming: StartRoleManagerService
10-19 17:06:15.630  3442  3442 I SystemServiceManager: Starting com.android.role.RoleService
10-19 17:06:15.636  3442  3442 V SystemServerTiming: StartRoleManagerService took to complete: 6ms
10-19 17:06:15.636  3442  3442 D SystemServerTiming: StartVibratorManagerService
10-19 17:06:15.636  3442  3442 I SystemServiceManager: Starting com.android.server.vibrator.VibratorManagerService$Lifecycle
10-19 17:06:15.646  3442  3442 V SystemServerTiming: StartVibratorManagerService took to complete: 11ms
10-19 17:06:15.647  3442  3442 D SystemServerTiming: StartDynamicSystemService
10-19 17:06:15.647  3442  3442 V SystemServerTiming: StartDynamicSystemService took to complete: 1ms
10-19 17:06:15.648  3442  3442 D SystemServerTiming: StartConsumerIrService
10-19 17:06:15.652  3442  3442 V SystemServerTiming: StartConsumerIrService took to complete: 5ms
10-19 17:06:15.652  3442  3442 D SystemServerTiming: StartResourceEconomy
10-19 17:06:15.652  3442  3442 I SystemServiceManager: Starting com.android.server.tare.InternalResourceService
10-19 17:06:15.656  3442  3442 V SystemServerTiming: StartResourceEconomy took to complete: 4ms
10-19 17:06:15.656  3442  3442 D SystemServerTiming: StartAlarmManagerService
10-19 17:06:15.657  3442  3442 I SystemServiceManager: Starting com.android.server.alarm.AlarmManagerService
10-19 17:06:15.665  3442  3442 V SystemServerTiming: StartAlarmManagerService took to complete: 9ms
10-19 17:06:15.665  3442  3442 D SystemServerTiming: StartInputManagerService
10-19 17:06:15.671  3442  3442 I InputManager: Initializing input manager, mUseDevInputEventForAudioJack=false
10-19 17:06:15.671  3442  3442 V SystemServerTiming: StartInputManagerService took to complete: 5ms
10-19 17:06:15.671  3442  3442 D SystemServerTiming: DeviceStateManagerService
10-19 17:06:15.671  3442  3442 I SystemServiceManager: Starting com.android.server.devicestate.DeviceStateManagerService
10-19 17:06:15.678  3442  3442 V SystemServerTiming: DeviceStateManagerService took to complete: 7ms
10-19 17:06:15.678  3442  3442 D SystemServerTiming: StartCameraServiceProxy
10-19 17:06:15.679  3442  3442 I SystemServiceManager: Starting com.android.server.camera.CameraServiceProxy
10-19 17:06:15.685  3442  3442 V SystemServerTiming: StartCameraServiceProxy took to complete: 6ms
10-19 17:06:15.685  3442  3442 D SystemServerTiming: StartWindowManagerService
10-19 17:06:15.685  3442  3442 I SystemServiceManager: Starting phase 200
10-19 17:06:15.685  3442  3442 D SystemServerTiming: OnBootPhase_200
10-19 17:06:15.685  3442  3442 D SystemServerTiming: OnBootPhase_200_com.android.server.security.FileIntegrityService
10-19 17:06:15.685  3442  3442 V SystemServerTiming: OnBootPhase_200_com.android.server.security.FileIntegrityService took to complete: 0ms
10-19 17:06:15.685  3442  3442 D SystemServerTiming: OnBootPhase_200_com.android.server.pm.Installer
10-19 17:06:15.685  3442  3442 V SystemServerTiming: OnBootPhase_200_com.android.server.pm.Installer took to complete: 0ms
10-19 17:06:15.685  3442  3442 D SystemServerTiming: OnBootPhase_200_com.android.server.os.DeviceIdentifiersPolicyService
10-19 17:06:15.685  3442  3442 V SystemServerTiming: OnBootPhase_200_com.android.server.os.DeviceIdentifiersPolicyService took to complete: 0ms
10-19 17:06:15.685  3442  3442 D SystemServerTiming: OnBootPhase_200_com.android.server.uri.UriGrantsManagerService$Lifecycle
10-19 17:06:15.685  3442  3442 V SystemServerTiming: OnBootPhase_200_com.android.server.uri.UriGrantsManagerService$Lifecycle took to complete: 0ms
10-19 17:06:15.685  3442  3442 D SystemServerTiming: OnBootPhase_200_com.android.server.powerstats.PowerStatsService
10-19 17:06:15.685  3442  3442 V SystemServerTiming: OnBootPhase_200_com.android.server.powerstats.PowerStatsService took to complete: 0ms
10-19 17:06:15.685  3442  3442 D SystemServerTiming: OnBootPhase_200_com.android.server.wm.ActivityTaskManagerService$Lifecycle
10-19 17:06:15.685  3442  3442 V SystemServerTiming: OnBootPhase_200_com.android.server.wm.ActivityTaskManagerService$Lifecycle took to complete: 0ms
10-19 17:06:15.685  3442  3442 D SystemServerTiming: OnBootPhase_200_com.android.server.am.ActivityManagerService$Lifecycle
10-19 17:06:15.685  3442  3442 V SystemServerTiming: OnBootPhase_200_com.android.server.am.ActivityManagerService$Lifecycle took to complete: 0ms
10-19 17:06:15.685  3442  3442 D SystemServerTiming: OnBootPhase_200_com.android.server.pm.DataLoaderManagerService
10-19 17:06:15.685  3442  3442 V SystemServerTiming: OnBootPhase_200_com.android.server.pm.DataLoaderManagerService took to complete: 0ms
10-19 17:06:15.685  3442  3442 D SystemServerTiming: OnBootPhase_200_com.android.server.power.PowerManagerService
10-19 17:06:15.685  3442  3442 V SystemServerTiming: OnBootPhase_200_com.android.server.power.PowerManagerService took to complete: 0ms
10-19 17:06:15.685  3442  3442 D SystemServerTiming: OnBootPhase_200_com.android.server.power.ThermalManagerService
10-19 17:06:15.685  3442  3442 V SystemServerTiming: OnBootPhase_200_com.android.server.power.ThermalManagerService took to complete: 0ms
10-19 17:06:15.685  3442  3442 D SystemServerTiming: OnBootPhase_200_com.android.server.power.hint.HintManagerService
10-19 17:06:15.685  3442  3442 V SystemServerTiming: OnBootPhase_200_com.android.server.power.hint.HintManagerService took to complete: 0ms
10-19 17:06:15.685  3442  3442 D SystemServerTiming: OnBootPhase_200_com.android.server.recoverysystem.RecoverySystemService$Lifecycle
10-19 17:06:15.685  3442  3442 V SystemServerTiming: OnBootPhase_200_com.android.server.recoverysystem.RecoverySystemService$Lifecycle took to complete: 0ms
10-19 17:06:15.685  3442  3442 D SystemServerTiming: OnBootPhase_200_com.android.server.lights.LightsService
10-19 17:06:15.685  3442  3442 V SystemServerTiming: OnBootPhase_200_com.android.server.lights.LightsService took to complete: 0ms
10-19 17:06:15.685  3442  3442 D SystemServerTiming: OnBootPhase_200_com.android.server.display.DisplayManagerService
10-19 17:06:15.685  3442  3442 V SystemServerTiming: OnBootPhase_200_com.android.server.display.DisplayManagerService took to complete: 0ms
10-19 17:06:15.685  3442  3442 D SystemServerTiming: OnBootPhase_200_com.android.server.pm.verify.domain.DomainVerificationService
10-19 17:06:15.685  3442  3442 V SystemServerTiming: OnBootPhase_200_com.android.server.pm.verify.domain.DomainVerificationService took to complete: 0ms
10-19 17:06:15.685  3442  3442 D SystemServerTiming: OnBootPhase_200_com.android.server.pm.PackageInstallerService$Lifecycle
10-19 17:06:15.685  3442  3442 V SystemServerTiming: OnBootPhase_200_com.android.server.pm.PackageInstallerService$Lifecycle took to complete: 0ms
10-19 17:06:15.686  3442  3442 D SystemServerTiming: OnBootPhase_200_com.android.server.pm.UserManagerService$LifeCycle
10-19 17:06:15.686  3442  3442 V SystemServerTiming: OnBootPhase_200_com.android.server.pm.UserManagerService$LifeCycle took to complete: 0ms
10-19 17:06:15.686  3442  3442 D SystemServerTiming: OnBootPhase_200_com.android.server.om.OverlayManagerService
10-19 17:06:15.686  3442  3442 V SystemServerTiming: OnBootPhase_200_com.android.server.om.OverlayManagerService took to complete: 0ms
10-19 17:06:15.686  3442  3442 D SystemServerTiming: OnBootPhase_200_com.android.server.resources.ResourcesManagerService
10-19 17:06:15.686  3442  3442 V SystemServerTiming: OnBootPhase_200_com.android.server.resources.ResourcesManagerService took to complete: 0ms
10-19 17:06:15.686  3442  3442 D SystemServerTiming: OnBootPhase_200_com.android.server.sensorprivacy.SensorPrivacyService
10-19 17:06:15.686  3442  3442 V SystemServerTiming: OnBootPhase_200_com.android.server.sensorprivacy.SensorPrivacyService took to complete: 0ms
10-19 17:06:15.686  3442  3442 D SystemServerTiming: OnBootPhase_200_com.android.server.sensors.SensorService
10-19 17:06:15.686  3442  3442 V SystemServerTiming: OnBootPhase_200_com.android.server.sensors.SensorService took to complete: 0ms
10-19 17:06:15.686  3442  3442 D SystemServerTiming: OnBootPhase_200_com.android.server.SystemConfigService
10-19 17:06:15.686  3442  3442 V SystemServerTiming: OnBootPhase_200_com.android.server.SystemConfigService took to complete: 0ms
10-19 17:06:15.686  3442  3442 D SystemServerTiming: OnBootPhase_200_com.android.server.BatteryService
10-19 17:06:15.686  3442  3442 V SystemServerTiming: OnBootPhase_200_com.android.server.BatteryService took to complete: 0ms
10-19 17:06:15.686  3442  3442 D SystemServerTiming: OnBootPhase_200_com.android.server.usage.UsageStatsService
10-19 17:06:15.686  3442  3442 V SystemServerTiming: OnBootPhase_200_com.android.server.usage.UsageStatsService took to complete: 0ms
10-19 17:06:15.686  3442  3442 D SystemServerTiming: OnBootPhase_200_com.android.server.webkit.WebViewUpdateService
10-19 17:06:15.686  3442  3442 V SystemServerTiming: OnBootPhase_200_com.android.server.webkit.WebViewUpdateService took to complete: 0ms
10-19 17:06:15.686  3442  3442 D SystemServerTiming: OnBootPhase_200_com.android.server.CachedDeviceStateService
10-19 17:06:15.686  3442  3442 V SystemServerTiming: OnBootPhase_200_com.android.server.CachedDeviceStateService took to complete: 0ms
10-19 17:06:15.686  3442  3442 D SystemServerTiming: OnBootPhase_200_com.android.server.BinderCallsStatsService$LifeCycle
10-19 17:06:15.686  3442  3442 V SystemServerTiming: OnBootPhase_200_com.android.server.BinderCallsStatsService$LifeCycle took to complete: 0ms
10-19 17:06:15.686  3442  3442 D SystemServerTiming: OnBootPhase_200_com.android.server.LooperStatsService$Lifecycle
10-19 17:06:15.686  3442  3442 V SystemServerTiming: OnBootPhase_200_com.android.server.LooperStatsService$Lifecycle took to complete: 0ms
10-19 17:06:15.686  3442  3442 D SystemServerTiming: OnBootPhase_200_com.android.server.rollback.RollbackManagerService
10-19 17:06:15.686  3442  3442 V SystemServerTiming: OnBootPhase_200_com.android.server.rollback.RollbackManagerService took to complete: 0ms
10-19 17:06:15.686  3442  3442 D SystemServerTiming: OnBootPhase_200_com.android.server.os.NativeTombstoneManagerService
10-19 17:06:15.686  3442  3442 V SystemServerTiming: OnBootPhase_200_com.android.server.os.NativeTombstoneManagerService took to complete: 0ms
10-19 17:06:15.686  3442  3442 D SystemServerTiming: OnBootPhase_200_com.android.server.os.BugreportManagerService
10-19 17:06:15.686  3442  3442 V SystemServerTiming: OnBootPhase_200_com.android.server.os.BugreportManagerService took to complete: 0ms
10-19 17:06:15.686  3442  3442 D SystemServerTiming: OnBootPhase_200_com.android.server.gpu.GpuService
10-19 17:06:15.686  3442  3442 V SystemServerTiming: OnBootPhase_200_com.android.server.gpu.GpuService took to complete: 0ms
10-19 17:06:15.686  3442  3442 D SystemServerTiming: OnBootPhase_200_com.android.server.security.KeyChainSystemService
10-19 17:06:15.686  3442  3442 V SystemServerTiming: OnBootPhase_200_com.android.server.security.KeyChainSystemService took to complete: 0ms
10-19 17:06:15.686  3442  3442 D SystemServerTiming: OnBootPhase_200_com.android.server.BinaryTransparencyService
10-19 17:06:15.686  3442  3442 V SystemServerTiming: OnBootPhase_200_com.android.server.BinaryTransparencyService took to complete: 0ms
10-19 17:06:15.686  3442  3442 D SystemServerTiming: OnBootPhase_200_com.android.server.telecom.TelecomLoaderService
10-19 17:06:15.686  3442  3442 V SystemServerTiming: OnBootPhase_200_com.android.server.telecom.TelecomLoaderService took to complete: 0ms
10-19 17:06:15.686  3442  3442 D SystemServerTiming: OnBootPhase_200_com.android.server.accounts.AccountManagerService$Lifecycle
10-19 17:06:15.686  3442  3442 V SystemServerTiming: OnBootPhase_200_com.android.server.accounts.AccountManagerService$Lifecycle took to complete: 0ms
10-19 17:06:15.686  3442  3442 D SystemServerTiming: OnBootPhase_200_com.android.server.content.ContentService$Lifecycle
10-19 17:06:15.686  3442  3442 V SystemServerTiming: OnBootPhase_200_com.android.server.content.ContentService$Lifecycle took to complete: 0ms
10-19 17:06:15.686  3442  3442 D SystemServerTiming: OnBootPhase_200_com.android.server.DropBoxManagerService
10-19 17:06:15.686  3442  3442 V SystemServerTiming: OnBootPhase_200_com.android.server.DropBoxManagerService took to complete: 0ms
10-19 17:06:15.686  3442  3442 D SystemServerTiming: OnBootPhase_200_com.android.role.RoleService
10-19 17:06:15.686  3442  3442 V SystemServerTiming: OnBootPhase_200_com.android.role.RoleService took to complete: 0ms
10-19 17:06:15.687  3442  3442 D SystemServerTiming: OnBootPhase_200_com.android.server.vibrator.VibratorManagerService$Lifecycle
10-19 17:06:15.687  3442  3442 V SystemServerTiming: OnBootPhase_200_com.android.server.vibrator.VibratorManagerService$Lifecycle took to complete: 0ms
10-19 17:06:15.687  3442  3442 D SystemServerTiming: OnBootPhase_200_com.android.server.tare.InternalResourceService
10-19 17:06:15.687  3442  3442 V SystemServerTiming: OnBootPhase_200_com.android.server.tare.InternalResourceService took to complete: 0ms
10-19 17:06:15.687  3442  3442 D SystemServerTiming: OnBootPhase_200_com.android.server.alarm.AlarmManagerService
10-19 17:06:15.687  3442  3442 V SystemServerTiming: OnBootPhase_200_com.android.server.alarm.AlarmManagerService took to complete: 0ms
10-19 17:06:15.687  3442  3442 D SystemServerTiming: OnBootPhase_200_com.android.server.devicestate.DeviceStateManagerService
10-19 17:06:15.687  3442  3442 V SystemServerTiming: OnBootPhase_200_com.android.server.devicestate.DeviceStateManagerService took to complete: 0ms
10-19 17:06:15.687  3442  3442 D SystemServerTiming: OnBootPhase_200_com.android.server.camera.CameraServiceProxy
10-19 17:06:15.687  3442  3442 V SystemServerTiming: OnBootPhase_200_com.android.server.camera.CameraServiceProxy took to complete: 0ms
10-19 17:06:15.687  3442  3442 V SystemServerTiming: OnBootPhase_200 took to complete: 2ms
10-19 17:06:15.689  3442  3442 I WindowManager: No existing display settings, starting empty
10-19 17:06:15.690  3442  3442 I WindowManager: No existing display settings, starting empty
10-19 17:06:15.713  3442  3442 V SystemServerTiming: StartWindowManagerService took to complete: 29ms
10-19 17:06:15.713  3442  3442 D SystemServerTiming: SetWindowManagerService
10-19 17:06:15.763  3442  3442 I ActivityTaskManager: Loaded persisted task ids for user 0
10-19 17:06:15.766  3442  3442 V SystemServerTiming: SetWindowManagerService took to complete: 52ms
10-19 17:06:15.766  3442  3442 D SystemServerTiming: WindowManagerServiceOnInitReady
10-19 17:06:15.826  3442  3442 V SystemServerTiming: WindowManagerServiceOnInitReady took to complete: 60ms
10-19 17:06:15.826  3442  3442 D SystemServerTiming: StartVrManagerService
10-19 17:06:15.826  3442  3442 I SystemServiceManager: Starting com.android.server.vr.VrManagerService
10-19 17:06:15.827  3442  3535 D SystemServerTimingAsync: InitThreadPoolExec:StartHidlServices
10-19 17:06:15.827  3442  3535 D SystemServerInitThreadPool: Started executing StartHidlServices
10-19 17:06:15.827  3442  3535 D SystemServerTimingAsync: StartHidlServices
10-19 17:06:15.832  3442  3442 V SystemServerTiming: StartVrManagerService took to complete: 6ms
10-19 17:06:15.832  3442  3442 D SystemServerTiming: StartInputManager
10-19 17:06:15.833  3442  3442 I InputManager: Starting input manager
10-19 17:06:15.834  3442  3535 V SystemServerTimingAsync: StartHidlServices took to complete: 8ms
10-19 17:06:15.834  3442  3535 D SystemServerInitThreadPool: Finished executing StartHidlServices
10-19 17:06:15.834  3442  3535 V SystemServerTimingAsync: InitThreadPoolExec:StartHidlServices took to complete: 8ms
10-19 17:06:15.837  3442  3442 V SystemServerTiming: StartInputManager took to complete: 5ms
10-19 17:06:15.837  3442  3442 D SystemServerTiming: DisplayManagerWindowManagerAndInputReady
10-19 17:06:15.837  3442  3442 V SystemServerTiming: DisplayManagerWindowManagerAndInputReady took to complete: 0ms
10-19 17:06:15.837  3442  3442 I SystemServer: No Bluetooth Service (Bluetooth Hardware Not Present)
10-19 17:06:15.837  3442  3442 D SystemServerTiming: IpConnectivityMetrics
10-19 17:06:15.838  3442  3442 I SystemServiceManager: Starting com.android.server.connectivity.IpConnectivityMetrics
10-19 17:06:15.838  3442  3442 V SystemServerTiming: IpConnectivityMetrics took to complete: 1ms
10-19 17:06:15.838  3442  3442 D SystemServerTiming: NetworkWatchlistService
10-19 17:06:15.838  3442  3442 I SystemServiceManager: Starting com.android.server.net.watchlist.NetworkWatchlistService$Lifecycle
10-19 17:06:15.843  3442  3442 I WatchlistSettings: Reload watchlist settings done
10-19 17:06:15.845  3442  3442 V SystemServerTiming: NetworkWatchlistService took to complete: 6ms
10-19 17:06:15.845  3442  3442 D SystemServerTiming: PinnerService
10-19 17:06:15.845  3442  3442 I SystemServiceManager: Starting com.android.server.PinnerService
10-19 17:06:15.846  3442  3442 V HistoricalRegistry: Interaction before persistence initialized
10-19 17:06:15.847  3442  3539 I WatchlistLoggingHandler: No need to aggregate record yet.
10-19 17:06:15.847  3442  3539 I WatchlistLoggingHandler: Milliseconds spent on tryAggregateRecords(): 0
10-19 17:06:15.848  3442  3442 V SystemServerTiming: PinnerService took to complete: 4ms
10-19 17:06:15.849  3442  3442 D SystemServerTiming: SignedConfigService
10-19 17:06:15.849  3442  3442 V SystemServerTiming: SignedConfigService took to complete: 1ms
10-19 17:06:15.849  3442  3442 D SystemServerTiming: AppIntegrityService
10-19 17:06:15.849  3442  3442 I SystemServiceManager: Starting com.android.server.integrity.AppIntegrityManagerService
10-19 17:06:15.851  3442  3442 E IntegrityFileManager: Error creating staging and rules directory
10-19 17:06:15.855  3442  3442 V SystemServerTiming: AppIntegrityService took to complete: 6ms
10-19 17:06:15.855  3442  3442 D SystemServerTiming: StartLogcatManager
10-19 17:06:15.855  3442  3442 I SystemServiceManager: Starting com.android.server.logcat.LogcatManagerService
10-19 17:06:15.859  3442  3442 V SystemServerTiming: StartLogcatManager took to complete: 3ms
10-19 17:06:15.900  3442  3507 V SystemServerTimingAsync: AppDataPrepare took to complete: 636ms
10-19 17:06:15.900  3442  3507 I PackageManager: Deferred reconcileAppsData finished 159 packages
10-19 17:06:15.900  3442  3507 D SystemServerInitThreadPool: Finished executing prepareAppData
10-19 17:06:15.900  3442  3507 V SystemServerTimingAsync: InitThreadPoolExec:prepareAppData took to complete: 897ms
10-19 17:06:16.293  3442  3442 I WindowManager: SAFE MODE not enabled
10-19 17:06:16.293  3442  3442 D SystemServerTiming: StartInputMethodManagerLifecycle
10-19 17:06:16.293  3442  3442 I SystemServiceManager: Starting com.android.server.inputmethod.InputMethodManagerService$Lifecycle
10-19 17:06:16.298  3442  3442 V SystemServerTiming: StartInputMethodManagerLifecycle took to complete: 5ms
10-19 17:06:16.299  3442  3442 D SystemServerTiming: StartAccessibilityManagerService
10-19 17:06:16.299  3442  3442 I SystemServiceManager: Starting com.android.server.accessibility.AccessibilityManagerService$Lifecycle
10-19 17:06:16.303  3442  3442 V SystemServerTiming: StartAccessibilityManagerService took to complete: 5ms
10-19 17:06:16.303  3442  3442 D SystemServerTiming: MakeDisplayReady
10-19 17:06:16.309  3442  3442 I ActivityTaskManager: Config changes=20005df8 {1.0 ?mcc?mnc [en_US] ldltr sw1080dp w1920dp h1080dp 160dpi xlrg long land ?uimode ?night -touch qwerty/v/v dpad/v winConfig={ mBounds=Rect(0, 0 - 1920, 1080) mAppBounds=Rect(0, 0 - 1920, 1080) mMaxBounds=Rect(0, 0 - 1920, 1080) mDisplayRotation=ROTATION_0 mWindowingMode=fullscreen mDisplayWindowingMode=fullscreen mActivityType=undefined mAlwaysOnTop=undefined mRotation=ROTATION_0} s.2 ?fontWeightAdjustment}
10-19 17:06:16.311  3442  3442 I WindowManager: Override config changes=60007dfc {1.0 ?mcc?mnc [en_US] ldltr sw1080dp w1920dp h1080dp 160dpi xlrg long land ?uimode ?night -touch qwerty/v/v dpad/v winConfig={ mBounds=Rect(0, 0 - 1920, 1080) mAppBounds=Rect(0, 0 - 1920, 1080) mMaxBounds=Rect(0, 0 - 1920, 1080) mDisplayRotation=ROTATION_0 mWindowingMode=fullscreen mDisplayWindowingMode=fullscreen mActivityType=undefined mAlwaysOnTop=undefined mRotation=ROTATION_0} s.2 ?fontWeightAdjustment} for displayId=0
10-19 17:06:16.313  3442  3442 I DisplayDevice: [0] Layerstack set to 0 for local:0
10-19 17:06:16.317  3442  3442 V SystemServerTiming: MakeDisplayReady took to complete: 13ms
10-19 17:06:16.317  3442  3442 D SystemServerTiming: StartStorageManagerService
10-19 17:06:16.317  3442  3442 I SystemServiceManager: Starting com.android.server.StorageManagerService$Lifecycle
10-19 17:06:16.332  3442  3543 D StorageManagerService: Thinking about init, mBootCompleted=false, mDaemonConnected=true
10-19 17:06:16.332  3442  3543 D StorageManagerService: Thinking about reset, mBootCompleted=false, mDaemonConnected=true
10-19 17:06:16.333  3442  3543 D StorageManagerService: Thinking about init, mBootCompleted=false, mDaemonConnected=true
10-19 17:06:16.333  3442  3543 D StorageManagerService: Thinking about reset, mBootCompleted=false, mDaemonConnected=true
10-19 17:06:16.334  3442  3442 V SystemServerTiming: StartStorageManagerService took to complete: 17ms
10-19 17:06:16.334  3442  3442 D SystemServerTiming: StartStorageStatsService
10-19 17:06:16.334  3442  3442 I SystemServiceManager: Starting com.android.server.usage.StorageStatsService$Lifecycle
10-19 17:06:16.348  3442  3442 V SystemServerTiming: StartStorageStatsService took to complete: 14ms
10-19 17:06:16.348  3442  3442 D SystemServerTiming: StartUiModeManager
10-19 17:06:16.348  3442  3442 I SystemServiceManager: Starting com.android.server.UiModeManagerService
10-19 17:06:16.348  3442  3471 D SystemServerTimingAsync: InitThreadPoolExec:UiModeManager.onStart
10-19 17:06:16.348  3442  3471 D SystemServerInitThreadPool: Started executing UiModeManager.onStart
10-19 17:06:16.349  3442  3442 V SystemServerTiming: StartUiModeManager took to complete: 2ms
10-19 17:06:16.349  3442  3442 D SystemServerTiming: StartLocaleManagerService
10-19 17:06:16.349  3442  3442 I SystemServiceManager: Starting com.android.server.locales.LocaleManagerService
10-19 17:06:16.352  3442  3442 V SystemServerTiming: StartLocaleManagerService took to complete: 2ms
10-19 17:06:16.352  3442  3442 D SystemServerTiming: UpdatePackagesIfNeeded
10-19 17:06:16.352  3442  3442 I Watchdog: Pausing HandlerChecker: main thread for reason: dexopt. Pause count: 1
10-19 17:06:16.353  3442  3442 I Watchdog: Resuming HandlerChecker: main thread for reason: dexopt. Pause count: 0
10-19 17:06:16.354  3442  3442 V SystemServerTiming: UpdatePackagesIfNeeded took to complete: 1ms
10-19 17:06:16.354  3442  3442 D SystemServerTiming: PerformFstrimIfNeeded
10-19 17:06:16.354  3442  3442 V SystemServerTiming: PerformFstrimIfNeeded took to complete: 1ms
10-19 17:06:16.354  3442  3442 D SystemServerTiming: StartLockSettingsService
10-19 17:06:16.355  3442  3442 I SystemServiceManager: Starting com.android.server.locksettings.LockSettingsService$Lifecycle
10-19 17:06:16.360  3442  3471 D SystemServerInitThreadPool: Finished executing UiModeManager.onStart
10-19 17:06:16.360  3442  3471 V SystemServerTimingAsync: InitThreadPoolExec:UiModeManager.onStart took to complete: 11ms
10-19 17:06:16.367  3442  3442 V SystemServerTiming: StartLockSettingsService took to complete: 12ms
10-19 17:06:16.367  3442  3442 D SystemServerTiming: StartTestHarnessMode
10-19 17:06:16.367  3442  3442 I SystemServiceManager: Starting com.android.server.testharness.TestHarnessModeService
10-19 17:06:16.368  3442  3442 V SystemServerTiming: StartTestHarnessMode took to complete: 1ms
10-19 17:06:16.369  3442  3442 I OemLock : OemLock HAL not present on device
10-19 17:06:16.369  3442  3442 D SystemServerTiming: StartDeviceIdleController
10-19 17:06:16.369  3442  3442 I SystemServiceManager: Starting com.android.server.DeviceIdleController
10-19 17:06:16.373  3442  3442 V SystemServerTiming: StartDeviceIdleController took to complete: 5ms
10-19 17:06:16.373  3442  3442 D SystemServerTiming: StartDevicePolicyManager
10-19 17:06:16.373  3442  3442 I SystemServiceManager: Starting com.android.server.devicepolicy.DevicePolicyManagerService$Lifecycle
10-19 17:06:16.380  3442  3442 I DevicePolicyManager: Current version 3, latest version 3, not upgrading.
