10-19 17:06:03.367     0     0 I [    2.667745@0] init: Setting property 'ro.product.cpu.abilist' to 'arm64-v8a,armeabi-v7a,armeabi'
10-19 17:06:03.367     0     0 I [    2.667769@0] init: Setting property 'ro.product.cpu.abilist32' to 'armeabi-v7a,armeabi'
10-19 17:06:03.367     0     0 I [    2.667794@0] init: Setting property 'ro.product.cpu.abilist64' to 'arm64-v8a'
10-19 17:06:03.367     0     0 I [    2.686103@2] selinux: SELinux: Loaded file_contexts
10-19 17:06:03.367     0     0 I [    2.686108@2] selinux:  
10-19 17:06:03.367     0     0 I [    2.686138@2] init: Running restorecon...
10-19 17:06:03.367     0     0 E [    2.693157@2] selinux: SELinux: Could not get canonical path for /metadata/ota/rollback-indicator restorecon: No such file or directory.
10-19 17:06:03.367     0     0 E [    2.699786@2] selinux:  
10-19 17:06:03.367     0     0 E [    2.702230@2] selinux: SELinux:  Could not stat /metadata/gsi: No such file or directory.
10-19 17:06:03.367     0     0 E [    2.710353@2] selinux:  
10-19 17:06:03.367     0     0 I [    2.713244@2] init: Created socket '/dev/socket/property_service', mode 666, user 0, group 0
10-19 17:06:03.367     0     0 I [    2.717009@3] init: SetupMountNamespaces done
10-19 17:06:03.367     0     0 I [    2.717798@3] init: Forked subcontext for 'u:r:vendor_init:s0' with pid 2408
10-19 17:06:03.367     0     0 I [    2.717866@3] init: Parsing file /system/etc/init/hw/init.rc...
10-19 17:06:03.367     0     0 I [    2.718013@3] init: Added '/init.environ.rc' to import list
10-19 17:06:03.367     0     0 I [    2.718024@3] init: Added '/system/etc/init/hw/init.usb.rc' to import list
10-19 17:06:03.367     0     0 I [    2.718036@3] init: Added '/init.odroidn2.rc' to import list
10-19 17:06:03.367     0     0 I [    2.718055@3] init: Added '/vendor/etc/init/hw/init.odroidn2.rc' to import list
10-19 17:06:03.367     0     0 I [    2.718063@3] init: Added '/system/etc/init/hw/init.usb.configfs.rc' to import list
10-19 17:06:03.367     0     0 I [    2.718077@3] init: Added '/system/etc/init/hw/init.zygote64_32.rc' to import list
10-19 17:06:03.367     0     0 I [    2.719945@3] init: Parsing file /init.environ.rc...
10-19 17:06:03.367     0     0 I [    2.720377@3] init: Parsing file /system/etc/init/hw/init.usb.rc...
10-19 17:06:03.367     0     0 I [    2.720913@3] init: Parsing file /init.odroidn2.rc...
10-19 17:06:03.367     0     0 I [    2.720932@3] init: Unable to read config file '/init.odroidn2.rc': open() failed: No such file or directory
10-19 17:06:03.367     0     0 I [    2.721379@3] init: Parsing file /vendor/etc/init/hw/init.odroidn2.rc...
10-19 17:06:03.367     0     0 I [    2.721853@3] init: Added '/vendor/etc/init/hw/init.odroid.usb.rc' to import list
10-19 17:06:03.367     0     0 I [    2.721864@3] init: Added '/vendor/etc/init/hw/init.odroid.board.rc' to import list
10-19 17:06:03.367     0     0 I [    2.721881@3] init: Added '/vendor/etc/init/hw/init.odroid.wifi.rc' to import list
10-19 17:06:03.367     0     0 I [    2.721889@3] init: Added '/vendor/etc/init/hw/init.odroid.media.rc' to import list
10-19 17:06:03.367     0     0 I [    2.721897@3] init: Added '/vendor/etc/init/hw/init.odroid.common.rc' to import list
10-19 17:06:03.367     0     0 I [    2.723203@3] init: Parsing file /vendor/etc/init/hw/init.odroid.usb.rc...
10-19 17:06:03.367     0     0 I [    2.724033@3] init: Parsing file /vendor/etc/init/hw/init.odroid.board.rc...
10-19 17:06:03.367     0     0 I [    2.724496@3] init: Parsing file /vendor/etc/init/hw/init.odroid.wifi.rc...
10-19 17:06:03.367     0     0 I [    2.724780@3] init: Parsing file /vendor/etc/init/hw/init.odroid.media.rc...
10-19 17:06:03.368     0     0 I [    2.725011@3] init: Parsing file /vendor/etc/init/hw/init.odroid.common.rc...
10-19 17:06:03.368     0     0 I [    2.725405@3] init: Parsing file /system/etc/init/hw/init.usb.configfs.rc...
10-19 17:06:03.368     0     0 I [    2.726036@3] init: Parsing file /system/etc/init/hw/init.zygote64_32.rc...
10-19 17:06:03.368     0     0 I [    2.726342@3] init: Parsing directory /system/etc/init...
10-19 17:06:03.368     0     0 I [    2.726490@3] init: Parsing file /system/etc/init/android.hidl.allocator@1.0-service.rc...
10-19 17:06:03.368     0     0 I [    2.726693@3] init: Parsing file /system/etc/init/android.system.suspend@1.0-service.rc...
10-19 17:06:03.368     0     0 I [    2.726874@3] init: Parsing file /system/etc/init/apexd.rc...
10-19 17:06:03.368     0     0 I [    2.727083@3] init: Parsing file /system/etc/init/atrace.rc...
10-19 17:06:03.368     0     0 I [    2.728209@3] init: Parsing file /system/etc/init/atrace_userdebug.rc...
10-19 17:06:03.368     0     0 I [    2.728461@3] init: Parsing file /system/etc/init/audioserver.rc...
10-19 17:06:03.368     0     0 I [    2.728775@3] init: Parsing file /system/etc/init/blank_screen.rc...
10-19 17:06:03.368     0     0 I [    2.728952@3] init: Parsing file /system/etc/init/bootanim.rc...
10-19 17:06:03.368     0     0 I [    2.729124@3] init: Parsing file /system/etc/init/bootstat-debug.rc...
10-19 17:06:03.368     0     0 I [    2.729312@3] init: Parsing file /system/etc/init/bootstat.rc...
10-19 17:06:03.368     0     0 I [    2.729642@3] init: Parsing file /system/etc/init/bpfloader.rc...
10-19 17:06:03.368     0     0 I [    2.729900@3] init: Parsing file /system/etc/init/cameraserver.rc...
10-19 17:06:03.368     0     0 I [    2.730110@3] init: Parsing file /system/etc/init/clean_scratch_files.rc...
10-19 17:06:03.368     0     0 I [    2.730302@3] init: Parsing file /system/etc/init/credstore.rc...
10-19 17:06:03.368     0     0 I [    2.730494@3] init: Parsing file /system/etc/init/dmesgd.rc...
10-19 17:06:03.368     0     0 I [    2.730708@3] init: Parsing file /system/etc/init/drmserver.rc...
10-19 17:06:03.368     0     0 I [    2.730921@3] init: Parsing file /system/etc/init/dumpstate.rc...
10-19 17:06:03.368     0     0 I [    2.731164@3] init: Parsing file /system/etc/init/flags_health_check.rc...
10-19 17:06:03.368     0     0 I [    2.731359@3] init: Parsing file /system/etc/init/gatekeeperd.rc...
10-19 17:06:03.368     0     0 I [    2.731564@3] init: Parsing file /system/etc/init/gpuservice.rc...
10-19 17:06:03.368     0     0 I [    2.731749@3] init: Parsing file /system/etc/init/gsid.rc...
10-19 17:06:03.368     0     0 I [    2.731979@3] init: Parsing file /system/etc/init/heapprofd.rc...
10-19 17:06:03.368     0     0 I [    2.732239@3] init: Parsing file /system/etc/init/hwservicemanager.rc...
10-19 17:06:03.368     0     0 I [    2.732438@3] init: Parsing file /system/etc/init/idmap2d.rc...
10-19 17:06:03.368     0     0 I [    2.732609@3] init: Parsing file /system/etc/init/incidentd.rc...
10-19 17:06:03.368     0     0 I [    2.732785@3] init: Parsing file /system/etc/init/init-debug.rc...
10-19 17:06:03.368     0     0 I [    2.732998@3] init: Parsing file /system/etc/init/installd.rc...
10-19 17:06:03.368     0     0 I [    2.733365@3] init: Parsing file /system/etc/init/keystore2.rc...
10-19 17:06:03.368     0     0 I [    2.733551@3] init: Parsing file /system/etc/init/llkd.rc...
10-19 17:06:03.368     0     0 I [    2.733803@3] init: Parsing file /system/etc/init/lmkd.rc...
10-19 17:06:03.368     0     0 I [    2.734046@3] init: Parsing file /system/etc/init/logcatd.rc...
10-19 17:06:03.368     0     0 I [    2.734306@3] init: Parsing file /system/etc/init/logd.rc...
10-19 17:06:03.368     0     0 I [    2.734524@3] init: Parsing file /system/etc/init/logtagd.rc...
10-19 17:06:03.368     0     0 I [    2.734693@3] init: Parsing file /system/etc/init/lpdumpd.rc...
10-19 17:06:03.368     0     0 I [    2.734899@3] init: Parsing file /system/etc/init/mdnsd.rc...
10-19 17:06:03.368     0     0 I [    2.735074@3] init: Parsing file /system/etc/init/mediaextractor.rc...
10-19 17:06:03.368     0     0 I [    2.735241@3] init: Parsing file /system/etc/init/mediametrics.rc...
10-19 17:06:03.368     0     0 I [    2.735403@3] init: Parsing file /system/etc/init/mediaserver.rc...
10-19 17:06:03.368     0     0 I [    2.735594@3] init: Parsing file /system/etc/init/mtpd.rc...
10-19 17:06:03.368     0     0 I [    2.735763@3] init: Parsing file /system/etc/init/netd.rc...
10-19 17:06:03.368     0     0 I [    2.735984@3] init: Parsing file /system/etc/init/odsign.rc...
10-19 17:06:03.368     0     0 I [    2.736159@3] init: Parsing file /system/etc/init/perfetto.rc...
10-19 17:06:03.368     0     0 I [    2.736519@3] init: Parsing file /system/etc/init/prng_seeder.rc...
10-19 17:06:03.368     0     0 I [    2.736712@3] init: Parsing file /system/etc/init/profcollectd.rc...
10-19 17:06:03.368     0     0 I [    2.736927@3] init: Parsing file /system/etc/init/racoon.rc...
10-19 17:06:03.368     0     0 I [    2.737109@3] init: Parsing file /system/etc/init/recovery-persist.rc...
10-19 17:06:03.368     0     0 I [    2.737279@3] init: Parsing file /system/etc/init/rss_hwm_reset.rc...
10-19 17:06:03.368     0     0 I [    2.737468@3] init: Parsing file /system/etc/init/servicemanager.rc...
10-19 17:06:03.368     0     0 I [    2.737658@3] init: Parsing file /system/etc/init/simpleperf.rc...
10-19 17:06:03.368     0     0 I [    2.737867@3] init: Parsing file /system/etc/init/snapuserd.rc...
10-19 17:06:03.368     0     0 I [    2.738097@3] init: Parsing file /system/etc/init/storaged.rc...
10-19 17:06:03.368     0     0 I [    2.738289@3] init: Parsing file /system/etc/init/surfaceflinger.rc...
10-19 17:06:03.368     0     0 I [    2.738515@3] init: Parsing file /system/etc/init/tombstoned.rc...
10-19 17:06:03.368     0     0 I [    2.738706@3] init: Parsing file /system/etc/init/traced_perf.rc...
10-19 17:06:03.368     0     0 I [    2.738951@3] init: Parsing file /system/etc/init/uncrypt.rc...
10-19 17:06:03.368     0     0 I [    2.739150@3] init: Parsing file /system/etc/init/usbd.rc...
10-19 17:06:03.368     0     0 I [    2.739337@3] init: Parsing file /system/etc/init/vold.rc...
10-19 17:06:03.368     0     0 I [    2.739522@3] init: Parsing file /system/etc/init/wifi.rc...
10-19 17:06:03.368     0     0 I [    2.739911@3] init: Parsing file /system/etc/init/wificond.rc...
10-19 17:06:03.368     0     0 I [    2.740146@3] init: Parsing directory /system_ext/etc/init...
10-19 17:06:03.368     0     0 I [    2.740184@3] init: Parsing file /system_ext/etc/init/adb_root.rc...
10-19 17:06:03.368     0     0 I [    2.740412@3] init: Parsing file /system_ext/etc/init/init.lineage-system_ext.rc...
10-19 17:06:03.368     0     0 E [    2.740596@3] init: /system_ext/etc/init/init.lineage-system_ext.rc: 6: ignored duplicate definition of service 'bugreport'
10-19 17:06:03.368     0     0 I [    2.746104@3] init: Parsing file /system_ext/etc/init/init.lineage-updater.rc...
10-19 17:06:03.368     0     0 I [    2.746417@3] init: Parsing directory /vendor/etc/init...
10-19 17:06:03.368     0     0 I [    2.746493@3] init: Parsing file /vendor/etc/init/android.hardware.audio.service.rc...
10-19 17:06:03.368     0     0 I [    2.746800@3] init: Parsing file /vendor/etc/init/android.hardware.bluetooth@1.1-service.btlinux.rc...
10-19 17:06:03.368     0     0 I [    2.746989@3] init: Parsing file /vendor/etc/init/android.hardware.camera.provider@2.7-external-service.rc...
10-19 17:06:03.368     0     0 I [    2.747259@3] init: Parsing file /vendor/etc/init/android.hardware.cas@1.2-service.rc...
10-19 17:06:03.368     0     0 I [    2.747452@3] init: Parsing file /vendor/etc/init/android.hardware.configstore@1.1-service.rc...
10-19 17:06:03.368     0     0 I [    2.747660@3] init: Parsing file /vendor/etc/init/android.hardware.drm@1.0-service.rc...
10-19 17:06:03.368     0     0 I [    2.747864@3] init: Parsing file /vendor/etc/init/android.hardware.drm@1.1-service.widevine.rc...
10-19 17:06:03.368     0     0 W [    2.748218@3] init: 'writepid /dev/cpuset/foreground/tasks' is converted into 'task_profiles ProcessCapacityHigh' for service vendor.drm-widevine-hal-1-1
10-19 17:06:03.368     0     0 I [    2.748237@3] init: Parsing file /vendor/etc/init/android.hardware.dumpstate@1.0-service.droidlogic.rc...
10-19 17:06:03.368     0     0 I [    2.748425@3] init: Parsing file /vendor/etc/init/android.hardware.gatekeeper@1.0-service.software.rc...
10-19 17:06:03.368     0     0 I [    2.748609@3] init: Parsing file /vendor/etc/init/android.hardware.gnss@1.0-service.legacy.rc...
10-19 17:06:03.368     0     0 I [    2.748806@3] init: Parsing file /vendor/etc/init/android.hardware.graphics.allocator@4.0-service.rc...
10-19 17:06:03.368     0     0 I [    2.748985@3] init: Parsing file /vendor/etc/init/android.hardware.graphics.composer@2.2-service.rc...
10-19 17:06:03.368     0     0 I [    2.749161@3] init: Parsing file /vendor/etc/init/android.hardware.health@2.1-service.rc...
10-19 17:06:03.368     0     0 I [    2.749335@3] init: Parsing file /vendor/etc/init/android.hardware.keymaster@3.0-service.rc...
10-19 17:06:03.368     0     0 I [    2.749512@3] init: Parsing file /vendor/etc/init/android.hardware.light@2.0-service.rc...
10-19 17:06:03.368     0     0 I [    2.749691@3] init: Parsing file /vendor/etc/init/android.hardware.media.omx@1.0-service.rc...
10-19 17:06:03.368     0     0 I [    2.749867@3] init: Parsing file /vendor/etc/init/android.hardware.power@1.0-service.rc...
10-19 17:06:03.368     0     0 I [    2.750064@3] init: Parsing file /vendor/etc/init/android.hardware.thermal@1.0-service.rc...
10-19 17:06:03.368     0     0 I [    2.750238@3] init: Parsing file /vendor/etc/init/android.hardware.tv.cec@1.0-service.rc...
10-19 17:06:03.368     0     0 I [    2.750417@3] init: Parsing file /vendor/etc/init/android.hardware.usb@1.0-service.odroid.rc...
10-19 17:06:03.368     0     0 I [    2.750590@3] init: Parsing file /vendor/etc/init/android.hardware.wifi@1.0-service.rc...
10-19 17:06:03.368     0     0 I [    2.750817@3] init: Parsing file /vendor/etc/init/boringssl_self_test.rc...
10-19 17:06:03.368     0     0 I [    2.751027@3] init: Parsing file /vendor/etc/init/hdmicecd.rc...
10-19 17:06:03.368     0     0 I [    2.751206@3] init: Parsing file /vendor/etc/init/hostapd.android.rc...
10-19 17:06:03.368     0     0 I [    2.751407@3] init: Parsing file /vendor/etc/init/ir_config.rc...
10-19 17:06:03.368     0     0 I [    2.751579@3] init: Parsing file /vendor/etc/init/rc_server.rc...
10-19 17:06:03.368     0     0 I [    2.751746@3] init: Parsing file /vendor/etc/init/systemcontrol.rc...
10-19 17:06:03.368     0     0 I [    2.751963@3] init: Parsing file /vendor/etc/init/vendor.hardkernel.hardware.odroidthings@1.0-service.rc...
10-19 17:06:03.368     0     0 I [    2.752149@3] init: Parsing file /vendor/etc/init/vndservicemanager.rc...
10-19 17:06:03.368     0     0 I [    2.752589@3] init: Parsing directory /odm/etc/init...
10-19 17:06:03.368     0     0 I [    2.752644@3] init: Parsing directory /product/etc/init...
10-19 17:06:03.368     0     0 I [    2.752854@3] init: Parsing file /product/etc/init/init.openssh.rc...
10-19 17:06:03.368     0     0 I [    2.753782@3] init: processing action (SetupCgroups) from (<Builtin Action>:0)
10-19 17:06:03.368     0     0 E [    2.756454@3] cgroup: cgroup2: unknown option "memory_recursiveprot"
10-19 17:06:03.368     0     0 I [    2.757197@3] libprocessgroup: Mounting memcg with memory_recursiveprot failed. Retrying without.
10-19 17:06:03.368     0     0 I [    2.758530@3] init: Untracked pid 2385 exited with status 0
10-19 17:06:03.368     0     0 I [    2.758541@3] init: Untracked pid 2385 did not have an associated service entry and will not be reaped
10-19 17:06:03.368     0     0 I [    2.760989@3] init: processing action (SetKptrRestrict) from (<Builtin Action>:0)
10-19 17:06:03.368     0     0 I [    2.761265@3] init: processing action (TestPerfEventSelinux) from (<Builtin Action>:0)
10-19 17:06:03.368     0     0 I [    2.761297@3] init: Permissive SELinux boot, forcing sys.init.perf_lsm_hooks to 1.
10-19 17:06:03.368     0     0 I [    2.761486@3] init: processing action (ConnectEarlyStageSnapuserd) from (<Builtin Action>:0)
10-19 17:06:03.368     0     0 I [    2.761528@3] init: processing action (early-init) from (/system/etc/init/hw/init.rc:15)
10-19 17:06:03.368     0     0 E         : [    2.809380@5] usb 1-1.3: Unsupported device
10-19 17:06:03.368     0     0 I [    2.831890@3] init: Command 'write /proc/sys/kernel/sysrq 0' action=early-init (/system/etc/init/hw/init.rc:17) took 70ms and succeeded
10-19 17:06:03.368     0     0 I [    2.832914@3] init: Command 'mkdir /acct/uid' action=early-init (/system/etc/init/hw/init.rc:30) took 0ms and failed: mkdir() failed on /acct/uid: Read-only file system
10-19 17:06:03.368     0     0 I [    2.836237@3] init: starting service 'exec 1 (/system/bin/bootstrap/linkerconfig --target /linkerconfig/bootstrap)'...
10-19 17:06:03.368     0     0 I [    2.838631@3] init: SVC_EXEC service 'exec 1 (/system/bin/bootstrap/linkerconfig --target /linkerconfig/bootstrap)' pid 2419 (uid 0 gid 0+0 context default) started; waiting...
10-19 17:06:03.368     0     0 E [    2.853303@1] linkerconfig: Unable to access VNDK APEX at path: /apex/com.android.vndk.v33: No such file or directory
10-19 17:06:03.368     0     0 I [    2.862325@0] init: Service 'exec 1 (/system/bin/bootstrap/linkerconfig --target /linkerconfig/bootstrap)' (pid 2419) exited with status 0 waiting took 0.025000 seconds
10-19 17:06:03.368     0     0 I [    2.862348@0] init: Sending signal 9 to service 'exec 1 (/system/bin/bootstrap/linkerconfig --target /linkerconfig/bootstrap)' (pid 2419) process group...
10-19 17:06:03.368     0     0 I [    2.862546@0] libprocessgroup: Successfully killed process cgroup uid 0 pid 2419 in 0ms
10-19 17:06:03.368     0     0 I [    2.864399@0] init: starting service 'ueventd'...
10-19 17:06:03.368     0     0 I [    2.868131@2] init: starting service 'apexd-bootstrap'...
10-19 17:06:03.368     0     0 I [    2.870605@0] init: SVC_EXEC service 'apexd-bootstrap' pid 2421 (uid 0 gid 1000+0 context default) started; waiting...
10-19 17:06:03.368     0     0 I [    2.893692@0] ueventd: ueventd started!
10-19 17:06:03.368     0     0 I [    2.898195@0] selinux: SELinux: Loaded file_contexts
10-19 17:06:03.368     0     0 I [    2.898204@0] selinux:  
10-19 17:06:03.368     0     0 I [    2.900614@2] Bluetooth: hci0: RTL: examining hci_ver=08 hci_rev=000c lmp_ver=08 lmp_subver=8821
10-19 17:06:03.368     0     0 I [    2.901623@1] Bluetooth: hci0: RTL: rom_version status=0 version=1
10-19 17:06:03.368     0     0 I [    2.901630@1] Bluetooth: hci0: RTL: loading rtl_bt/rtl8821c_fw.bin
10-19 17:06:03.368     0     0 I [    2.903361@2] ueventd: CopyDistFiles: Destination file "/odm/etc/build.prop" exists, skipping
10-19 17:06:03.368     0     0 I [    2.903389@2] ueventd: CopyDistFiles: Destination file "/odm/etc/ueventd.rc" exists, skipping
10-19 17:06:03.368     0     0 I [    2.903411@2] ueventd: CopyDistFiles: Destination file "/odm/etc/modprobe.d/default.conf" exists, skipping
10-19 17:06:03.368     0     0 I [    2.903459@2] ueventd: CopyDistFiles: Destination file "/odm/external_camera_config.xml" exists, skipping
10-19 17:06:03.368     0     0 I [    2.903493@2] ueventd: CopyDistFiles: Destination file "/odm/usb_modeswitch.conf" exists, skipping
10-19 17:06:03.368     0     0 I [    2.903513@2] ueventd: CopyDistFiles: Destination file "/odm/remote.tab4" exists, skipping
10-19 17:06:03.368     0     0 I [    2.903520@2] ueventd: Done copy dist files to /odm
10-19 17:06:03.368     0     0 I [    2.903702@2] ueventd: Parsing file /system/etc/ueventd.rc...
10-19 17:06:03.368     0     0 I [    2.904065@2] ueventd: Added '/vendor/etc/ueventd.rc' to import list
10-19 17:06:03.368     0     0 I [    2.904074@2] ueventd: Added '/odm/etc/ueventd.rc' to import list
10-19 17:06:03.368     0     0 I [    2.904357@2] ueventd: Parsing file /vendor/etc/ueventd.rc...
10-19 17:06:03.368     0     0 I [    2.904376@2] ueventd: Unable to read config file '/vendor/etc/ueventd.rc': open() failed: No such file or directory
10-19 17:06:03.368     0     0 I [    2.904400@2] ueventd: Parsing file /odm/etc/ueventd.rc...
10-19 17:06:03.368     0     0 I [    2.904413@2] ueventd: MNG allow insecure file /odm/etc/ueventd.rc
10-19 17:06:03.368     0     0 I [    2.904654@2] ueventd: Parsing file /vendor/ueventd.rc...
10-19 17:06:03.368     0     0 I [    2.904670@2] ueventd: Unable to read config file '/vendor/ueventd.rc': open() failed: No such file or directory
10-19 17:06:03.368     0     0 I [    2.904691@2] ueventd: Parsing file /odm/ueventd.rc...
10-19 17:06:03.368     0     0 I [    2.904704@2] ueventd: Unable to read config file '/odm/ueventd.rc': open() failed: No such file or directory
10-19 17:06:03.368     0     0 I [    2.904714@2] ueventd: Parsing file /odm/etc/ueventd.rc...
10-19 17:06:03.368     0     0 I [    2.904725@2] ueventd: MNG allow insecure file /odm/etc/ueventd.rc
10-19 17:06:03.368     0     0 E [    2.904748@2] ueventd: /odm/etc/ueventd.rc: 3: ignoring duplicate subsystem entry
10-19 17:06:03.368     0     0 I [    2.906715@2] ueventd: Parsing file /ueventd.odroidn2.rc...
10-19 17:06:03.368     0     0 E [    2.908404@2] ueventd: /ueventd.odroidn2.rc: 102: /sys/ lines must have 5 or 6 entries
10-19 17:06:03.368     0     0 I [    2.914632@0] Bluetooth: hci0: RTL: loading rtl_bt/rtl8821c_config.bin
10-19 17:06:03.368     0     0 I [    2.915992@0] Bluetooth: hci0: RTL: cfg_sz 10, total sz 34926
10-19 17:06:03.368     0     0 I [    2.942693@0] apexd: Bootstrap subcommand detected
10-19 17:06:03.368     0     0 I [    2.942825@0] apexd: ActivateFlattenedApex
10-19 17:06:03.368     0     0 I [    2.942872@0] apexd: Scanning /system/apex
10-19 17:06:03.368     0     0 I [    2.945024@1] apexd: Bind mounting /system/apex/com.android.adbd onto /apex/com.android.adbd
10-19 17:06:03.368     0     0 I [    2.946040@5] apexd: Bind mounting /system/apex/com.android.adservices onto /apex/com.android.adservices
10-19 17:06:03.368     0     0 I [    2.946706@2] apexd: Bind mounting /system/apex/com.android.appsearch onto /apex/com.android.appsearch
10-19 17:06:03.368     0     0 I [    2.947270@5] apexd: Bind mounting /system/apex/com.android.art onto /apex/com.android.art
10-19 17:06:03.368     0     0 I [    2.948408@5] apexd: Bind mounting /system/apex/com.android.btservices onto /apex/com.android.btservices
10-19 17:06:03.368     0     0 I [    2.948975@5] apexd: Bind mounting /system/apex/com.android.conscrypt onto /apex/com.android.conscrypt
10-19 17:06:03.368     0     0 I [    2.949451@5] apexd: Bind mounting /system/apex/com.android.extservices onto /apex/com.android.extservices
10-19 17:06:03.368     0     0 I [    2.949933@5] apexd: Bind mounting /system/apex/com.android.i18n onto /apex/com.android.i18n
10-19 17:06:03.368     0     0 I [    2.951153@1] apexd: Bind mounting /system/apex/com.android.ipsec onto /apex/com.android.ipsec
10-19 17:06:03.368     0     0 I [    2.952004@1] apexd: Bind mounting /system/apex/com.android.media onto /apex/com.android.media
10-19 17:06:03.368     0     0 I [    2.952905@1] apexd: Bind mounting /system/apex/com.android.media.swcodec onto /apex/com.android.media.swcodec
10-19 17:06:03.368     0     0 I [    2.954230@1] apexd: Bind mounting /system/apex/com.android.mediaprovider onto /apex/com.android.mediaprovider
10-19 17:06:03.368     0     0 I [    2.955143@1] apexd: Bind mounting /system/apex/com.android.neuralnetworks onto /apex/com.android.neuralnetworks
10-19 17:06:03.368     0     0 I [    2.956006@4] apexd: Bind mounting /system/apex/com.android.ondevicepersonalization onto /apex/com.android.ondevicepersonalization
10-19 17:06:03.368     0     0 I [    2.956815@1] apexd: Bind mounting /system/apex/com.android.os.statsd onto /apex/com.android.os.statsd
10-19 17:06:03.368     0     0 I [    2.957552@1] apexd: Bind mounting /system/apex/com.android.permission onto /apex/com.android.permission
10-19 17:06:03.368     0     0 I [    2.958440@1] apexd: Bind mounting /system/apex/com.android.resolv onto /apex/com.android.resolv
10-19 17:06:03.368     0     0 I [    2.959353@1] apexd: Bind mounting /system/apex/com.android.runtime onto /apex/com.android.runtime
10-19 17:06:03.368     0     0 I [    2.960610@4] apexd: Bind mounting /system/apex/com.android.scheduling onto /apex/com.android.scheduling
10-19 17:06:03.368     0     0 I [    2.961026@5] apexd: Bind mounting /system/apex/com.android.sdkext onto /apex/com.android.sdkext
10-19 17:06:03.368     0     0 I [    2.961525@4] apexd: Bind mounting /system/apex/com.android.tethering onto /apex/com.android.tethering
10-19 17:06:03.368     0     0 I [    2.961951@4] apexd: Bind mounting /system/apex/com.android.tzdata onto /apex/com.android.tzdata
10-19 17:06:03.368     0     0 I [    2.962360@4] apexd: Bind mounting /system/apex/com.android.uwb onto /apex/com.android.uwb
10-19 17:06:03.368     0     0 I [    2.963428@4] apexd: Bind mounting /system/apex/com.android.vndk.current onto /apex/com.android.vndk.v33
10-19 17:06:03.368     0     0 I [    2.964455@5] apexd: Bind mounting /system/apex/com.android.wifi onto /apex/com.android.wifi
10-19 17:06:03.368     0     0 I [    2.964521@5] apexd: Scanning /system_ext/apex
10-19 17:06:03.368     0     0 E [    2.964600@5] apexd: Failed to scan /system_ext/apex : Can't open /system_ext/apex for reading : No such file or directory
10-19 17:06:03.368     0     0 I [    2.970049@5] apexd: Scanning /product/apex
10-19 17:06:03.368     0     0 E [    2.970112@5] apexd: Failed to scan /product/apex : Can't open /product/apex for reading : No such file or directory
10-19 17:06:03.368     0     0 I [    2.980581@5] apexd: Scanning /vendor/apex
10-19 17:06:03.368     0     0 E [    2.980659@5] apexd: Failed to scan /vendor/apex : Can't open /vendor/apex for reading : No such file or directory
10-19 17:06:03.368     0     0 I [    2.999353@5] init: Service 'apexd-bootstrap' (pid 2421) exited with status 0 waiting took 0.130000 seconds
10-19 17:06:03.368     0     0 I [    2.999371@5] init: Sending signal 9 to service 'apexd-bootstrap' (pid 2421) process group...
10-19 17:06:03.368     0     0 I [    2.999509@5] libprocessgroup: Successfully killed process cgroup uid 0 pid 2421 in 0ms
10-19 17:06:03.368     0     0 W [    3.009744@4] mali_kbase: loading out-of-tree module taints kernel.
10-19 17:06:03.368     0     0 I         : [    3.024551@4] mali ffe40000.bifrost: Kernel DDK version r44p0-01eac0
10-19 17:06:03.368     0     0 I         : [    3.026315@4] mali ffe40000.bifrost: GPU identified as 0x2 arch 7.2.1 r0p0 status 0
10-19 17:06:03.368     0     0 I         : [    3.026371@4] mali ffe40000.bifrost: No priority control manager is configured
10-19 17:06:03.368     0     0 I         : [    3.026708@4] mali ffe40000.bifrost: No memory group manager is configured
10-19 17:06:03.368     0     0 I         : [    3.026729@4] mali ffe40000.bifrost: Using coherency mode 0 set from dtb
10-19 17:06:03.368     0     0 I         : [    3.033457@1] mali ffe40000.bifrost: Using configured power model mali-g52-power-model, and fallback mali-simple-power-model
10-19 17:06:03.368     0     0 I         : [    3.034697@4] mali ffe40000.bifrost: Probed as mali0
10-19 17:06:03.368     0     0 I [    3.082922@5] init: linkerconfig generated /linkerconfig with mounted APEX modules info
10-19 17:06:03.368     0     0 I [    3.082958@5] init: Command 'update_linker_config' action=early-init (/system/etc/init/hw/init.rc:75) took 82ms and succeeded
10-19 17:06:03.368     0     0 I [    3.087951@5] init: processing action (early-init) from (/init.environ.rc:2)
10-19 17:06:03.368     0     0 I [    3.088021@5] init: processing action (early-init) from (/vendor/etc/init/hw/init.odroidn2.rc:7)
10-19 17:06:03.368     0     0 I [    3.089504@5] init: processing action (early-init) from (/vendor/etc/init/hw/init.odroid.board.rc:1)
10-19 17:06:03.368     0     0 E         : [    3.136602@5] devfreq ffe40000.bifrost: Couldn't update frequency transition information.
10-19 17:06:03.368     0     0 I [    3.332959@4] ueventd: Coldboot took 0.398 seconds
10-19 17:06:03.368     0     0 E         : [    3.340567@5] Trying to create more than 5 SchedTune boosting groups
10-19 17:06:03.368     0     0 E         : [    3.341580@5] Trying to create more than 5 SchedTune boosting groups
10-19 17:06:03.368     0     0 I [    3.379592@0] Bluetooth: hci0: RTL: fw version 0x75b8f098
10-19 17:06:03.368     0     0 I [    3.447576@5] logd.auditd: start
10-19 17:06:03.372     0     0 I [    3.455699@5] logd: Loaded bug_map file: /system_ext/etc/selinux/bug_map
10-19 17:06:03.372     0     0 I [    3.455760@5] logd: Loaded bug_map file: /vendor/etc/selinux/selinux_denial_metadata
10-19 17:06:03.372     0     0 I [    3.456106@5] logd: Loaded bug_map file: /system/etc/selinux/bug_map
10-19 17:06:03.450     0     0 W         : [    3.541631@5] EXT4-fs (mmcblk0p21): Ignoring removed nomblk_io_submit option
10-19 17:06:03.458     0     0 I         : [    3.550812@5] EXT4-fs (mmcblk0p21): mounted filesystem with ordered data mode. Opts: errors=remount-ro,nomblk_io_submit
--------- beginning of system
10-19 17:06:03.483  2925  2925 I vold    : Vold 3.0 (the awakening) firing up
10-19 17:06:03.483  2925  2925 D vold    : Detected support for: exfat ext4 f2fs ntfs vfat
10-19 17:06:03.489  2925  2925 D vold    : VoldNativeService::start() completed OK
10-19 17:06:03.510     0     0 I [    3.601568@1] e2fsck: e2fsck 1.46.2 (28-Feb-2021)
10-19 17:06:03.529     0     0 I [    3.622075@4] e2fsck: /dev/block/data: clean, 11320/1671168 files, 428269/6682846 blocks
10-19 17:06:03.534     0     0 W         : [    3.625120@2] EXT4-fs (mmcblk0p21): Ignoring removed nomblk_io_submit option
10-19 17:06:03.538     0     0 I         : [    3.628163@2] EXT4-fs (mmcblk0p21): mounted filesystem with ordered data mode. Opts: nodelalloc,nomblk_io_submit,errors=panic
10-19 17:06:03.538     0     0 W         : [    3.629310@2] EXT4-fs (mmcblk0p14): Ignoring removed nomblk_io_submit option
10-19 17:06:03.542     0     0 I         : [    3.633052@2] EXT4-fs (mmcblk0p14): recovery complete
10-19 17:06:03.542     0     0 I         : [    3.633497@2] EXT4-fs (mmcblk0p14): mounted filesystem with ordered data mode. Opts: errors=remount-ro,nomblk_io_submit
10-19 17:06:03.586     0     0 I [    3.678339@0] e2fsck: e2fsck 1.46.2 (28-Feb-2021)
10-19 17:06:03.590     0     0 I [    3.681037@0] e2fsck: Pass 1: Checking inodes, blocks, and sizes
10-19 17:06:03.590     0     0 I [    3.682277@0] e2fsck: Pass 2: Checking directory structure
10-19 17:06:03.590     0     0 I [    3.683245@0] e2fsck: Pass 3: Checking directory connectivity
10-19 17:06:03.590     0     0 I [    3.683366@0] e2fsck: Pass 4: Checking reference counts
10-19 17:06:03.594     0     0 I [    3.685191@0] e2fsck: Pass 5: Checking group summary information
10-19 17:06:03.598     0     0 I [    3.690869@0] e2fsck: /dev/block/cache: 20/65536 files (5.0% non-contiguous), 12365/262144 blocks
10-19 17:06:03.602     0     0 W         : [    3.693310@0] EXT4-fs (mmcblk0p14): Ignoring removed nomblk_io_submit option
10-19 17:06:03.606     0     0 I         : [    3.698858@0] EXT4-fs (mmcblk0p14): mounted filesystem with ordered data mode. Opts: nodelalloc,nomblk_io_submit,errors=panic
10-19 17:06:03.626     0     0 I [    3.718115@0] tune2fs: tune2fs 1.46.2 (28-Feb-2021)
10-19 17:06:03.626     0     0 I [    3.719239@0] tune2fs: Cannot enable project quota; inode size too small.
10-19 17:06:03.630     0     0 I [    3.720555@0] tune2fs: tune2fs terminated by exit(1)
10-19 17:06:03.630     0     0 I         : [    3.720555@0]
10-19 17:06:03.630     0     0 E [    3.720697@0] init: [libfs_mgr]Failed to run /system/bin/tune2fs to enable quotas on /dev/block/param
10-19 17:06:03.634     0     0 W         : [    3.725003@0] EXT4-fs (mmcblk0p19): Ignoring removed nomblk_io_submit option
10-19 17:06:03.638     0     0 I         : [    3.730497@0] EXT4-fs (mmcblk0p19): mounted filesystem with ordered data mode. Opts: errors=remount-ro,nomblk_io_submit
10-19 17:06:03.682     0     0 I [    3.773816@0] e2fsck: e2fsck 1.46.2 (28-Feb-2021)
10-19 17:06:03.686     0     0 I [    3.776390@0] e2fsck: Pass 1: Checking inodes, blocks, and sizes
10-19 17:06:03.686     0     0 I [    3.777720@0] e2fsck: Pass 2: Checking directory structure
10-19 17:06:03.686     0     0 I [    3.778888@0] e2fsck: Pass 3: Checking directory connectivity
10-19 17:06:03.686     0     0 I [    3.779107@0] e2fsck: Pass 4: Checking reference counts
10-19 17:06:03.686     0     0 I [    3.779515@0] e2fsck: Pass 5: Checking group summary information
10-19 17:06:03.689     0     0 I [    3.782209@0] e2fsck: /dev/block/param: 15/4096 files (6.7% non-contiguous), 1383/4096 blocks
10-19 17:06:03.694     0     0 W         : [    3.784643@0] EXT4-fs (mmcblk0p19): Ignoring removed nomblk_io_submit option
10-19 17:06:03.698     0     0 I         : [    3.790246@0] EXT4-fs (mmcblk0p19): mounted filesystem with ordered data mode. Opts: nodelalloc,nomblk_io_submit,errors=panic
10-19 17:06:03.718     0     0 E         : [    3.811058@0] No find node.
10-19 17:06:03.718     0     0 I         : [    3.811088@0] register clk_set_setting cpu[41]
10-19 17:06:03.722     0     0 I         : [    3.813688@0] Registered firmware driver success.
10-19 17:06:03.722     0     0 I         : [    3.814622@0] Try to load video/h264_enc.bin  ...
10-19 17:06:03.726     0     0 I         : [    3.815940@0] load firmware size : 76288, Name : video/h264_enc.bin.
10-19 17:06:03.726     0     0 I         : [    3.816472@0] Try to load video/video_ucode.bin  ...
10-19 17:06:03.738     0     0 I         : [    3.830417@0] load firmware size : 1459200, Name : video/video_ucode.bin.
10-19 17:06:03.762     0     0 E         : [    3.854005@0] Amlogic A/V streaming port init
10-19 17:06:03.766     0     0 I         : [    3.857115@0] get gate demux control ok ffffffc0cab899c0
10-19 17:06:03.766     0     0 I         : [    3.857133@0] get gate parser_top control ok ffffffc0cab89a40
10-19 17:06:03.766     0     0 I         : [    3.857161@0] get gate vdec control ok ffffffc0cab89e40
10-19 17:06:03.766     0     0 I         : [    3.857169@0] get gate clk_81 control failed           (null)
10-19 17:06:03.766     0     0 I         : [    3.857204@0] get gate clk_vdec_mux control ok ffffffc0cab89e00
10-19 17:06:03.766     0     0 I         : [    3.857243@0] get gate clk_hcodec_mux control ok ffffffc0cab89680
10-19 17:06:03.766     0     0 I         : [    3.857287@0] get gate clk_hevc_mux control ok ffffffc090fd4140
10-19 17:06:03.766     0     0 I         : [    3.857336@0] get gate clk_hevcb_mux control ok ffffffc090fd42c0
10-19 17:06:03.766     0     0 I         : [    3.857360@0] get gate ahbarb0 control ok ffffffc090fd4440
10-19 17:06:03.766     0     0 I         : [    3.857366@0] get gate asyncfifo control failed           (null)
10-19 17:06:03.770     0     0 D         : [    3.860136@2] amvdec_avs module init
10-19 17:06:03.770     0     0 D         : [    3.862592@2] amvdec_h264 module init
10-19 17:06:03.774     0     0 W         : [    3.867472@2] ammvdec_h264 module init
10-19 17:06:03.782     0     0 D         : [    3.873997@2] amvdec_h265 module init
10-19 17:06:03.790     0     0 W         : [    3.881457@2] ammvdec_mpeg12 module init
10-19 17:06:03.794     0     0 W         : [    3.884660@3] ammvdec_mpeg4_driver_init_module
10-19 17:06:03.794     0     0 D         : [    3.887604@2] amvdec_vc1 module init
10-19 17:06:03.798     0     0 D         : [    3.891609@2] amvdec_vp9 module init
10-19 17:06:03.806     0     0 W         : [    3.898297@2] amvenc_avc_probe -- reserved memory config fail.
10-19 17:06:03.806     0     0 W         : [    3.898302@2] amvenc_avc - cma memory pool size: 60 MB
10-19 17:06:03.806     0     0 W         : [    3.898320@2] encode_wq_init.
10-19 17:06:03.806     0     0 W         : [    3.898323@2] encode start monitor.
10-19 17:06:03.806     0     0 W         : [    3.898405@3] encode workqueue monitor start.
10-19 17:06:03.810     0     0 W         : [    3.900605@2] vpu_init
10-19 17:06:03.810     0     0 W         : [    3.900758@2] vpu_probe
10-19 17:06:03.810     0     0 W         : [    3.900761@2] HevcEnc reserved memory config fail.
10-19 17:06:03.810     0     0 W         : [    3.900763@2] HevcEnc - cma memory pool size: 64 MB
10-19 17:06:03.810     0     0 W         : [    3.900781@2] HevcEnc - wave420l_irq: 44
10-19 17:06:03.810     0     0 W         : [    3.900819@2] vpu base address get from platform driver physical base addr=0xff610000, virtual base=0xffffff800b35c000
10-19 17:06:03.810     0     0 W         : [    3.901002@3] success to probe vpu device with video memory from cma
10-19 17:06:03.839     0     0 I [    3.928670@2] selinux: SELinux: Skipping restorecon on directory(/cache)
10-19 17:06:03.839     0     0 I [    3.928677@2] selinux:  
10-19 17:06:03.839     0     0 E [    3.930955@2] selinux: SELinux:  setxattr failed: /metadata:  Read-only file system
10-19 17:06:03.839     0     0 E [    3.933092@2] selinux:  
10-19 17:06:03.852     0     0 E [    3.936674@2] selinux: SELinux:  Could not stat /metadata/apex: No such file or directory.
10-19 17:06:03.852     0     0 E [    3.943667@2] selinux:  
10-19 17:06:03.911  2925  2925 I Checkpoint: cp_prepareCheckpoint called
10-19 17:06:03.945  3076  3076 I keystore2: keystore2_main: Keystore2 is starting.
10-19 17:06:03.945  3076  3076 I keystore2: keystore2_main: Setting up sqlite logging for keystore2
10-19 17:06:03.948  3076  3076 W keystore2: keystore2::metrics_store: In update_keystore_crash_sysprop: Failed to read the existing system property due to: In read_keystore_crash_count: Property not set..Therefore, keystore crashes will not be logged.
10-19 17:06:03.951  3076  3076 I keystore2: keystore2_main: Starting thread pool now.
10-19 17:06:03.952  2925  2925 I incfs   : Initial API level of the device: 29
10-19 17:06:03.952  2925  2925 I incfs   : ro.incremental.enable: 
10-19 17:06:03.952  2925  2925 E incfs   : IncFs_Features: failed to open features dir, assuming v1/none.: No such file or directory
10-19 17:06:03.955  3076  3084 I keystore2: keystore2::shared_secret_negotiation: Shared secret negotiation concluded successfully.
10-19 17:06:03.958     0     0 E [    4.046155@2] incfs: IncFs_Features: failed to open features dir, assuming v1/none.: No such file or directory
10-19 17:06:03.960  3076  3076 I keystore2: keystore2::globals: Add emulation wrapper around Keymaster device for security level: SecurityLevel(1)
10-19 17:06:03.961  3076  3084 I keystore2: keystore2::shared_secret_negotiation: No StrongBox Keymint available, so no RoT transfer
10-19 17:06:03.962  3076  3076 I keystore2: keystore2_main: Not publishing IRemotelyProvisionedKeyPool service: In new_native_binder: Failed to get TEE Remote Provisioner instance.
10-19 17:06:03.962  3076  3076 I keystore2: 
10-19 17:06:03.962  3076  3076 I keystore2: Caused by:
10-19 17:06:03.962  3076  3076 I keystore2:     0: In get_remotely_provisioned_component.
10-19 17:06:03.962  3076  3076 I keystore2:     1: In connect_remotely_provisioned_component.
10-19 17:06:03.962  3076  3076 I keystore2:     2: Error::Km(ErrorCode(-68))
10-19 17:06:03.963  3076  3076 I keystore2: keystore2_main: Successfully registered Keystore 2.0 service.
10-19 17:06:03.963  3076  3076 I keystore2: keystore2_main: Joining thread pool now.
10-19 17:06:04.058  3076  3076 I keystore2: keystore2::maintenance: In early_boot_ended.
10-19 17:06:04.069  3076  3076 I keystore2: keystore2::globals: Touching Keystore 2.0 database for this first time since boot.
10-19 17:06:04.069  3076  3076 I keystore2: keystore2::globals: Calling cleanup leftovers.
10-19 17:06:04.073  3076  3076 I keystore2: keystore2::super_key: Starting boot level watcher.
10-19 17:06:04.074  3076  3076 I keystore2: keystore2::maintenance: Call to earlyBootEnded succeeded for security level TRUSTED_ENVIRONMENT.
10-19 17:06:04.074  3076  3076 E keystore2: keystore2::maintenance: Call to earlyBootEnded failed for security level STRONGBOX: In call_with_watchdog: getting keymint device.
10-19 17:06:04.074  3076  3076 E keystore2: keystore2::error: In call_with_watchdog: getting keymint device
10-19 17:06:04.074  3076  3076 E keystore2: 
10-19 17:06:04.074  3076  3076 E keystore2: Caused by:
10-19 17:06:04.074  3076  3076 E keystore2:     0: In get_keymint_device.
10-19 17:06:04.074  3076  3076 E keystore2:     1: In connect_keymint: Trying to get Legacy wrapper.
10-19 17:06:04.074  3076  3076 E keystore2:     2: Error::Km(ErrorCode(-68))
10-19 17:06:04.074  2925  2925 E vold    : keystore2 Keystore earlyBootEnded returned service specific error: -68
10-19 17:06:04.077  3076  3090 I keystore2: keystore2::super_key: Read keystore.boot_level value 30
10-19 17:06:04.078  3076  3090 I keystore2: keystore2::super_key: Read keystore.boot_level value 30
10-19 17:06:04.078     0     0 E [    4.168017@4] vold: keystore2 Keystore earlyBootEnded returned service specific error: -68
10-19 17:06:04.114     0     0 I [    4.206087@3] logd: logd reinit
10-19 17:06:04.118     0     0 E [    4.208373@0] logd: FrameworkListener: read() failed (Connection reset by peer)
10-19 17:06:04.118     0     0 I [    4.210179@2] apexd: This device does not support updatable APEX. Exiting
10-19 17:06:04.118     0     0 I [    4.210208@2] apexd: Marking APEXd as activated
10-19 17:06:04.259  2925  2925 D vold    : fscrypt_init_user0
10-19 17:06:04.260  2925  2925 D vold    : fscrypt_prepare_user_storage for volume null, user 0, serial 0, flags 1
10-19 17:06:04.260  2925  2925 D vold    : Preparing: /data/system/users/0
10-19 17:06:04.260  2925  2925 D vold    : Preparing: /data/misc/profiles/cur/0
10-19 17:06:04.261  2925  2925 D vold    : Preparing: /data/system_de/0
10-19 17:06:04.261  2925  2925 D vold    : Preparing: /data/vendor_de/0
10-19 17:06:04.261  2925  2925 D vold    : Preparing: /data/misc_de/0
10-19 17:06:04.262  2925  2925 D vold    : Preparing: /data/user_de/0
10-19 17:06:04.262  2925  2925 D vold    : /system/bin/vold_prepare_subdirs
10-19 17:06:04.262  2925  2925 D vold    :     prepare
10-19 17:06:04.262  2925  2925 D vold    :     
10-19 17:06:04.262  2925  2925 D vold    :     0
10-19 17:06:04.262  2925  2925 D vold    :     1
10-19 17:06:04.263     0     0 D [    4.353206@0] vdc: Waited 0ms for vold
10-19 17:06:04.285  2925  2925 D vold    : fscrypt_unlock_user_key 0 serial=0
10-19 17:06:04.293     0     0 I [    4.383530@0] selinux: SELinux: Skipping restorecon on directory(/data)
10-19 17:06:04.293     0     0 I [    4.383542@0] selinux:  
10-19 17:06:04.373  3102  3102 I odsign  : Device doesn't support updatable APEX, exiting.
10-19 17:06:04.395  3076  3090 I keystore2: keystore2::super_key: keystore.boot_level 1000000000 hits maximum 1000000000, finishing.
10-19 17:06:04.430     0     0 I [    4.520162@2] apexd: This device does not support updatable APEX. Exiting
10-19 17:06:04.430     0     0 I [    4.520198@2] apexd: Marking APEXd as ready
10-19 17:06:04.544     0     0 E [    4.619583@1] init: Unable to set property 'dev.mnt.dev.debug_ramdisk..magisk.modules' from uid:0 gid:0 pid:1: Illegal property name
10-19 17:06:04.544     0     0 E [    4.626805@1] init: Unable to set property 'dev.mnt.blk.debug_ramdisk..magisk.modules' from uid:0 gid:0 pid:1: Illegal property name
10-19 17:06:04.562     0     0 E [    4.638416@1] init: Unable to set property 'dev.mnt.rootdisk.debug_ramdisk..magisk.modules' from uid:0 gid:0 pid:1: Illegal property name
10-19 17:06:04.562     0     0 E [    4.653910@3] init: Unable to set property 'dev.mnt.dev.debug_ramdisk..magisk.preinit' from uid:0 gid:0 pid:1: Illegal property name
10-19 17:06:04.584     0     0 E [    4.662088@3] init: Unable to set property 'dev.mnt.blk.debug_ramdisk..magisk.preinit' from uid:0 gid:0 pid:1: Illegal property name
10-19 17:06:04.584     0     0 E [    4.673943@2] init: Unable to set property 'dev.mnt.rootdisk.debug_ramdisk..magisk.preinit' from uid:0 gid:0 pid:1: Illegal property name
10-19 17:06:04.594     0     0 E [    4.687368@3] init: Unable to set property 'dev.mnt.dev.debug_ramdisk..magisk.mirror' from uid:0 gid:0 pid:1: Illegal property name
10-19 17:06:04.616     0     0 E [    4.698209@3] init: Unable to set property 'dev.mnt.blk.debug_ramdisk..magisk.mirror' from uid:0 gid:0 pid:1: Illegal property name
10-19 17:06:04.641     0     0 E [    4.710000@3] init: Unable to set property 'dev.mnt.rootdisk.debug_ramdisk..magisk.mirror' from uid:0 gid:0 pid:1: Illegal property name
10-19 17:06:04.641     0     0 E [    4.722593@3] init: Unable to set property 'dev.mnt.dev.debug_ramdisk..magisk.mirror.mnt.vendor.param' from uid:0 gid:0 pid:1: Illegal property name
10-19 17:06:04.668     0     0 E [    4.735277@3] init: Unable to set property 'dev.mnt.blk.debug_ramdisk..magisk.mirror.mnt.vendor.param' from uid:0 gid:0 pid:1: Illegal property name
10-19 17:06:04.668     0     0 E [    4.748517@3] init: Unable to set property 'dev.mnt.rootdisk.debug_ramdisk..magisk.mirror.mnt.vendor.param' from uid:0 gid:0 pid:1: Illegal property name
10-19 17:06:04.692     0     0 E [    4.762501@3] init: Unable to set property 'dev.mnt.dev.debug_ramdisk..magisk.mirror.odm' from uid:0 gid:0 pid:1: Illegal property name
10-19 17:06:04.692     0     0 E [    4.774330@3] init: Unable to set property 'dev.mnt.blk.debug_ramdisk..magisk.mirror.odm' from uid:0 gid:0 pid:1: Illegal property name
10-19 17:06:04.717     0     0 E [    4.786467@3] init: Unable to set property 'dev.mnt.rootdisk.debug_ramdisk..magisk.mirror.odm' from uid:0 gid:0 pid:1: Illegal property name
10-19 17:06:04.717     0     0 E [    4.799293@3] init: Unable to set property 'dev.mnt.dev.debug_ramdisk..magisk.mirror.vendor' from uid:0 gid:0 pid:1: Illegal property name
10-19 17:06:04.730     0     0 E [    4.811432@3] init: Unable to set property 'dev.mnt.blk.debug_ramdisk..magisk.mirror.vendor' from uid:0 gid:0 pid:1: Illegal property name
10-19 17:06:04.730     0     0 E [    4.823816@3] init: Unable to set property 'dev.mnt.rootdisk.debug_ramdisk..magisk.mirror.vendor' from uid:0 gid:0 pid:1: Illegal property name
10-19 17:06:04.757     0     0 E [    4.836902@3] init: Unable to set property 'dev.mnt.dev.debug_ramdisk..magisk.mirror.debug_ramdisk..magisk.modules' from uid:0 gid:0 pid:1: Illegal property name
10-19 17:06:04.786     0     0 E [    4.851033@3] init: Unable to set property 'dev.mnt.blk.debug_ramdisk..magisk.mirror.debug_ramdisk..magisk.modules' from uid:0 gid:0 pid:1: Illegal property name
10-19 17:06:04.786     0     0 E [    4.865434@3] init: Unable to set property 'dev.mnt.rootdisk.debug_ramdisk..magisk.mirror.debug_ramdisk..magisk.modules' from uid:0 gid:0 pid:1: Illegal property name
10-19 17:06:04.814     0     0 E [    4.880522@3] init: Unable to set property 'dev.mnt.dev.debug_ramdisk..magisk.mirror.apex.com.android.adbd' from uid:0 gid:0 pid:1: Illegal property name
10-19 17:06:04.814     0     0 E [    4.893930@3] init: Unable to set property 'dev.mnt.blk.debug_ramdisk..magisk.mirror.apex.com.android.adbd' from uid:0 gid:0 pid:1: Illegal property name
10-19 17:06:04.842     0     0 E [    4.907628@3] init: Unable to set property 'dev.mnt.rootdisk.debug_ramdisk..magisk.mirror.apex.com.android.adbd' from uid:0 gid:0 pid:1: Illegal property name
10-19 17:06:04.842     0     0 E [    4.922007@3] init: Unable to set property 'dev.mnt.dev.debug_ramdisk..magisk.mirror.apex.com.android.adservices' from uid:0 gid:0 pid:1: Illegal property name
10-19 17:06:04.871     0     0 E [    4.935976@3] init: Unable to set property 'dev.mnt.blk.debug_ramdisk..magisk.mirror.apex.com.android.adservices' from uid:0 gid:0 pid:1: Illegal property name
10-19 17:06:04.871     0     0 E [    4.950175@3] init: Unable to set property 'dev.mnt.rootdisk.debug_ramdisk..magisk.mirror.apex.com.android.adservices' from uid:0 gid:0 pid:1: Illegal property name
10-19 17:06:04.899     0     0 E [    4.965100@3] init: Unable to set property 'dev.mnt.dev.debug_ramdisk..magisk.mirror.apex.com.android.appsearch' from uid:0 gid:0 pid:1: Illegal property name
10-19 17:06:04.899     0     0 E [    4.978953@3] init: Unable to set property 'dev.mnt.blk.debug_ramdisk..magisk.mirror.apex.com.android.appsearch' from uid:0 gid:0 pid:1: Illegal property name
10-19 17:06:04.914     0     0 E [    4.993080@3] init: Unable to set property 'dev.mnt.rootdisk.debug_ramdisk..magisk.mirror.apex.com.android.appsearch' from uid:0 gid:0 pid:1: Illegal property name
10-19 17:06:04.941     0     0 E [    5.007898@3] init: Unable to set property 'dev.mnt.dev.debug_ramdisk..magisk.mirror.apex.com.android.art' from uid:0 gid:0 pid:1: Illegal property name
10-19 17:06:04.941     0     0 E [    5.021239@3] init: Unable to set property 'dev.mnt.blk.debug_ramdisk..magisk.mirror.apex.com.android.art' from uid:0 gid:0 pid:1: Illegal property name
10-19 17:06:04.969     0     0 E [    5.034851@3] init: Unable to set property 'dev.mnt.rootdisk.debug_ramdisk..magisk.mirror.apex.com.android.art' from uid:0 gid:0 pid:1: Illegal property name
10-19 17:06:04.969     0     0 E [    5.049135@3] init: Unable to set property 'dev.mnt.dev.debug_ramdisk..magisk.mirror.apex.com.android.btservices' from uid:0 gid:0 pid:1: Illegal property name
10-19 17:06:04.998     0     0 E [    5.063107@3] init: Unable to set property 'dev.mnt.blk.debug_ramdisk..magisk.mirror.apex.com.android.btservices' from uid:0 gid:0 pid:1: Illegal property name
10-19 17:06:04.998     0     0 E [    5.077313@3] init: Unable to set property 'dev.mnt.rootdisk.debug_ramdisk..magisk.mirror.apex.com.android.btservices' from uid:0 gid:0 pid:1: Illegal property name
