10-19 17:06:12.892  3442  3442 D CompatConfig: Found a config file: /apex/com.android.btservices/etc/compatconfig/bluetooth-compat-config.xml
10-19 17:06:12.892  3442  3471 I SystemConfig: Reading permissions from /system/etc/permissions/com.android.networkstack.xml
10-19 17:06:12.892  3442  3442 D CompatConfig: Adding: com.android.server.compat.config.Change@7aa6c71
10-19 17:06:12.893  3442  3471 I SystemConfig: Reading permissions from /system/etc/permissions/platform.xml
10-19 17:06:12.893  3442  3442 D CompatConfig: Found a config file: /apex/com.android.art/etc/compatconfig/libcore-platform-compat-config.xml
10-19 17:06:12.894  3442  3442 D CompatConfig: Adding: com.android.server.compat.config.Change@d52cfc4
10-19 17:06:12.894  3442  3442 D CompatConfig: Adding: com.android.server.compat.config.Change@d285ead
10-19 17:06:12.894  3442  3442 D CompatConfig: Adding: com.android.server.compat.config.Change@dd735e2
10-19 17:06:12.894  3442  3442 D CompatConfig: Adding: com.android.server.compat.config.Change@5d8fd73
10-19 17:06:12.894  3442  3442 D CompatConfig: Adding: com.android.server.compat.config.Change@48f2430
10-19 17:06:12.894  3442  3442 D CompatConfig: Adding: com.android.server.compat.config.Change@b1938a9
10-19 17:06:12.895  3442  3442 D CompatConfig: No directory /apex/com.android.appsearch/etc/compatconfig, skipping
10-19 17:06:12.895  3442  3442 D CompatConfig: No directory /apex/com.android.adservices/etc/compatconfig, skipping
10-19 17:06:12.895  3442  3442 D CompatConfig: No directory /apex/com.android.adbd/etc/compatconfig, skipping
10-19 17:06:12.896  3442  3471 I SystemConfig: Reading permissions from /vendor/etc/permissions/android.hardware.usb.host.xml
10-19 17:06:12.897  3442  3442 V SystemServerTiming: PlatformCompat took to complete: 37ms
10-19 17:06:12.897  3442  3442 D SystemServerTiming: StartFileIntegrityService
10-19 17:06:12.897  3442  3442 I SystemServiceManager: Starting com.android.server.security.FileIntegrityService
10-19 17:06:12.897  3442  3471 I SystemConfig: Reading permissions from /vendor/etc/permissions/android.hardware.touchscreen.multitouch.jazzhand.xml
10-19 17:06:12.899  3442  3471 I SystemConfig: Reading permissions from /vendor/etc/permissions/android.hardware.location.xml
10-19 17:06:12.900  3442  3471 I SystemConfig: Reading permissions from /vendor/etc/permissions/android.hardware.touchscreen.multitouch.xml
10-19 17:06:12.901  3442  3471 I SystemConfig: Reading permissions from /vendor/etc/permissions/android.hardware.screen.portrait.xml
10-19 17:06:12.901  3442  3471 I SystemConfig: Reading permissions from /vendor/etc/permissions/android.software.picture_in_picture.xml
10-19 17:06:12.902  3442  3471 I SystemConfig: Reading permissions from /vendor/etc/permissions/android.hardware.bluetooth_le.xml
10-19 17:06:12.902  3442  3442 V SystemServerTiming: StartFileIntegrityService took to complete: 6ms
10-19 17:06:12.902  3442  3442 D SystemServerTiming: StartInstaller
10-19 17:06:12.902  3442  3442 I SystemServiceManager: Starting com.android.server.pm.Installer
10-19 17:06:12.903  3442  3471 W SystemConfig: MNG android.hardware.bluetooth_le allowed=false
10-19 17:06:12.903  3442  3471 I SystemConfig: Reading permissions from /vendor/etc/permissions/droidlogic.software.core.xml
10-19 17:06:12.905  3442  3471 I SystemConfig: Reading permissions from /vendor/etc/permissions/android.software.vulkan.deqp.level.xml
10-19 17:06:12.906  3442  3471 I SystemConfig: Reading permissions from /vendor/etc/permissions/android.software.opengles.deqp.level.xml
10-19 17:06:12.907  3442  3471 I SystemConfig: Reading permissions from /vendor/etc/permissions/android.hardware.vulkan.version.xml
10-19 17:06:12.908  3442  3471 I SystemConfig: Reading permissions from /vendor/etc/permissions/android.software.ipsec_tunnels.xml
10-19 17:06:12.909  3442  3471 I SystemConfig: Reading permissions from /vendor/etc/permissions/android.hardware.wifi.direct.xml
10-19 17:06:12.909  3442  3471 W SystemConfig: MNG android.hardware.wifi.direct allowed=false
10-19 17:06:12.910  3442  3471 I SystemConfig: Reading permissions from /vendor/etc/permissions/android.software.backup.xml
10-19 17:06:12.910  3442  3442 V SystemServerTiming: StartInstaller took to complete: 8ms
10-19 17:06:12.910  3442  3442 D SystemServerTiming: DeviceIdentifiersPolicyService
10-19 17:06:12.910  3442  3442 I SystemServiceManager: Starting com.android.server.os.DeviceIdentifiersPolicyService
10-19 17:06:12.910  3442  3471 I SystemConfig: Reading permissions from /vendor/etc/permissions/android.hardware.bluetooth.xml
10-19 17:06:12.911  3442  3471 W SystemConfig: MNG android.hardware.bluetooth allowed=false
10-19 17:06:12.911  3442  3442 V SystemServerTiming: DeviceIdentifiersPolicyService took to complete: 1ms
10-19 17:06:12.911  3442  3442 D SystemServerTiming: UriGrantsManagerService
10-19 17:06:12.911  3442  3442 I SystemServiceManager: Starting com.android.server.uri.UriGrantsManagerService$Lifecycle
10-19 17:06:12.911  3442  3471 I SystemConfig: Reading permissions from /vendor/etc/permissions/android.hardware.usb.accessory.xml
10-19 17:06:12.913  3442  3471 I SystemConfig: Reading permissions from /vendor/etc/permissions/android.hardware.opengles.aep.xml
10-19 17:06:12.913  3442  3442 V SystemServerTiming: UriGrantsManagerService took to complete: 2ms
10-19 17:06:12.913  3442  3442 D SystemServerTiming: StartPowerStatsService
10-19 17:06:12.913  3442  3442 I SystemServiceManager: Starting com.android.server.powerstats.PowerStatsService
10-19 17:06:12.914  3442  3471 I SystemConfig: Reading permissions from /vendor/etc/permissions/android.hardware.location.gps.xml
10-19 17:06:12.915  3442  3471 I SystemConfig: Reading permissions from /vendor/etc/permissions/android.software.sip.xml
10-19 17:06:12.916  3442  3471 I SystemConfig: Reading permissions from /vendor/etc/permissions/android.hardware.touchscreen.multitouch.distinct.xml
10-19 17:06:12.917  3442  3471 I SystemConfig: Reading permissions from /vendor/etc/permissions/android.hardware.audio.output.xml
10-19 17:06:12.918  3442  3471 I SystemConfig: Reading permissions from /vendor/etc/permissions/android.hardware.camera.xml
10-19 17:06:12.919  3442  3471 I SystemConfig: Reading permissions from /vendor/etc/permissions/android.hardware.wifi.xml
10-19 17:06:12.919  3442  3442 V SystemServerTiming: StartPowerStatsService took to complete: 6ms
10-19 17:06:12.919  3442  3442 D SystemServerTiming: StartIStatsService
10-19 17:06:12.920  3442  3471 I SystemConfig: Reading permissions from /vendor/etc/permissions/tablet_core_hardware.xml
10-19 17:06:12.921  3442  3471 W SystemConfig: MNG android.hardware.bluetooth allowed=false
10-19 17:06:12.921  3442  3471 I SystemConfig: Reading permissions from /vendor/etc/permissions/android.hardware.gamepad.xml
10-19 17:06:12.922  3442  3442 V SystemServerTiming: StartIStatsService took to complete: 2ms
10-19 17:06:12.922  3442  3442 D SystemServerTiming: MemtrackProxyService
10-19 17:06:12.923  3442  3471 I SystemConfig: Reading permissions from /vendor/etc/permissions/android.hardware.camera.external.xml
10-19 17:06:12.924  3442  3471 I SystemConfig: Reading permissions from /vendor/etc/permissions/android.hardware.ethernet.xml
10-19 17:06:12.924  3442  3442 V SystemServerTiming: MemtrackProxyService took to complete: 2ms
10-19 17:06:12.924  3442  3442 D SystemServerTiming: StartActivityManager
10-19 17:06:12.924  3442  3442 I SystemServiceManager: Starting com.android.server.wm.ActivityTaskManagerService$Lifecycle
10-19 17:06:12.924  3442  3471 I SystemConfig: Reading permissions from /vendor/etc/permissions/android.software.freeform_window_management.xml
10-19 17:06:12.925  3442  3471 I SystemConfig: Reading permissions from /vendor/etc/permissions/android.hardware.camera.front.xml
10-19 17:06:12.927  3442  3471 I SystemConfig: Reading permissions from /vendor/etc/permissions/android.software.sip.voip.xml
10-19 17:06:12.928  3442  3471 I SystemConfig: Reading permissions from /vendor/etc/permissions/android.hardware.vulkan.level.xml
10-19 17:06:12.929  3442  3471 I SystemConfig: Reading permissions from /vendor/etc/permissions/android.software.app_widgets.xml
10-19 17:06:12.930  3442  3471 I SystemConfig: Reading permissions from /vendor/etc/permissions/android.hardware.vulkan.compute.xml
10-19 17:06:12.930  3442  3442 I SystemServiceManager: Starting com.android.server.am.ActivityManagerService$Lifecycle
10-19 17:06:12.931  3442  3471 I SystemConfig: Reading permissions from /vendor/etc/permissions/android.hardware.vr.high_performance.xml
10-19 17:06:12.933  3442  3471 I SystemConfig: Reading permissions from /vendor/etc/permissions/android.software.device_admin.xml
10-19 17:06:12.934  3442  3471 I SystemConfig: Reading permissions from /vendor/etc/permissions/android.hardware.hdmi.cec.xml
10-19 17:06:12.934  3442  3471 W SystemConfig: MNG android.hardware.hdmi.cec allowed=false
10-19 17:06:12.936  3442  3471 I SystemConfig: Reading permissions from /product/etc/sysconfig/d2d_cable_migration_feature.xml
10-19 17:06:12.936  3442  3442 I ActivityManager: Memory class: 256
10-19 17:06:12.937  3442  3471 I SystemConfig: Reading permissions from /product/etc/sysconfig/preinstalled-packages-platform-handheld-product.xml
10-19 17:06:12.938  3442  3471 I SystemConfig: Reading permissions from /product/etc/sysconfig/org.lineageos.etar.allowlist.xml
10-19 17:06:12.938  3442  3474 I Binder  : Setting heavy hitter watcher config: false, 0, 0.0
10-19 17:06:12.939  3442  3471 I SystemConfig: Reading permissions from /product/etc/sysconfig/google.xml
10-19 17:06:12.940  3442  3471 I SystemConfig: Adding association: com.google.android.as <- com.android.bluetooth
10-19 17:06:12.940  3442  3471 I SystemConfig: Adding association: com.google.android.as <- com.android.providers.contacts
10-19 17:06:12.940  3442  3471 I SystemConfig: Adding association: com.google.android.as <- com.android.providers.media
10-19 17:06:12.940  3442  3471 I SystemConfig: Adding association: com.google.android.as <- com.android.providers.telephony
10-19 17:06:12.940  3442  3471 I SystemConfig: Adding association: com.google.android.as <- com.android.systemui
10-19 17:06:12.940  3442  3471 I SystemConfig: Adding association: com.google.android.as <- com.google.android.providers.media.module
10-19 17:06:12.940  3442  3471 I SystemConfig: Adding association: com.google.android.as <- com.google.android.as.oss
10-19 17:06:12.940  3442  3471 I SystemConfig: Adding association: com.google.android.as <- com.google.android.bluetooth.services
10-19 17:06:12.940  3442  3471 I SystemConfig: Adding association: com.google.android.as.oss <- com.google.android.as
10-19 17:06:12.941  3442  3471 I SystemConfig: Reading permissions from /product/etc/sysconfig/lineage-sysconfig.xml
10-19 17:06:12.942  3442  3471 I SystemConfig: Reading permissions from /product/etc/sysconfig/preinstalled-packages-platform-overlays.xml
10-19 17:06:12.944  3442  3471 I SystemConfig: Reading permissions from /product/etc/sysconfig/google_build.xml
10-19 17:06:12.945  3442  3471 I SystemConfig: Reading permissions from /product/etc/sysconfig/google-hiddenapi-package-allowlist.xml
10-19 17:06:12.946  3442  3471 I SystemConfig: Reading permissions from /product/etc/sysconfig/com.android.deskclock_allowlist.xml
10-19 17:06:12.947  3442  3471 I SystemConfig: Reading permissions from /product/etc/permissions/org.lineageos.livedisplay.xml
10-19 17:06:12.948  3442  3471 I SystemConfig: Reading permissions from /product/etc/permissions/org.lineageos.trust.xml
10-19 17:06:12.949  3442  3471 I SystemConfig: Reading permissions from /product/etc/permissions/org.lineageos.hardware.xml
10-19 17:06:12.949  3442  3471 I SystemConfig: Reading permissions from /product/etc/permissions/org.lineageos.profiles.xml
10-19 17:06:12.950  3442  3471 I SystemConfig: Reading permissions from /product/etc/permissions/com.android.contacts.xml
10-19 17:06:12.951  3442  3471 I SystemConfig: Reading permissions from /product/etc/permissions/org.lineageos.globalactions.xml
10-19 17:06:12.952  3442  3471 I SystemConfig: Reading permissions from /product/etc/permissions/com.android.settings.intelligence.xml
10-19 17:06:12.953  3442  3471 I SystemConfig: Reading permissions from /product/etc/permissions/com.google.android.dialer.support.xml
10-19 17:06:12.954  3442  3471 I SystemConfig: Reading permissions from /product/etc/permissions/privapp_whitelist_org.lineageos.eleven.xml
10-19 17:06:12.955  3442  3471 I SystemConfig: Reading permissions from /product/etc/permissions/org.lineageos.android.xml
10-19 17:06:12.956  3442  3471 I SystemConfig: Reading permissions from /product/etc/permissions/org.lineageos.settings.xml
10-19 17:06:12.957  3442  3471 I SystemConfig: Reading permissions from /product/etc/permissions/privapp-permissions-google-product.xml
10-19 17:06:12.960  3442  3471 I SystemConfig: Reading permissions from /product/etc/permissions/android.software.nfc.beam.xml
10-19 17:06:12.961  3442  3471 I SystemConfig: Reading permissions from /product/etc/permissions/org.lineageos.health.xml
10-19 17:06:12.962  3442  3471 I SystemConfig: Reading permissions from /product/etc/permissions/android.software.sip.voip.xml
10-19 17:06:12.963  3442  3471 I SystemConfig: Reading permissions from /system_ext/etc/sysconfig/allowlist_com.stevesoltys.seedvault.xml
10-19 17:06:12.965  3442  3471 I SystemConfig: Reading permissions from /system_ext/etc/permissions/privapp_whitelist_org.lineageos.audiofx.xml
10-19 17:06:12.966  3442  3471 I SystemConfig: Reading permissions from /system_ext/etc/permissions/privapp_whitelist_com.android.wallpaper.xml
10-19 17:06:12.967  3442  3471 I SystemConfig: Reading permissions from /system_ext/etc/permissions/com.android.settings.xml
10-19 17:06:12.969  3442  3471 I SystemConfig: Reading permissions from /system_ext/etc/permissions/com.android.provision.xml
10-19 17:06:12.970  3442  3471 I SystemConfig: Reading permissions from /system_ext/etc/permissions/privapp-permissions-google-system-ext.xml
10-19 17:06:12.972  3442  3471 I SystemConfig: Reading permissions from /system_ext/etc/permissions/privapp_whitelist_org.lineageos.lineagesettings.xml
10-19 17:06:12.973  3442  3471 I SystemConfig: Reading permissions from /system_ext/etc/permissions/androidx.window.sidecar.xml
10-19 17:06:12.975  3442  3471 I SystemConfig: Reading permissions from /system_ext/etc/permissions/androidx.window.extensions.xml
10-19 17:06:12.976  3442  3471 I SystemConfig: Reading permissions from /system_ext/etc/permissions/com.android.storagemanager.xml
10-19 17:06:12.977  3442  3471 I SystemConfig: Reading permissions from /system_ext/etc/permissions/privapp_whitelist_org.lineageos.lineageparts.xml
10-19 17:06:12.978  3442  3471 I SystemConfig: Reading permissions from /system_ext/etc/permissions/privapp_whitelist_org.lineageos.updater.xml
10-19 17:06:12.979  3442  3471 I SystemConfig: Reading permissions from /system_ext/etc/permissions/permissions_com.stevesoltys.seedvault.xml
10-19 17:06:12.980  3442  3471 I SystemConfig: Reading permissions from /system_ext/etc/permissions/com.android.launcher3.xml
10-19 17:06:12.981  3442  3471 I SystemConfig: Reading permissions from /system_ext/etc/permissions/com.android.systemui.xml
10-19 17:06:12.983  3442  3471 I SystemConfig: Reading permissions from /apex/com.android.tethering/etc/permissions/permissions.xml
10-19 17:06:12.985  3442  3471 I SystemConfig: Reading permissions from /apex/com.android.permission/etc/permissions/privapp_allowlist_com.android.permissioncontroller.xml
10-19 17:06:12.987  3442  3471 I SystemConfig: Reading permissions from /apex/com.android.mediaprovider/etc/permissions/privapp_allowlist_com.android.providers.media.module.xml
10-19 17:06:12.988  3442  3471 I SystemConfig: Reading permissions from /apex/com.android.ipsec/etc/permissions/android.net.ipsec.ike.xml
10-19 17:06:12.989  3442  3471 I SystemConfig: Reading permissions from /apex/com.android.extservices/etc/permissions/privapp_allowlist_android.ext.services.xml
10-19 17:06:12.991  3442  3471 I SystemConfig: Reading permissions from /apex/com.android.btservices/etc/permissions/privapp_allowlist_com.android.bluetooth.xml
10-19 17:06:12.992  3442  3471 I SystemConfig: Reading permissions from /apex/com.android.adservices/etc/permissions/privapp_allowlist_com.android.adservices.api.xml
10-19 17:06:12.993  3442  3471 V SystemConfig: readAllPermissions took to complete: 133ms
10-19 17:06:12.994  3442  3471 D SystemServerInitThreadPool: Finished executing ReadingSystemConfig
10-19 17:06:12.994  3442  3471 V SystemServerTimingAsync: InitThreadPoolExec:ReadingSystemConfig took to complete: 133ms
10-19 17:06:13.004  3442  3442 W PowerProfile: screen.on is deprecated! Use screen.on.display0 instead.
10-19 17:06:13.004  3442  3442 W PowerProfile: screen.full is deprecated! Use screen.full.display0 instead.
10-19 17:06:13.004  3442  3442 W ModemPowerProfile: getAverageBatteryDrainMaH called with unexpected key: 0x0, drain:0,RAT:DEFAULT
10-19 17:06:13.004  3442  3442 W ModemPowerProfile: getAverageBatteryDrainMaH called with unexpected key: 0x10000000, drain:IDLE,RAT:DEFAULT
10-19 17:06:13.004  3442  3442 W ModemPowerProfile: getAverageBatteryDrainMaH called with unexpected key: 0x20000000, drain:RX,RAT:DEFAULT
10-19 17:06:13.004  3442  3442 W ModemPowerProfile: getAverageBatteryDrainMaH called with unexpected key: 0x30000000, drain:TX,level:UNKNOWN(0x0)RAT:DEFAULT
10-19 17:06:13.004  3442  3442 W ModemPowerProfile: getAverageBatteryDrainMaH called with unexpected key: 0x31000000, drain:TX,level:UNKNOWN(0x1000000)RAT:DEFAULT
10-19 17:06:13.004  3442  3442 W ModemPowerProfile: getAverageBatteryDrainMaH called with unexpected key: 0x32000000, drain:TX,level:UNKNOWN(0x2000000)RAT:DEFAULT
10-19 17:06:13.004  3442  3442 W ModemPowerProfile: getAverageBatteryDrainMaH called with unexpected key: 0x33000000, drain:TX,level:UNKNOWN(0x3000000)RAT:DEFAULT
10-19 17:06:13.004  3442  3442 W ModemPowerProfile: getAverageBatteryDrainMaH called with unexpected key: 0x34000000, drain:TX,level:UNKNOWN(0x4000000)RAT:DEFAULT
10-19 17:06:13.008  3442  3442 D BatteryStatsImpl: Reading daily items from /data/system/batterystats-daily.xml
10-19 17:06:13.019  3442  3482 I KernelCpuUidFreqTimeReader: mPerClusterTimesAvailable=false
10-19 17:06:13.021  3442  3482 W KernelCpuUidFreqTimeBpfMapReader: Failed to start tracking
10-19 17:06:13.022  3442  3482 W KernelCpuUidActiveTimeBpfMapReader: Failed to start tracking
10-19 17:06:13.023  3442  3482 W KernelCpuProcStringReader: File not found. It's normal if not implemented: /proc/uid_concurrent_active_time
10-19 17:06:13.023  3442  3482 W KernelCpuUidClusterTimeBpfMapReader: Failed to start tracking
10-19 17:06:13.023  3442  3482 W KernelCpuProcStringReader: File not found. It's normal if not implemented: /proc/uid_concurrent_policy_time
10-19 17:06:13.026  3442  3482 W KernelMemoryBandwidthStats: No kernel memory bandwidth stats available
10-19 17:06:13.127  3442  3442 I IntentFirewall: Read new rules (A:0 B:0 S:0)
10-19 17:06:13.134  3442  3442 D OomAdjuster: Not killing cached processes
10-19 17:06:13.137  3442  3442 D AppOps  : AppOpsService published
10-19 17:06:13.139  3442  3442 V SystemServerTiming: StartActivityManager took to complete: 216ms
10-19 17:06:13.140  3442  3442 D SystemServerTiming: StartDataLoaderManagerService
10-19 17:06:13.140  3442  3442 I SystemServiceManager: Starting com.android.server.pm.DataLoaderManagerService
10-19 17:06:13.141  3442  3442 V SystemServerTiming: StartDataLoaderManagerService took to complete: 1ms
10-19 17:06:13.141  3442  3442 D SystemServerTiming: StartIncrementalService
10-19 17:06:13.141  3442  3442 V SystemServerTiming: StartIncrementalService took to complete: 0ms
10-19 17:06:13.141  3442  3442 D SystemServerTiming: StartPowerManager
10-19 17:06:13.141  3442  3442 I SystemServiceManager: Starting com.android.server.power.PowerManagerService
10-19 17:06:13.149  3442  3442 V SystemServerTiming: StartPowerManager took to complete: 8ms
10-19 17:06:13.149  3442  3442 D SystemServerTiming: StartThermalManager
10-19 17:06:13.149  3442  3442 I SystemServiceManager: Starting com.android.server.power.ThermalManagerService
10-19 17:06:13.150  3442  3442 V SystemServerTiming: StartThermalManager took to complete: 0ms
10-19 17:06:13.150  3442  3442 D SystemServerTiming: StartHintManager
10-19 17:06:13.150  3442  3442 I SystemServiceManager: Starting com.android.server.power.hint.HintManagerService
10-19 17:06:13.150     0     0 I         : [   13.241548@3] early_suspend_state=0
10-19 17:06:13.150  3442  3442 V SystemServerTiming: StartHintManager took to complete: 1ms
10-19 17:06:13.151  3442  3442 D SystemServerTiming: InitPowerManagement
10-19 17:06:13.151  3442  3442 V SystemServerTiming: InitPowerManagement took to complete: 1ms
10-19 17:06:13.151  3442  3442 D SystemServerTiming: StartRecoverySystemService
10-19 17:06:13.152  3442  3442 I SystemServiceManager: Starting com.android.server.recoverysystem.RecoverySystemService$Lifecycle
10-19 17:06:13.153  3442  3442 V SystemServerTiming: StartRecoverySystemService took to complete: 1ms
10-19 17:06:13.153  3442  3442 I PackageWatchdog: Syncing state, reason: added new observer
10-19 17:06:13.153  3442  3442 I PackageWatchdog: Not pruning observers, elapsed time: 0ms
10-19 17:06:13.153  3442  3442 I PackageWatchdog: Cancelling state sync, nothing to sync
10-19 17:06:13.153  3442  3473 I PackageWatchdog: Saving observer state to file
10-19 17:06:13.154  3442  3442 D SystemServerTiming: StartLightsService
10-19 17:06:13.154  3442  3442 I SystemServiceManager: Starting com.android.server.lights.LightsService
10-19 17:06:13.157  3442  3442 V SystemServerTiming: StartLightsService took to complete: 3ms
10-19 17:06:13.157  3442  3442 D SystemServerTiming: StartDisplayOffloadService
10-19 17:06:13.157  3442  3442 V SystemServerTiming: StartDisplayOffloadService took to complete: 0ms
10-19 17:06:13.157  3442  3442 D SystemServerTiming: StartSidekickService
10-19 17:06:13.157  3442  3442 V SystemServerTiming: StartSidekickService took to complete: 0ms
10-19 17:06:13.157  3442  3442 D SystemServerTiming: StartDisplayManager
10-19 17:06:13.157  3442  3442 I SystemServiceManager: Starting com.android.server.display.DisplayManagerService
10-19 17:06:13.165  3442  3442 V SystemServerTiming: StartDisplayManager took to complete: 8ms
10-19 17:06:13.165  3442  3442 D SystemServerTiming: WaitForDisplay
10-19 17:06:13.165  3442  3442 I SystemServiceManager: Starting phase 100
10-19 17:06:13.165  3442  3442 D SystemServerTiming: OnBootPhase_100
10-19 17:06:13.165  3442  3442 D SystemServerTiming: OnBootPhase_100_com.android.server.security.FileIntegrityService
10-19 17:06:13.165  3442  3442 V SystemServerTiming: OnBootPhase_100_com.android.server.security.FileIntegrityService took to complete: 0ms
10-19 17:06:13.165  3442  3442 D SystemServerTiming: OnBootPhase_100_com.android.server.pm.Installer
10-19 17:06:13.165  3442  3442 V SystemServerTiming: OnBootPhase_100_com.android.server.pm.Installer took to complete: 0ms
10-19 17:06:13.165  3442  3442 D SystemServerTiming: OnBootPhase_100_com.android.server.os.DeviceIdentifiersPolicyService
10-19 17:06:13.165  3442  3442 V SystemServerTiming: OnBootPhase_100_com.android.server.os.DeviceIdentifiersPolicyService took to complete: 0ms
10-19 17:06:13.165  3442  3442 D SystemServerTiming: OnBootPhase_100_com.android.server.uri.UriGrantsManagerService$Lifecycle
10-19 17:06:13.166  3442  3442 V SystemServerTiming: OnBootPhase_100_com.android.server.uri.UriGrantsManagerService$Lifecycle took to complete: 0ms
10-19 17:06:13.166  3442  3442 D SystemServerTiming: OnBootPhase_100_com.android.server.powerstats.PowerStatsService
10-19 17:06:13.166  3442  3442 V SystemServerTiming: OnBootPhase_100_com.android.server.powerstats.PowerStatsService took to complete: 0ms
10-19 17:06:13.166  3442  3442 D SystemServerTiming: OnBootPhase_100_com.android.server.wm.ActivityTaskManagerService$Lifecycle
10-19 17:06:13.166  3442  3442 V SystemServerTiming: OnBootPhase_100_com.android.server.wm.ActivityTaskManagerService$Lifecycle took to complete: 0ms
10-19 17:06:13.166  3442  3442 D SystemServerTiming: OnBootPhase_100_com.android.server.am.ActivityManagerService$Lifecycle
10-19 17:06:13.166  3442  3442 V SystemServerTiming: OnBootPhase_100_com.android.server.am.ActivityManagerService$Lifecycle took to complete: 0ms
10-19 17:06:13.166  3442  3442 D SystemServerTiming: OnBootPhase_100_com.android.server.pm.DataLoaderManagerService
10-19 17:06:13.166  3442  3442 V SystemServerTiming: OnBootPhase_100_com.android.server.pm.DataLoaderManagerService took to complete: 0ms
10-19 17:06:13.166  3442  3442 D SystemServerTiming: OnBootPhase_100_com.android.server.power.PowerManagerService
10-19 17:06:13.166  3442  3442 V SystemServerTiming: OnBootPhase_100_com.android.server.power.PowerManagerService took to complete: 0ms
10-19 17:06:13.166  3442  3442 D SystemServerTiming: OnBootPhase_100_com.android.server.power.ThermalManagerService
10-19 17:06:13.166  3442  3442 V SystemServerTiming: OnBootPhase_100_com.android.server.power.ThermalManagerService took to complete: 0ms
10-19 17:06:13.166  3442  3442 D SystemServerTiming: OnBootPhase_100_com.android.server.power.hint.HintManagerService
10-19 17:06:13.166  3442  3442 V SystemServerTiming: OnBootPhase_100_com.android.server.power.hint.HintManagerService took to complete: 0ms
10-19 17:06:13.166  3442  3442 D SystemServerTiming: OnBootPhase_100_com.android.server.recoverysystem.RecoverySystemService$Lifecycle
10-19 17:06:13.166  3442  3442 V SystemServerTiming: OnBootPhase_100_com.android.server.recoverysystem.RecoverySystemService$Lifecycle took to complete: 0ms
10-19 17:06:13.166  3442  3442 D SystemServerTiming: OnBootPhase_100_com.android.server.lights.LightsService
10-19 17:06:13.166  3442  3442 V SystemServerTiming: OnBootPhase_100_com.android.server.lights.LightsService took to complete: 0ms
10-19 17:06:13.166  3442  3442 D SystemServerTiming: OnBootPhase_100_com.android.server.display.DisplayManagerService
10-19 17:06:14.120     0     0 I [   14.210480@1] fb: osd[0] enable: 1 scale:0x10001 (HwBinder:3220_2)
10-19 17:06:14.120     0     0 I [   14.210491@1] fb: osd[0] enable: 1 scale:0x10001 (HwBinder:3220_2)
10-19 17:06:14.120     0     0 I [   14.211408@1] fb: free_scale_switch to fb0, mode: 0x10001
10-19 17:06:14.120     0     0 I [   14.211496@1] fb: set logo loaded
10-19 17:06:14.128  3442  3467 E LocalDisplayAdapter: Can't find display mode with id -1
10-19 17:06:14.128  3442  3467 W LocalDisplayAdapter: DisplayModeSpecs base mode no longer available, using currently active mode.
10-19 17:06:14.141  3442  3467 I DisplayDeviceRepository: Display device added: DisplayDeviceInfo{"Built-in Screen": uniqueId="local:0", 1920 x 1080, modeId 1, defaultModeId 1, supportedModes [{id=1, width=1920, height=1080, fps=60.000004, alternativeRefreshRates=[]}], colorMode 0, supportedColorModes [0], hdrCapabilities HdrCapabilities{mSupportedHdrTypes=[2, 3], mMaxLuminance=500.0, mMaxAverageLuminance=500.0, mMinLuminance=0.0}, allmSupported false, gameContentTypeSupported false, density 160, 304.0 x 304.0 dpi, appVsyncOff 1000000, presDeadline 16666666, touch INTERNAL, rotation 0, type INTERNAL, address {port=0}, deviceProductInfo null, state UNKNOWN, committedState UNKNOWN, frameRateOverride , brightnessMinimum 0.0, brightnessMaximum 1.0, brightnessDefault 0.39763778, FLAG_ALLOWED_TO_BE_DEFAULT_DISPLAY, FLAG_ROTATES_WITH_CONTENT, FLAG_SECURE, FLAG_SUPPORTS_PROTECTED_BUFFERS, installOrientation 0}
10-19 17:06:14.143  3442  3467 I LogicalDisplayMapper: Applying layout: [{addr: {port=0}, dispId: 0(ON)}], Previous layout: null
10-19 17:06:14.145  3442  3467 I LogicalDisplayMapper: Adding new display: 0: DisplayInfo{"Built-in Screen", displayId 0", displayGroupId -1, FLAG_SECURE, FLAG_SUPPORTS_PROTECTED_BUFFERS, FLAG_TRUSTED, real 1920 x 1080, largest app 1920 x 1080, smallest app 1920 x 1080, appVsyncOff 1000000, presDeadline 16666666, mode 1, defaultMode 1, modes [{id=1, width=1920, height=1080, fps=60.000004, alternativeRefreshRates=[]}], hdrCapabilities HdrCapabilities{mSupportedHdrTypes=[2, 3], mMaxLuminance=500.0, mMaxAverageLuminance=500.0, mMinLuminance=0.0}, userDisabledHdrTypes [], minimalPostProcessingSupported false, rotation 0, state UNKNOWN, committedState UNKNOWN, type INTERNAL, uniqueId "local:0", app 1920 x 1080, density 160 (304.0 x 304.0) dpi, layerStack 0, colorMode 0, supportedColorModes [0], address {port=0}, deviceProductInfo null, removeMode 0, refreshRateOverride 0.0, brightnessMinimum 0.0, brightnessMaximum 1.0, brightnessDefault 0.39763778, installOrientation ROTATION_0}
10-19 17:06:14.145  3442  3467 I LogicalDisplayMapper: Setting new display group 0 for display 0, from previous group: null
10-19 17:06:14.146  3442  3467 W android.permission.PermissionManager: Missing ActivityManager; assuming 1000 holds android.permission.READ_DEVICE_CONFIG
10-19 17:06:14.161  3442  3442 W SystemServiceManager: Service com.android.server.display.DisplayManagerService took 995 ms in onBootPhase
10-19 17:06:14.162  3442  3442 V SystemServerTiming: OnBootPhase_100_com.android.server.display.DisplayManagerService took to complete: 995ms
10-19 17:06:14.162  3442  3442 V SystemServerTiming: OnBootPhase_100 took to complete: 996ms
10-19 17:06:14.162  3442  3442 V SystemServerTiming: WaitForDisplay took to complete: 996ms
10-19 17:06:14.162  3442  3442 D SystemServerTiming: StartDomainVerificationService
10-19 17:06:14.167  3442  3442 V SystemServerTiming: StartDomainVerificationService took to complete: 5ms
10-19 17:06:14.167  3442  3442 D SystemServerTiming: StartPackageManagerService
10-19 17:06:14.167  3442  3442 I Watchdog: Pausing HandlerChecker: main thread for reason: packagemanagermain. Pause count: 1
10-19 17:06:14.170  3442  3442 D PackageManagerTiming: create package manager
10-19 17:06:14.177  3442  3442 D PackageManagerTiming: createSubComponents
10-19 17:06:14.196  3442  3442 V PackageManagerTiming: createSubComponents took to complete: 19ms
10-19 17:06:14.196  3442  3442 D PackageManagerTiming: addSharedUsers
10-19 17:06:14.196  3442  3442 V PackageManagerTiming: addSharedUsers took to complete: 0ms
10-19 17:06:14.196  3442  3442 W BackgroundDexOptService: SysProp pm.dexopt.downgrade_after_inactive_days not set
10-19 17:06:14.197  3442  3442 D PackageManagerTiming: get system config
10-19 17:06:14.197  3442  3442 V PackageManagerTiming: get system config took to complete: 0ms
10-19 17:06:14.201  3442  3442 D SELinuxMMAC: Using policy file /system/etc/selinux/plat_mac_permissions.xml
10-19 17:06:14.204  3442  3442 D SELinuxMMAC: Using policy file /system_ext/etc/selinux/system_ext_mac_permissions.xml
10-19 17:06:14.205  3442  3442 D SELinuxMMAC: Using policy file /vendor/etc/selinux/vendor_mac_permissions.xml
10-19 17:06:14.206  3442  3442 D PackageManagerTiming: loadFallbacks
10-19 17:06:14.207  3442  3442 V PackageManagerTiming: loadFallbacks took to complete: 2ms
10-19 17:06:14.207  3442  3442 D PackageManagerTiming: read user settings
10-19 17:06:14.312  3442  3442 E PackageManager: Package com.android.providers.telephony was user id 0 but is now user SharedUserSetting{2a40ea6 android.uid.phone/1001} with id 1001; I am not changing its files so it will probably fail!
10-19 17:06:14.314  3442  3442 E PackageManager: Package com.android.dynsystem was user id 0 but is now user SharedUserSetting{6d26b3d android.uid.system/1000} with id 1000; I am not changing its files so it will probably fail!
10-19 17:06:14.315  3442  3442 E PackageManager: Package com.android.providers.calendar was user id 0 but is now user SharedUserSetting{d53c600 android.uid.calendar/10073} with id 10073; I am not changing its files so it will probably fail!
10-19 17:06:14.315  3442  3442 E PackageManager: Package com.android.providers.media was user id 0 but is now user SharedUserSetting{6a725df android.media/10064} with id 10064; I am not changing its files so it will probably fail!
10-19 17:06:14.316  3442  3442 E PackageManager: Package com.android.mms.service was user id 0 but is now user SharedUserSetting{2a40ea6 android.uid.phone/1001} with id 1001; I am not changing its files so it will probably fail!
10-19 17:06:14.317  3442  3442 E PackageManager: Package com.android.providers.downloads was user id 0 but is now user SharedUserSetting{6a725df android.media/10064} with id 10064; I am not changing its files so it will probably fail!
10-19 17:06:14.318  3442  3442 E PackageManager: Package com.voodik.bgservices was user id 0 but is now user SharedUserSetting{6d26b3d android.uid.system/1000} with id 1000; I am not changing its files so it will probably fail!
10-19 17:06:14.318  3442  3442 E PackageManager: Package com.android.providers.downloads.ui was user id 0 but is now user SharedUserSetting{6a725df android.media/10064} with id 10064; I am not changing its files so it will probably fail!
10-19 17:06:14.319  3442  3442 E PackageManager: Package com.android.networkstack was user id 0 but is now user SharedUserSetting{14108e2 android.uid.networkstack/1073} with id 1073; I am not changing its files so it will probably fail!
10-19 17:06:14.320  3442  3442 E PackageManager: Package com.google.android.marvin.talkback was user id 0 but is now user SharedUserSetting{2df67a9 com.google.android.marvin.feedback/10119} with id 10119; I am not changing its files so it will probably fail!
10-19 17:06:14.321  3442  3442 E PackageManager: Package android was user id 0 but is now user SharedUserSetting{6d26b3d android.uid.system/1000} with id 1000; I am not changing its files so it will probably fail!
10-19 17:06:14.322  3442  3442 E PackageManager: Package com.android.mtp was user id 0 but is now user SharedUserSetting{6a725df android.media/10064} with id 10064; I am not changing its files so it will probably fail!
10-19 17:06:14.323  3442  3442 E PackageManager: Package com.android.nfc was user id 0 but is now user SharedUserSetting{4a33448 android.uid.nfc/1027} with id 1027; I am not changing its files so it will probably fail!
10-19 17:06:14.324  3442  3442 E PackageManager: Package com.android.providers.settings was user id 0 but is now user SharedUserSetting{6d26b3d android.uid.system/1000} with id 1000; I am not changing its files so it will probably fail!
10-19 17:06:14.325  3442  3442 E PackageManager: Package com.android.se was user id 0 but is now user SharedUserSetting{88a4c1d android.uid.se/1068} with id 1068; I am not changing its files so it will probably fail!
10-19 17:06:14.325  3442  3442 E PackageManager: Package com.android.inputdevices was user id 0 but is now user SharedUserSetting{6d26b3d android.uid.system/1000} with id 1000; I am not changing its files so it will probably fail!
10-19 17:06:14.326  3442  3442 E PackageManager: Package com.android.server.telecom was user id 0 but is now user SharedUserSetting{6d26b3d android.uid.system/1000} with id 1000; I am not changing its files so it will probably fail!
10-19 17:06:14.326  3442  3442 E PackageManager: Package com.android.keychain was user id 0 but is now user SharedUserSetting{6d26b3d android.uid.system/1000} with id 1000; I am not changing its files so it will probably fail!
10-19 17:06:14.327  3442  3442 E PackageManager: Package com.google.android.gms was user id 0 but is now user SharedUserSetting{283dea com.google.uid.shared/10098} with id 10098; I am not changing its files so it will probably fail!
10-19 17:06:14.327  3442  3442 E PackageManager: Package com.google.android.gsf was user id 0 but is now user SharedUserSetting{283dea com.google.uid.shared/10098} with id 10098; I am not changing its files so it will probably fail!
10-19 17:06:14.328  3442  3442 E PackageManager: Package com.android.localtransport was user id 0 but is now user SharedUserSetting{6d26b3d android.uid.system/1000} with id 1000; I am not changing its files so it will probably fail!
10-19 17:06:14.328  3442  3442 E PackageManager: Package com.hardkernel.odroid.settings was user id 0 but is now user SharedUserSetting{6d26b3d android.uid.system/1000} with id 1000; I am not changing its files so it will probably fail!
10-19 17:06:14.328  3442  3442 E PackageManager: Package com.google.android.syncadapters.calendar was user id 0 but is now user SharedUserSetting{98a8853 com.google.android.calendar.uid.shared/10106} with id 10106; I am not changing its files so it will probably fail!
10-19 17:06:14.329  3442  3442 E PackageManager: Package com.android.networkstack.tethering was user id 0 but is now user SharedUserSetting{14108e2 android.uid.networkstack/1073} with id 1073; I am not changing its files so it will probably fail!
10-19 17:06:14.329  3442  3442 E PackageManager: Package com.android.soundpicker was user id 0 but is now user SharedUserSetting{6a725df android.media/10064} with id 10064; I am not changing its files so it will probably fail!
10-19 17:06:14.329  3442  3442 E PackageManager: Package com.android.settings was user id 0 but is now user SharedUserSetting{6d26b3d android.uid.system/1000} with id 1000; I am not changing its files so it will probably fail!
10-19 17:06:14.330  3442  3442 E PackageManager: Package com.termux was user id 0 but is now user SharedUserSetting{76e76a8 com.termux/10152} with id 10152; I am not changing its files so it will probably fail!
10-19 17:06:14.330  3442  3442 E PackageManager: Package com.google.android.projection.gearhead was user id 0 but is now user SharedUserSetting{7496ca7 com.google.android.projection.gearhead/10096} with id 10096; I am not changing its files so it will probably fail!
10-19 17:06:14.331  3442  3442 E PackageManager: Package com.android.cts.ctsshim was user id 0 but is now user SharedUserSetting{7439df2 com.android.cts.ctsshim/10083} with id 10083; I am not changing its files so it will probably fail!
10-19 17:06:14.331  3442  3442 E PackageManager: Package com.voodik.vmiracast was user id 0 but is now user SharedUserSetting{6d26b3d android.uid.system/1000} with id 1000; I am not changing its files so it will probably fail!
10-19 17:06:14.331  3442  3442 E PackageManager: Package org.lineageos.lineageparts was user id 0 but is now user SharedUserSetting{6d26b3d android.uid.system/1000} with id 1000; I am not changing its files so it will probably fail!
10-19 17:06:14.332  3442  3442 E PackageManager: Package org.lineageos.lineagesettings was user id 0 but is now user SharedUserSetting{6d26b3d android.uid.system/1000} with id 1000; I am not changing its files so it will probably fail!
10-19 17:06:14.332  3442  3442 E PackageManager: Package lineageos.platform was user id 0 but is now user SharedUserSetting{6d26b3d android.uid.system/1000} with id 1000; I am not changing its files so it will probably fail!
10-19 17:06:14.333  3442  3442 E PackageManager: Package com.android.shell was user id 0 but is now user SharedUserSetting{a4cc131 android.uid.shell/2000} with id 2000; I am not changing its files so it will probably fail!
10-19 17:06:14.334  3442  3442 E PackageManager: Package com.android.wallpaperbackup was user id 0 but is now user SharedUserSetting{6d26b3d android.uid.system/1000} with id 1000; I am not changing its files so it will probably fail!
10-19 17:06:14.335  3442  3442 E PackageManager: Package com.android.providers.blockednumber was user id 0 but is now user SharedUserSetting{31b67a2 android.uid.shared/10061} with id 10061; I am not changing its files so it will probably fail!
10-19 17:06:14.336  3442  3442 E PackageManager: Package com.android.providers.userdictionary was user id 0 but is now user SharedUserSetting{31b67a2 android.uid.shared/10061} with id 10061; I am not changing its files so it will probably fail!
10-19 17:06:14.337  3442  3442 E PackageManager: Package com.android.location.fused was user id 0 but is now user SharedUserSetting{6d26b3d android.uid.system/1000} with id 1000; I am not changing its files so it will probably fail!
10-19 17:06:14.337  3442  3442 E PackageManager: Package com.android.systemui was user id 0 but is now user SharedUserSetting{b59ef25 android.uid.systemui/10130} with id 10130; I am not changing its files so it will probably fail!
10-19 17:06:14.339  3442  3442 E PackageManager: Package com.android.bluetooth was user id 0 but is now user SharedUserSetting{e4a6908 android.uid.bluetooth/1002} with id 1002; I am not changing its files so it will probably fail!
10-19 17:06:14.340  3442  3442 E PackageManager: Package com.android.providers.contacts was user id 0 but is now user SharedUserSetting{31b67a2 android.uid.shared/10061} with id 10061; I am not changing its files so it will probably fail!
10-19 17:06:14.386  3442  3442 V SLog    : static_init took to complete: 2ms
10-19 17:06:14.387  3442  3442 W PackageSettings: Missing permission state for package com.android.uwb.resources on user 0
10-19 17:06:14.387  3442  3442 W PackageSettings: Missing permission state for package com.android.internal.display.cutout.emulation.corner on user 0
10-19 17:06:14.387  3442  3442 W PackageSettings: Missing permission state for package org.lineageos.overlay.customization.blacktheme on user 0
10-19 17:06:14.387  3442  3442 W PackageSettings: Missing permission state for package com.android.internal.display.cutout.emulation.double on user 0
10-19 17:06:14.387  3442  3442 W PackageSettings: Missing permission state for package com.android.theme.icon.pebble on user 0
10-19 17:06:14.387  3442  3442 W PackageSettings: Missing permission state for package com.android.theme.icon.square on user 0
10-19 17:06:14.387  3442  3442 W PackageSettings: Missing permission state for package com.android.internal.systemui.navbar.gestural_wide_back on user 0
10-19 17:06:14.387  3442  3442 W PackageSettings: Missing permission state for package com.android.theme.icon.vessel on user 0
10-19 17:06:14.387  3442  3442 W PackageSettings: Missing permission state for package com.android.theme.icon_pack.victor.settings on user 0
10-19 17:06:14.387  3442  3442 W PackageSettings: Missing permission state for package com.android.theme.icon_pack.rounded.systemui on user 0
10-19 17:06:14.387  3442  3442 W PackageSettings: Missing permission state for package com.android.theme.icon.taperedrect on user 0
10-19 17:06:14.387  3442  3442 W PackageSettings: Missing permission state for package com.android.htmlviewer on user 0
10-19 17:06:14.387  3442  3442 W PackageSettings: Missing permission state for package com.android.theme.icon_pack.rounded.android on user 0
10-19 17:06:14.387  3442  3442 W PackageSettings: Missing permission state for package com.android.overlay.lineage.framework.odroid on user 0
10-19 17:06:14.387  3442  3442 W PackageSettings: Missing permission state for package com.android.overlay.settingsprovider.odroid on user 0
10-19 17:06:14.387  3442  3442 W PackageSettings: Missing permission state for package com.android.theme.icon_pack.victor.systemui on user 0
10-19 17:06:14.388  3442  3442 W PackageSettings: Missing permission state for package com.android.connectivity.resources on user 0
10-19 17:06:14.388  3442  3442 W PackageSettings: Missing permission state for package com.android.internal.display.cutout.emulation.hole on user 0
10-19 17:06:14.388  3442  3442 W PackageSettings: Missing permission state for package com.android.internal.display.cutout.emulation.tall on user 0
10-19 17:06:14.388  3442  3442 W PackageSettings: Missing permission state for package com.android.networkstack.overlay on user 0
10-19 17:06:14.388  3442  3442 W PackageSettings: Missing permission state for package com.android.internal.systemui.navbar.threebutton on user 0
10-19 17:06:14.388  3442  3442 W PackageSettings: Missing permission state for package com.android.overlay.systemui.odroid on user 0
10-19 17:06:14.388  3442  3442 W PackageSettings: Missing permission state for package com.android.theme.icon_pack.rounded.launcher on user 0
10-19 17:06:14.388  3442  3442 W PackageSettings: Missing permission state for package com.android.theme.icon_pack.kai.settings on user 0
10-19 17:06:14.388  3442  3442 W PackageSettings: Missing permission state for package com.android.internal.systemui.navbar.twobutton on user 0
10-19 17:06:14.388  3442  3442 W PackageSettings: Missing permission state for package com.android.theme.icon_pack.sam.settings on user 0
10-19 17:06:14.388  3442  3442 W PackageSettings: Missing permission state for package com.mtg.gmssettingsprovideroverlay on user 0
10-19 17:06:14.388  3442  3442 W PackageSettings: Missing permission state for package com.android.internal.systemui.navbar.gestural_extra_wide_back on user 0
10-19 17:06:14.388  3442  3442 W PackageSettings: Missing permission state for package com.android.theme.icon_pack.victor.launcher on user 0
10-19 17:06:14.389  3442  3442 W PackageSettings: Missing permission state for package com.android.overlay.framework.odroid on user 0
10-19 17:06:14.389  3442  3442 W PackageSettings: Missing permission state for package com.android.theme.icon_pack.filled.settings on user 0
10-19 17:06:14.389  3442  3442 W PackageSettings: Missing permission state for package com.android.dreams.basic on user 0
10-19 17:06:14.389  3442  3442 W PackageSettings: Missing permission state for package com.android.theme.icon_pack.kai.systemui on user 0
10-19 17:06:14.389  3442  3442 W PackageSettings: Missing permission state for package com.android.launcher3.overlay on user 0
10-19 17:06:14.389  3442  3442 W PackageSettings: Missing permission state for package com.android.theme.icon_pack.circular.settings on user 0
10-19 17:06:14.389  3442  3442 W PackageSettings: Missing permission state for package com.android.overlay.wifi.resources.odroid on user 0
10-19 17:06:14.389  3442  3442 W PackageSettings: Missing permission state for package com.android.theme.icon_pack.sam.systemui on user 0
10-19 17:06:14.389  3442  3442 W PackageSettings: Missing permission state for package org.lineageos.overlay.font.rubik on user 0
10-19 17:06:14.389  3442  3442 W PackageSettings: Missing permission state for package com.android.theme.icon.teardrop on user 0
10-19 17:06:14.389  3442  3442 W PackageSettings: Missing permission state for package android.ext.shared on user 0
10-19 17:06:14.389  3442  3442 W PackageSettings: Missing permission state for package com.android.theme.icon_pack.filled.systemui on user 0
10-19 17:06:14.389  3442  3442 W PackageSettings: Missing permission state for package com.android.wifi.resources on user 0
10-19 17:06:14.389  3442  3442 W PackageSettings: Missing permission state for package com.android.cameraextensions on user 0
10-19 17:06:14.389  3442  3442 W PackageSettings: Missing permission state for package com.mtg.gmsoverlay on user 0
10-19 17:06:14.390  3442  3442 W PackageSettings: Missing permission state for package com.android.theme.icon_pack.sam.android on user 0
10-19 17:06:14.390  3442  3442 W PackageSettings: Missing permission state for package com.android.theme.font.notoserifsource on user 0
10-19 17:06:14.390  3442  3442 W PackageSettings: Missing permission state for package com.android.theme.icon_pack.filled.android on user 0
10-19 17:06:14.390  3442  3442 W PackageSettings: Missing permission state for package com.android.internal.display.cutout.emulation.waterfall on user 0
10-19 17:06:14.390  3442  3442 W PackageSettings: Missing permission state for package com.android.theme.icon_pack.circular.systemui on user 0
10-19 17:06:14.390  3442  3442 W PackageSettings: Missing permission state for package com.android.overlay.documentsui.odroid on user 0
10-19 17:06:14.390  3442  3442 W PackageSettings: Missing permission state for package com.android.theme.icon_pack.kai.android on user 0
10-19 17:06:14.390  3442  3442 W PackageSettings: Missing permission state for package org.lineageos.overlay.customization.navbar.nohint on user 0
10-19 17:06:14.390  3442  3442 W PackageSettings: Missing permission state for package com.android.theme.icon_pack.kai.launcher on user 0
10-19 17:06:14.390  3442  3442 W PackageSettings: Missing permission state for package com.android.networkstack.tethering.odroid on user 0
10-19 17:06:14.390  3442  3442 W PackageSettings: Missing permission state for package org.lineageos.overlay.font.lato on user 0
10-19 17:06:14.390  3442  3442 W PackageSettings: Missing permission state for package com.android.theme.icon_pack.sam.launcher on user 0
10-19 17:06:14.390  3442  3442 W PackageSettings: Missing permission state for package com.android.theme.icon.squircle on user 0
10-19 17:06:14.390  3442  3442 W PackageSettings: Missing permission state for package com.android.overlay.bluetooth.odroid on user 0
10-19 17:06:14.390  3442  3442 W PackageSettings: Missing permission state for package com.android.theme.icon_pack.victor.android on user 0
10-19 17:06:14.391  3442  3442 W PackageSettings: Missing permission state for package com.android.bookmarkprovider on user 0
10-19 17:06:14.391  3442  3442 W PackageSettings: Missing permission state for package com.android.theme.icon_pack.filled.launcher on user 0
10-19 17:06:14.391  3442  3442 W PackageSettings: Missing permission state for package com.android.theme.icon_pack.circular.launcher on user 0
10-19 17:06:14.391  3442  3442 W PackageSettings: Missing permission state for package com.android.internal.systemui.navbar.gestural on user 0
10-19 17:06:14.391  3442  3442 W PackageSettings: Missing permission state for package org.lineageos.backgrounds on user 0
10-19 17:06:14.391  3442  3442 W PackageSettings: Missing permission state for package com.android.documentsui.overlay on user 0
10-19 17:06:14.391  3442  3442 W PackageSettings: Missing permission state for package com.android.theme.icon.roundedrect on user 0
